[2024-11-07T20:23:33.984-0800][gc,init] CardTable entry size: 512
[2024-11-07T20:23:33.984-0800][gc     ] Using G1
[2024-11-07T20:23:33.989-0800][gc,init] Version: 19.0.1+10-21 (release)
[2024-11-07T20:23:33.989-0800][gc,init] CPUs: 10 total, 10 available
[2024-11-07T20:23:33.989-0800][gc,init] Memory: 16384M
[2024-11-07T20:23:33.989-0800][gc,init] Large Page Support: Disabled
[2024-11-07T20:23:33.989-0800][gc,init] NUMA Support: Disabled
[2024-11-07T20:23:33.989-0800][gc,init] Compressed Oops: Enabled (Zero based)
[2024-11-07T20:23:33.989-0800][gc,init] Heap Region Size: 1M
[2024-11-07T20:23:33.989-0800][gc,init] Heap Min Capacity: 1G
[2024-11-07T20:23:33.989-0800][gc,init] Heap Initial Capacity: 1G
[2024-11-07T20:23:33.989-0800][gc,init] Heap Max Capacity: 1G
[2024-11-07T20:23:33.989-0800][gc,init] Pre-touch: Disabled
[2024-11-07T20:23:33.989-0800][gc,init] Parallel Workers: 9
[2024-11-07T20:23:33.989-0800][gc,init] Concurrent Workers: 2
[2024-11-07T20:23:33.989-0800][gc,init] Concurrent Refinement Workers: 9
[2024-11-07T20:23:33.989-0800][gc,init] Periodic GC: Disabled
[2024-11-07T20:23:33.989-0800][gc,metaspace] CDS archive(s) mapped at: [0x0000000800000000-0x0000000800c44000-0x0000000800c44000), size 12861440, SharedBaseAddress: 0x0000000800000000, ArchiveRelocationMode: 0.
[2024-11-07T20:23:33.989-0800][gc,metaspace] Compressed class space mapped at: 0x0000000801000000-0x0000000841000000, reserved size: 1073741824
[2024-11-07T20:23:33.989-0800][gc,metaspace] Narrow klass base: 0x0000000800000000, Narrow klass shift: 0, Narrow klass range: 0x100000000
[2024-11-07T20:23:35.402-0800][gc,start    ] GC(0) Pause Young (Normal) (G1 Evacuation Pause)
[2024-11-07T20:23:35.402-0800][gc,task     ] GC(0) Using 9 workers of 9 for evacuation
[2024-11-07T20:23:35.416-0800][gc,phases   ] GC(0)   Pre Evacuate Collection Set: 0.2ms
[2024-11-07T20:23:35.416-0800][gc,phases   ] GC(0)   Merge Heap Roots: 0.1ms
[2024-11-07T20:23:35.416-0800][gc,phases   ] GC(0)   Evacuate Collection Set: 12.5ms
[2024-11-07T20:23:35.416-0800][gc,phases   ] GC(0)   Post Evacuate Collection Set: 0.6ms
[2024-11-07T20:23:35.416-0800][gc,phases   ] GC(0)   Other: 0.5ms
[2024-11-07T20:23:35.416-0800][gc,heap     ] GC(0) Eden regions: 51->0(44)
[2024-11-07T20:23:35.416-0800][gc,heap     ] GC(0) Survivor regions: 0->7(7)
[2024-11-07T20:23:35.416-0800][gc,heap     ] GC(0) Old regions: 0->1
[2024-11-07T20:23:35.416-0800][gc,heap     ] GC(0) Archive regions: 2->2
[2024-11-07T20:23:35.416-0800][gc,heap     ] GC(0) Humongous regions: 0->0
[2024-11-07T20:23:35.416-0800][gc,metaspace] GC(0) Metaspace: 18008K(18240K)->18008K(18240K) NonClass: 15924K(16064K)->15924K(16064K) Class: 2083K(2176K)->2083K(2176K)
[2024-11-07T20:23:35.416-0800][gc          ] GC(0) Pause Young (Normal) (G1 Evacuation Pause) 51M->8M(1024M) 14.140ms
[2024-11-07T20:23:35.416-0800][gc,cpu      ] GC(0) User=0.03s Sys=0.01s Real=0.01s
[2024-11-07T20:23:35.678-0800][gc,start    ] GC(1) Pause Young (Concurrent Start) (Metadata GC Threshold)
[2024-11-07T20:23:35.679-0800][gc,task     ] GC(1) Using 9 workers of 9 for evacuation
[2024-11-07T20:23:35.688-0800][gc,phases   ] GC(1)   Pre Evacuate Collection Set: 0.2ms
[2024-11-07T20:23:35.688-0800][gc,phases   ] GC(1)   Merge Heap Roots: 0.1ms
[2024-11-07T20:23:35.688-0800][gc,phases   ] GC(1)   Evacuate Collection Set: 9.1ms
[2024-11-07T20:23:35.688-0800][gc,phases   ] GC(1)   Post Evacuate Collection Set: 0.3ms
[2024-11-07T20:23:35.688-0800][gc,phases   ] GC(1)   Other: 0.1ms
[2024-11-07T20:23:35.688-0800][gc,heap     ] GC(1) Eden regions: 12->0(50)
[2024-11-07T20:23:35.688-0800][gc,heap     ] GC(1) Survivor regions: 7->1(7)
[2024-11-07T20:23:35.688-0800][gc,heap     ] GC(1) Old regions: 1->8
[2024-11-07T20:23:35.688-0800][gc,heap     ] GC(1) Archive regions: 2->2
[2024-11-07T20:23:35.688-0800][gc,heap     ] GC(1) Humongous regions: 0->0
[2024-11-07T20:23:35.688-0800][gc,metaspace] GC(1) Metaspace: 21235K(21504K)->21235K(21504K) NonClass: 18781K(18880K)->18781K(18880K) Class: 2453K(2624K)->2453K(2624K)
[2024-11-07T20:23:35.688-0800][gc          ] GC(1) Pause Young (Concurrent Start) (Metadata GC Threshold) 20M->9M(1024M) 9.875ms
[2024-11-07T20:23:35.688-0800][gc,cpu      ] GC(1) User=0.02s Sys=0.02s Real=0.01s
[2024-11-07T20:23:35.689-0800][gc          ] GC(2) Concurrent Mark Cycle
[2024-11-07T20:23:35.689-0800][gc,marking  ] GC(2) Concurrent Clear Claimed Marks
[2024-11-07T20:23:35.689-0800][gc,marking  ] GC(2) Concurrent Clear Claimed Marks 0.017ms
[2024-11-07T20:23:35.689-0800][gc,marking  ] GC(2) Concurrent Scan Root Regions
[2024-11-07T20:23:35.692-0800][gc,marking  ] GC(2) Concurrent Scan Root Regions 3.130ms
[2024-11-07T20:23:35.692-0800][gc,marking  ] GC(2) Concurrent Mark
[2024-11-07T20:23:35.692-0800][gc,marking  ] GC(2) Concurrent Mark From Roots
[2024-11-07T20:23:35.692-0800][gc,task     ] GC(2) Using 2 workers of 2 for marking
[2024-11-07T20:23:35.693-0800][gc,marking  ] GC(2) Concurrent Mark From Roots 1.106ms
[2024-11-07T20:23:35.693-0800][gc,marking  ] GC(2) Concurrent Preclean
[2024-11-07T20:23:35.693-0800][gc,marking  ] GC(2) Concurrent Preclean 0.020ms
[2024-11-07T20:23:35.694-0800][gc,start    ] GC(2) Pause Remark
[2024-11-07T20:23:35.702-0800][gc          ] GC(2) Pause Remark 10M->10M(1024M) 7.941ms
[2024-11-07T20:23:35.702-0800][gc,cpu      ] GC(2) User=0.01s Sys=0.01s Real=0.01s
[2024-11-07T20:23:35.704-0800][gc,marking  ] GC(2) Concurrent Mark 12.228ms
[2024-11-07T20:23:35.704-0800][gc,marking  ] GC(2) Concurrent Rebuild Remembered Sets
[2024-11-07T20:23:35.706-0800][gc,marking  ] GC(2) Concurrent Rebuild Remembered Sets 1.759ms
[2024-11-07T20:23:35.706-0800][gc,start    ] GC(2) Pause Cleanup
[2024-11-07T20:23:35.706-0800][gc          ] GC(2) Pause Cleanup 10M->10M(1024M) 0.112ms
[2024-11-07T20:23:35.707-0800][gc,cpu      ] GC(2) User=0.00s Sys=0.00s Real=0.00s
[2024-11-07T20:23:35.707-0800][gc,marking  ] GC(2) Concurrent Cleanup for Next Mark
[2024-11-07T20:23:35.711-0800][gc,marking  ] GC(2) Concurrent Cleanup for Next Mark 4.247ms
[2024-11-07T20:23:35.711-0800][gc          ] GC(2) Concurrent Mark Cycle 22.514ms
[2024-11-07T20:23:36.494-0800][gc,start    ] GC(3) Pause Young (Normal) (G1 Evacuation Pause)
[2024-11-07T20:23:36.494-0800][gc,task     ] GC(3) Using 9 workers of 9 for evacuation
[2024-11-07T20:23:36.498-0800][gc,phases   ] GC(3)   Pre Evacuate Collection Set: 0.1ms
[2024-11-07T20:23:36.498-0800][gc,phases   ] GC(3)   Merge Heap Roots: 0.1ms
[2024-11-07T20:23:36.498-0800][gc,phases   ] GC(3)   Evacuate Collection Set: 2.8ms
[2024-11-07T20:23:36.498-0800][gc,phases   ] GC(3)   Post Evacuate Collection Set: 0.4ms
[2024-11-07T20:23:36.498-0800][gc,phases   ] GC(3)   Other: 0.1ms
[2024-11-07T20:23:36.498-0800][gc,heap     ] GC(3) Eden regions: 50->0(45)
[2024-11-07T20:23:36.498-0800][gc,heap     ] GC(3) Survivor regions: 1->6(7)
[2024-11-07T20:23:36.498-0800][gc,heap     ] GC(3) Old regions: 8->8
[2024-11-07T20:23:36.498-0800][gc,heap     ] GC(3) Archive regions: 2->2
[2024-11-07T20:23:36.498-0800][gc,heap     ] GC(3) Humongous regions: 129->129
[2024-11-07T20:23:36.498-0800][gc,metaspace] GC(3) Metaspace: 33172K(33472K)->33172K(33472K) NonClass: 29629K(29760K)->29629K(29760K) Class: 3542K(3712K)->3542K(3712K)
[2024-11-07T20:23:36.498-0800][gc          ] GC(3) Pause Young (Normal) (G1 Evacuation Pause) 188M->143M(1024M) 3.584ms
[2024-11-07T20:23:36.498-0800][gc,cpu      ] GC(3) User=0.02s Sys=0.01s Real=0.00s
[2024-11-07T20:23:36.689-0800][gc,start    ] GC(4) Pause Young (Concurrent Start) (Metadata GC Threshold)
[2024-11-07T20:23:36.689-0800][gc,task     ] GC(4) Using 9 workers of 9 for evacuation
[2024-11-07T20:23:36.692-0800][gc,phases   ] GC(4)   Pre Evacuate Collection Set: 0.2ms
[2024-11-07T20:23:36.693-0800][gc,phases   ] GC(4)   Merge Heap Roots: 0.1ms
[2024-11-07T20:23:36.693-0800][gc,phases   ] GC(4)   Evacuate Collection Set: 3.0ms
[2024-11-07T20:23:36.693-0800][gc,phases   ] GC(4)   Post Evacuate Collection Set: 0.3ms
[2024-11-07T20:23:36.693-0800][gc,phases   ] GC(4)   Other: 0.1ms
[2024-11-07T20:23:36.693-0800][gc,heap     ] GC(4) Eden regions: 12->0(50)
[2024-11-07T20:23:36.693-0800][gc,heap     ] GC(4) Survivor regions: 6->1(7)
[2024-11-07T20:23:36.693-0800][gc,heap     ] GC(4) Old regions: 8->14
[2024-11-07T20:23:36.693-0800][gc,heap     ] GC(4) Archive regions: 2->2
[2024-11-07T20:23:36.693-0800][gc,heap     ] GC(4) Humongous regions: 129->129
[2024-11-07T20:23:36.693-0800][gc,metaspace] GC(4) Metaspace: 35678K(35968K)->35678K(35968K) NonClass: 31913K(32064K)->31913K(32064K) Class: 3765K(3904K)->3765K(3904K)
[2024-11-07T20:23:36.693-0800][gc          ] GC(4) Pause Young (Concurrent Start) (Metadata GC Threshold) 154M->144M(1024M) 3.777ms
[2024-11-07T20:23:36.693-0800][gc,cpu      ] GC(4) User=0.02s Sys=0.00s Real=0.01s
[2024-11-07T20:23:36.693-0800][gc          ] GC(5) Concurrent Mark Cycle
[2024-11-07T20:23:36.693-0800][gc,marking  ] GC(5) Concurrent Clear Claimed Marks
[2024-11-07T20:23:36.693-0800][gc,marking  ] GC(5) Concurrent Clear Claimed Marks 0.015ms
[2024-11-07T20:23:36.693-0800][gc,marking  ] GC(5) Concurrent Scan Root Regions
[2024-11-07T20:23:36.694-0800][gc,marking  ] GC(5) Concurrent Scan Root Regions 1.794ms
[2024-11-07T20:23:36.695-0800][gc,marking  ] GC(5) Concurrent Mark
[2024-11-07T20:23:36.695-0800][gc,marking  ] GC(5) Concurrent Mark From Roots
[2024-11-07T20:23:36.695-0800][gc,task     ] GC(5) Using 2 workers of 2 for marking
[2024-11-07T20:23:36.698-0800][gc,marking  ] GC(5) Concurrent Mark From Roots 3.166ms
[2024-11-07T20:23:36.698-0800][gc,marking  ] GC(5) Concurrent Preclean
[2024-11-07T20:23:36.698-0800][gc,marking  ] GC(5) Concurrent Preclean 0.036ms
[2024-11-07T20:23:36.698-0800][gc,start    ] GC(5) Pause Remark
[2024-11-07T20:23:36.709-0800][gc          ] GC(5) Pause Remark 144M->144M(1024M) 11.061ms
[2024-11-07T20:23:36.709-0800][gc,cpu      ] GC(5) User=0.01s Sys=0.01s Real=0.01s
[2024-11-07T20:23:36.709-0800][gc,marking  ] GC(5) Concurrent Mark 14.601ms
[2024-11-07T20:23:36.709-0800][gc,marking  ] GC(5) Concurrent Rebuild Remembered Sets
[2024-11-07T20:23:36.712-0800][gc,marking  ] GC(5) Concurrent Rebuild Remembered Sets 3.105ms
[2024-11-07T20:23:36.712-0800][gc,start    ] GC(5) Pause Cleanup
[2024-11-07T20:23:36.713-0800][gc          ] GC(5) Pause Cleanup 145M->145M(1024M) 0.134ms
[2024-11-07T20:23:36.713-0800][gc,cpu      ] GC(5) User=0.00s Sys=0.00s Real=0.00s
[2024-11-07T20:23:36.713-0800][gc,marking  ] GC(5) Concurrent Cleanup for Next Mark
[2024-11-07T20:23:36.717-0800][gc,marking  ] GC(5) Concurrent Cleanup for Next Mark 3.789ms
[2024-11-07T20:23:36.717-0800][gc          ] GC(5) Concurrent Mark Cycle 23.937ms
[2024-11-07T20:26:25.874-0800][gc,start    ] GC(6) Pause Young (Normal) (G1 Evacuation Pause)
[2024-11-07T20:26:25.874-0800][gc,task     ] GC(6) Using 9 workers of 9 for evacuation
[2024-11-07T20:26:25.919-0800][gc,mmu      ] GC(6) MMU target violated: 21.0ms (20.0ms/21.0ms)
[2024-11-07T20:26:25.919-0800][gc,phases   ] GC(6)   Pre Evacuate Collection Set: 1.0ms
[2024-11-07T20:26:25.919-0800][gc,phases   ] GC(6)   Merge Heap Roots: 0.4ms
[2024-11-07T20:26:25.919-0800][gc,phases   ] GC(6)   Evacuate Collection Set: 42.4ms
[2024-11-07T20:26:25.919-0800][gc,phases   ] GC(6)   Post Evacuate Collection Set: 0.7ms
[2024-11-07T20:26:25.919-0800][gc,phases   ] GC(6)   Other: 0.2ms
[2024-11-07T20:26:25.919-0800][gc,heap     ] GC(6) Eden regions: 50->0(46)
[2024-11-07T20:26:25.919-0800][gc,heap     ] GC(6) Survivor regions: 1->5(7)
[2024-11-07T20:26:25.919-0800][gc,heap     ] GC(6) Old regions: 14->14
[2024-11-07T20:26:25.919-0800][gc,heap     ] GC(6) Archive regions: 2->2
[2024-11-07T20:26:25.919-0800][gc,heap     ] GC(6) Humongous regions: 129->129
[2024-11-07T20:26:25.919-0800][gc,metaspace] GC(6) Metaspace: 41861K(42432K)->41861K(42432K) NonClass: 37262K(37568K)->37262K(37568K) Class: 4598K(4864K)->4598K(4864K)
[2024-11-07T20:26:25.919-0800][gc          ] GC(6) Pause Young (Normal) (G1 Evacuation Pause) 194M->148M(1024M) 45.127ms
[2024-11-07T20:26:25.919-0800][gc,cpu      ] GC(6) User=0.04s Sys=0.12s Real=0.04s
[2024-11-07T20:31:32.005-0800][gc,start    ] GC(7) Pause Young (Normal) (G1 Evacuation Pause)
[2024-11-07T20:31:32.006-0800][gc,task     ] GC(7) Using 9 workers of 9 for evacuation
[2024-11-07T20:31:32.047-0800][gc,mmu      ] GC(7) MMU target violated: 21.0ms (20.0ms/21.0ms)
[2024-11-07T20:31:32.047-0800][gc,phases   ] GC(7)   Pre Evacuate Collection Set: 1.4ms
[2024-11-07T20:31:32.047-0800][gc,phases   ] GC(7)   Merge Heap Roots: 0.8ms
[2024-11-07T20:31:32.047-0800][gc,phases   ] GC(7)   Evacuate Collection Set: 38.5ms
[2024-11-07T20:31:32.047-0800][gc,phases   ] GC(7)   Post Evacuate Collection Set: 0.7ms
[2024-11-07T20:31:32.047-0800][gc,phases   ] GC(7)   Other: 0.5ms
[2024-11-07T20:31:32.047-0800][gc,heap     ] GC(7) Eden regions: 46->0(48)
[2024-11-07T20:31:32.047-0800][gc,heap     ] GC(7) Survivor regions: 5->3(7)
[2024-11-07T20:31:32.047-0800][gc,heap     ] GC(7) Old regions: 14->17
[2024-11-07T20:31:32.048-0800][gc,heap     ] GC(7) Archive regions: 2->2
[2024-11-07T20:31:32.048-0800][gc,heap     ] GC(7) Humongous regions: 129->129
[2024-11-07T20:31:32.048-0800][gc,metaspace] GC(7) Metaspace: 42061K(42624K)->42061K(42624K) NonClass: 37451K(37760K)->37451K(37760K) Class: 4609K(4864K)->4609K(4864K)
[2024-11-07T20:31:32.048-0800][gc          ] GC(7) Pause Young (Normal) (G1 Evacuation Pause) 194M->148M(1024M) 42.825ms
[2024-11-07T20:31:32.048-0800][gc,cpu      ] GC(7) User=0.07s Sys=0.06s Real=0.04s
[2024-11-07T20:37:29.613-0800][gc,start    ] GC(8) Pause Young (Normal) (G1 Evacuation Pause)
[2024-11-07T20:37:29.613-0800][gc,task     ] GC(8) Using 9 workers of 9 for evacuation
[2024-11-07T20:37:29.645-0800][gc,mmu      ] GC(8) MMU target violated: 21.0ms (20.0ms/21.0ms)
[2024-11-07T20:37:29.645-0800][gc,phases   ] GC(8)   Pre Evacuate Collection Set: 1.1ms
[2024-11-07T20:37:29.645-0800][gc,phases   ] GC(8)   Merge Heap Roots: 0.4ms
[2024-11-07T20:37:29.645-0800][gc,phases   ] GC(8)   Evacuate Collection Set: 29.6ms
[2024-11-07T20:37:29.645-0800][gc,phases   ] GC(8)   Post Evacuate Collection Set: 0.5ms
[2024-11-07T20:37:29.645-0800][gc,phases   ] GC(8)   Other: 0.4ms
[2024-11-07T20:37:29.645-0800][gc,heap     ] GC(8) Eden regions: 48->0(45)
[2024-11-07T20:37:29.645-0800][gc,heap     ] GC(8) Survivor regions: 3->6(7)
[2024-11-07T20:37:29.645-0800][gc,heap     ] GC(8) Old regions: 17->17
[2024-11-07T20:37:29.645-0800][gc,heap     ] GC(8) Archive regions: 2->2
[2024-11-07T20:37:29.645-0800][gc,heap     ] GC(8) Humongous regions: 129->129
[2024-11-07T20:37:29.645-0800][gc,metaspace] GC(8) Metaspace: 42162K(42688K)->42162K(42688K) NonClass: 37542K(37824K)->37542K(37824K) Class: 4620K(4864K)->4620K(4864K)
[2024-11-07T20:37:29.645-0800][gc          ] GC(8) Pause Young (Normal) (G1 Evacuation Pause) 196M->151M(1024M) 32.934ms
[2024-11-07T20:37:29.645-0800][gc,cpu      ] GC(8) User=0.05s Sys=0.06s Real=0.03s
[2024-11-07T20:43:17.152-0800][gc,start    ] GC(9) Pause Young (Normal) (G1 Evacuation Pause)
[2024-11-07T20:43:17.153-0800][gc,task     ] GC(9) Using 9 workers of 9 for evacuation
[2024-11-07T20:43:17.162-0800][gc,phases   ] GC(9)   Pre Evacuate Collection Set: 0.4ms
[2024-11-07T20:43:17.162-0800][gc,phases   ] GC(9)   Merge Heap Roots: 0.1ms
[2024-11-07T20:43:17.162-0800][gc,phases   ] GC(9)   Evacuate Collection Set: 8.2ms
[2024-11-07T20:43:17.162-0800][gc,phases   ] GC(9)   Post Evacuate Collection Set: 0.4ms
[2024-11-07T20:43:17.162-0800][gc,phases   ] GC(9)   Other: 0.1ms
[2024-11-07T20:43:17.162-0800][gc,heap     ] GC(9) Eden regions: 45->0(46)
[2024-11-07T20:43:17.162-0800][gc,heap     ] GC(9) Survivor regions: 6->5(7)
[2024-11-07T20:43:17.162-0800][gc,heap     ] GC(9) Old regions: 17->21
[2024-11-07T20:43:17.162-0800][gc,heap     ] GC(9) Archive regions: 2->2
[2024-11-07T20:43:17.162-0800][gc,heap     ] GC(9) Humongous regions: 129->129
[2024-11-07T20:43:17.162-0800][gc,metaspace] GC(9) Metaspace: 42284K(42880K)->42284K(42880K) NonClass: 37647K(37952K)->37647K(37952K) Class: 4636K(4928K)->4636K(4928K)
[2024-11-07T20:43:17.162-0800][gc          ] GC(9) Pause Young (Normal) (G1 Evacuation Pause) 196M->155M(1024M) 10.721ms
[2024-11-07T20:43:17.162-0800][gc,cpu      ] GC(9) User=0.03s Sys=0.03s Real=0.01s
[2024-11-07T20:49:21.528-0800][gc,start    ] GC(10) Pause Young (Normal) (G1 Evacuation Pause)
[2024-11-07T20:49:21.529-0800][gc,task     ] GC(10) Using 9 workers of 9 for evacuation
[2024-11-07T20:49:21.555-0800][gc,mmu      ] GC(10) MMU target violated: 21.0ms (20.0ms/21.0ms)
[2024-11-07T20:49:21.555-0800][gc,phases   ] GC(10)   Pre Evacuate Collection Set: 1.2ms
[2024-11-07T20:49:21.555-0800][gc,phases   ] GC(10)   Merge Heap Roots: 0.4ms
[2024-11-07T20:49:21.555-0800][gc,phases   ] GC(10)   Evacuate Collection Set: 22.9ms
[2024-11-07T20:49:21.555-0800][gc,phases   ] GC(10)   Post Evacuate Collection Set: 0.5ms
[2024-11-07T20:49:21.555-0800][gc,phases   ] GC(10)   Other: 0.5ms
[2024-11-07T20:49:21.555-0800][gc,heap     ] GC(10) Eden regions: 46->0(46)
[2024-11-07T20:49:21.555-0800][gc,heap     ] GC(10) Survivor regions: 5->5(7)
[2024-11-07T20:49:21.555-0800][gc,heap     ] GC(10) Old regions: 21->24
[2024-11-07T20:49:21.555-0800][gc,heap     ] GC(10) Archive regions: 2->2
[2024-11-07T20:49:21.555-0800][gc,heap     ] GC(10) Humongous regions: 129->129
[2024-11-07T20:49:21.555-0800][gc,metaspace] GC(10) Metaspace: 42401K(43008K)->42401K(43008K) NonClass: 37748K(38080K)->37748K(38080K) Class: 4652K(4928K)->4652K(4928K)
[2024-11-07T20:49:21.555-0800][gc          ] GC(10) Pause Young (Normal) (G1 Evacuation Pause) 201M->158M(1024M) 26.541ms
[2024-11-07T20:49:21.555-0800][gc,cpu      ] GC(10) User=0.06s Sys=0.07s Real=0.03s
[2024-11-07T20:52:58.218-0800][gc,heap,exit] Heap
[2024-11-07T20:52:58.219-0800][gc,heap,exit]  garbage-first heap   total 1048576K, used 205221K [0x00000007c0000000, 0x0000000800000000)
[2024-11-07T20:52:58.219-0800][gc,heap,exit]   region size 1024K, 47 young (48128K), 5 survivors (5120K)
[2024-11-07T20:52:58.219-0800][gc,heap,exit]  Metaspace       used 43786K, committed 44416K, reserved 1114112K
[2024-11-07T20:52:58.219-0800][gc,heap,exit]   class space    used 4902K, committed 5184K, reserved 1048576K
