[2024-11-07T20:11:22.120-0800][gc,init] CardTable entry size: 512
[2024-11-07T20:11:22.120-0800][gc     ] Using G1
[2024-11-07T20:11:22.124-0800][gc,init] Version: 19.0.1+10-21 (release)
[2024-11-07T20:11:22.124-0800][gc,init] CPUs: 10 total, 10 available
[2024-11-07T20:11:22.124-0800][gc,init] Memory: 16384M
[2024-11-07T20:11:22.124-0800][gc,init] Large Page Support: Disabled
[2024-11-07T20:11:22.124-0800][gc,init] NUMA Support: Disabled
[2024-11-07T20:11:22.124-0800][gc,init] Compressed Oops: Enabled (Zero based)
[2024-11-07T20:11:22.124-0800][gc,init] Heap Region Size: 1M
[2024-11-07T20:11:22.124-0800][gc,init] Heap Min Capacity: 1G
[2024-11-07T20:11:22.124-0800][gc,init] Heap Initial Capacity: 1G
[2024-11-07T20:11:22.124-0800][gc,init] Heap Max Capacity: 1G
[2024-11-07T20:11:22.124-0800][gc,init] Pre-touch: Disabled
[2024-11-07T20:11:22.124-0800][gc,init] Parallel Workers: 9
[2024-11-07T20:11:22.124-0800][gc,init] Concurrent Workers: 2
[2024-11-07T20:11:22.124-0800][gc,init] Concurrent Refinement Workers: 9
[2024-11-07T20:11:22.124-0800][gc,init] Periodic GC: Disabled
[2024-11-07T20:11:22.124-0800][gc,metaspace] CDS archive(s) mapped at: [0x0000000800000000-0x0000000800c44000-0x0000000800c44000), size 12861440, SharedBaseAddress: 0x0000000800000000, ArchiveRelocationMode: 0.
[2024-11-07T20:11:22.124-0800][gc,metaspace] Compressed class space mapped at: 0x0000000801000000-0x0000000841000000, reserved size: 1073741824
[2024-11-07T20:11:22.124-0800][gc,metaspace] Narrow klass base: 0x0000000800000000, Narrow klass shift: 0, Narrow klass range: 0x100000000
[2024-11-07T20:11:23.643-0800][gc,start    ] GC(0) Pause Young (Normal) (G1 Evacuation Pause)
[2024-11-07T20:11:23.644-0800][gc,task     ] GC(0) Using 9 workers of 9 for evacuation
[2024-11-07T20:11:23.658-0800][gc,phases   ] GC(0)   Pre Evacuate Collection Set: 0.1ms
[2024-11-07T20:11:23.658-0800][gc,phases   ] GC(0)   Merge Heap Roots: 0.1ms
[2024-11-07T20:11:23.658-0800][gc,phases   ] GC(0)   Evacuate Collection Set: 12.7ms
[2024-11-07T20:11:23.658-0800][gc,phases   ] GC(0)   Post Evacuate Collection Set: 0.7ms
[2024-11-07T20:11:23.658-0800][gc,phases   ] GC(0)   Other: 0.5ms
[2024-11-07T20:11:23.658-0800][gc,heap     ] GC(0) Eden regions: 51->0(44)
[2024-11-07T20:11:23.658-0800][gc,heap     ] GC(0) Survivor regions: 0->7(7)
[2024-11-07T20:11:23.658-0800][gc,heap     ] GC(0) Old regions: 0->2
[2024-11-07T20:11:23.658-0800][gc,heap     ] GC(0) Archive regions: 2->2
[2024-11-07T20:11:23.658-0800][gc,heap     ] GC(0) Humongous regions: 0->0
[2024-11-07T20:11:23.658-0800][gc,metaspace] GC(0) Metaspace: 17990K(18176K)->17990K(18176K) NonClass: 15907K(16000K)->15907K(16000K) Class: 2083K(2176K)->2083K(2176K)
[2024-11-07T20:11:23.658-0800][gc          ] GC(0) Pause Young (Normal) (G1 Evacuation Pause) 51M->9M(1024M) 14.335ms
[2024-11-07T20:11:23.658-0800][gc,cpu      ] GC(0) User=0.03s Sys=0.02s Real=0.01s
[2024-11-07T20:11:23.951-0800][gc,start    ] GC(1) Pause Young (Concurrent Start) (Metadata GC Threshold)
[2024-11-07T20:11:23.952-0800][gc,task     ] GC(1) Using 9 workers of 9 for evacuation
[2024-11-07T20:11:23.960-0800][gc,phases   ] GC(1)   Pre Evacuate Collection Set: 0.2ms
[2024-11-07T20:11:23.960-0800][gc,phases   ] GC(1)   Merge Heap Roots: 0.1ms
[2024-11-07T20:11:23.960-0800][gc,phases   ] GC(1)   Evacuate Collection Set: 8.2ms
[2024-11-07T20:11:23.960-0800][gc,phases   ] GC(1)   Post Evacuate Collection Set: 0.3ms
[2024-11-07T20:11:23.960-0800][gc,phases   ] GC(1)   Other: 0.1ms
[2024-11-07T20:11:23.960-0800][gc,heap     ] GC(1) Eden regions: 13->0(50)
[2024-11-07T20:11:23.960-0800][gc,heap     ] GC(1) Survivor regions: 7->1(7)
[2024-11-07T20:11:23.960-0800][gc,heap     ] GC(1) Old regions: 2->8
[2024-11-07T20:11:23.960-0800][gc,heap     ] GC(1) Archive regions: 2->2
[2024-11-07T20:11:23.960-0800][gc,heap     ] GC(1) Humongous regions: 0->0
[2024-11-07T20:11:23.960-0800][gc,metaspace] GC(1) Metaspace: 21290K(21504K)->21290K(21504K) NonClass: 18822K(18944K)->18822K(18944K) Class: 2468K(2560K)->2468K(2560K)
[2024-11-07T20:11:23.960-0800][gc          ] GC(1) Pause Young (Concurrent Start) (Metadata GC Threshold) 21M->9M(1024M) 9.036ms
[2024-11-07T20:11:23.961-0800][gc,cpu      ] GC(1) User=0.02s Sys=0.01s Real=0.01s
[2024-11-07T20:11:23.961-0800][gc          ] GC(2) Concurrent Mark Cycle
[2024-11-07T20:11:23.961-0800][gc,marking  ] GC(2) Concurrent Clear Claimed Marks
[2024-11-07T20:11:23.961-0800][gc,marking  ] GC(2) Concurrent Clear Claimed Marks 0.016ms
[2024-11-07T20:11:23.961-0800][gc,marking  ] GC(2) Concurrent Scan Root Regions
[2024-11-07T20:11:23.963-0800][gc,marking  ] GC(2) Concurrent Scan Root Regions 2.045ms
[2024-11-07T20:11:23.963-0800][gc,marking  ] GC(2) Concurrent Mark
[2024-11-07T20:11:23.963-0800][gc,marking  ] GC(2) Concurrent Mark From Roots
[2024-11-07T20:11:23.963-0800][gc,task     ] GC(2) Using 2 workers of 2 for marking
[2024-11-07T20:11:23.965-0800][gc,marking  ] GC(2) Concurrent Mark From Roots 2.399ms
[2024-11-07T20:11:23.965-0800][gc,marking  ] GC(2) Concurrent Preclean
[2024-11-07T20:11:23.965-0800][gc,marking  ] GC(2) Concurrent Preclean 0.016ms
[2024-11-07T20:11:23.966-0800][gc,start    ] GC(2) Pause Remark
[2024-11-07T20:11:23.973-0800][gc          ] GC(2) Pause Remark 10M->10M(1024M) 7.153ms
[2024-11-07T20:11:23.973-0800][gc,cpu      ] GC(2) User=0.00s Sys=0.01s Real=0.01s
[2024-11-07T20:11:23.973-0800][gc,marking  ] GC(2) Concurrent Mark 10.203ms
[2024-11-07T20:11:23.973-0800][gc,marking  ] GC(2) Concurrent Rebuild Remembered Sets
[2024-11-07T20:11:23.973-0800][gc,marking  ] GC(2) Concurrent Rebuild Remembered Sets 0.006ms
[2024-11-07T20:11:23.973-0800][gc,start    ] GC(2) Pause Cleanup
[2024-11-07T20:11:23.973-0800][gc          ] GC(2) Pause Cleanup 10M->10M(1024M) 0.011ms
[2024-11-07T20:11:23.973-0800][gc,cpu      ] GC(2) User=0.00s Sys=0.00s Real=0.00s
[2024-11-07T20:11:23.973-0800][gc,marking  ] GC(2) Concurrent Cleanup for Next Mark
[2024-11-07T20:11:23.976-0800][gc,marking  ] GC(2) Concurrent Cleanup for Next Mark 3.121ms
[2024-11-07T20:11:23.976-0800][gc          ] GC(2) Concurrent Mark Cycle 15.837ms
[2024-11-07T20:11:24.783-0800][gc,start    ] GC(3) Pause Young (Normal) (G1 Evacuation Pause)
[2024-11-07T20:11:24.783-0800][gc,task     ] GC(3) Using 9 workers of 9 for evacuation
[2024-11-07T20:11:24.786-0800][gc,phases   ] GC(3)   Pre Evacuate Collection Set: 0.1ms
[2024-11-07T20:11:24.786-0800][gc,phases   ] GC(3)   Merge Heap Roots: 0.0ms
[2024-11-07T20:11:24.786-0800][gc,phases   ] GC(3)   Evacuate Collection Set: 2.8ms
[2024-11-07T20:11:24.786-0800][gc,phases   ] GC(3)   Post Evacuate Collection Set: 0.3ms
[2024-11-07T20:11:24.786-0800][gc,phases   ] GC(3)   Other: 0.1ms
[2024-11-07T20:11:24.786-0800][gc,heap     ] GC(3) Eden regions: 50->0(45)
[2024-11-07T20:11:24.786-0800][gc,heap     ] GC(3) Survivor regions: 1->6(7)
[2024-11-07T20:11:24.786-0800][gc,heap     ] GC(3) Old regions: 8->8
[2024-11-07T20:11:24.786-0800][gc,heap     ] GC(3) Archive regions: 2->2
[2024-11-07T20:11:24.786-0800][gc,heap     ] GC(3) Humongous regions: 129->129
[2024-11-07T20:11:24.786-0800][gc,metaspace] GC(3) Metaspace: 32985K(33280K)->32985K(33280K) NonClass: 29464K(29632K)->29464K(29632K) Class: 3520K(3648K)->3520K(3648K)
[2024-11-07T20:11:24.786-0800][gc          ] GC(3) Pause Young (Normal) (G1 Evacuation Pause) 188M->143M(1024M) 3.525ms
[2024-11-07T20:11:24.786-0800][gc,cpu      ] GC(3) User=0.01s Sys=0.00s Real=0.00s
[2024-11-07T20:11:24.889-0800][gc,start    ] GC(4) Pause Young (Concurrent Start) (Metadata GC Threshold)
[2024-11-07T20:11:24.889-0800][gc,task     ] GC(4) Using 9 workers of 9 for evacuation
[2024-11-07T20:11:24.893-0800][gc,phases   ] GC(4)   Pre Evacuate Collection Set: 0.1ms
[2024-11-07T20:11:24.893-0800][gc,phases   ] GC(4)   Merge Heap Roots: 0.0ms
[2024-11-07T20:11:24.893-0800][gc,phases   ] GC(4)   Evacuate Collection Set: 3.1ms
[2024-11-07T20:11:24.893-0800][gc,phases   ] GC(4)   Post Evacuate Collection Set: 0.3ms
[2024-11-07T20:11:24.893-0800][gc,phases   ] GC(4)   Other: 0.1ms
[2024-11-07T20:11:24.893-0800][gc,heap     ] GC(4) Eden regions: 12->0(50)
[2024-11-07T20:11:24.893-0800][gc,heap     ] GC(4) Survivor regions: 6->1(7)
[2024-11-07T20:11:24.893-0800][gc,heap     ] GC(4) Old regions: 8->14
[2024-11-07T20:11:24.893-0800][gc,heap     ] GC(4) Archive regions: 2->2
[2024-11-07T20:11:24.893-0800][gc,heap     ] GC(4) Humongous regions: 129->129
[2024-11-07T20:11:24.893-0800][gc,metaspace] GC(4) Metaspace: 35702K(35968K)->35702K(35968K) NonClass: 31873K(32000K)->31873K(32000K) Class: 3829K(3968K)->3829K(3968K)
[2024-11-07T20:11:24.893-0800][gc          ] GC(4) Pause Young (Concurrent Start) (Metadata GC Threshold) 155M->144M(1024M) 3.793ms
[2024-11-07T20:11:24.893-0800][gc          ] GC(5) Concurrent Mark Cycle
[2024-11-07T20:11:24.893-0800][gc,cpu      ] GC(4) User=0.02s Sys=0.01s Real=0.01s
[2024-11-07T20:11:24.893-0800][gc,marking  ] GC(5) Concurrent Clear Claimed Marks
[2024-11-07T20:11:24.893-0800][gc,marking  ] GC(5) Concurrent Clear Claimed Marks 0.027ms
[2024-11-07T20:11:24.893-0800][gc,marking  ] GC(5) Concurrent Scan Root Regions
[2024-11-07T20:11:24.895-0800][gc,marking  ] GC(5) Concurrent Scan Root Regions 1.890ms
[2024-11-07T20:11:24.895-0800][gc,marking  ] GC(5) Concurrent Mark
[2024-11-07T20:11:24.895-0800][gc,marking  ] GC(5) Concurrent Mark From Roots
[2024-11-07T20:11:24.895-0800][gc,task     ] GC(5) Using 2 workers of 2 for marking
[2024-11-07T20:11:24.898-0800][gc,marking  ] GC(5) Concurrent Mark From Roots 3.231ms
[2024-11-07T20:11:24.902-0800][gc,marking  ] GC(5) Concurrent Preclean
[2024-11-07T20:11:24.902-0800][gc,marking  ] GC(5) Concurrent Preclean 0.072ms
[2024-11-07T20:11:24.902-0800][gc,start    ] GC(5) Pause Remark
[2024-11-07T20:11:24.912-0800][gc          ] GC(5) Pause Remark 145M->145M(1024M) 10.186ms
[2024-11-07T20:11:24.912-0800][gc,cpu      ] GC(5) User=0.01s Sys=0.02s Real=0.01s
[2024-11-07T20:11:24.912-0800][gc,marking  ] GC(5) Concurrent Mark 17.633ms
[2024-11-07T20:11:24.912-0800][gc,marking  ] GC(5) Concurrent Rebuild Remembered Sets
[2024-11-07T20:11:24.916-0800][gc,marking  ] GC(5) Concurrent Rebuild Remembered Sets 3.411ms
[2024-11-07T20:11:24.916-0800][gc,start    ] GC(5) Pause Cleanup
[2024-11-07T20:11:24.916-0800][gc          ] GC(5) Pause Cleanup 145M->145M(1024M) 0.135ms
[2024-11-07T20:11:24.916-0800][gc,cpu      ] GC(5) User=0.00s Sys=0.00s Real=0.00s
[2024-11-07T20:11:24.916-0800][gc,marking  ] GC(5) Concurrent Cleanup for Next Mark
[2024-11-07T20:11:24.920-0800][gc,marking  ] GC(5) Concurrent Cleanup for Next Mark 4.146ms
[2024-11-07T20:11:24.920-0800][gc          ] GC(5) Concurrent Mark Cycle 27.710ms
[2024-11-07T20:24:53.656-0800][gc,start    ] GC(6) Pause Young (Normal) (G1 Evacuation Pause)
[2024-11-07T20:24:53.657-0800][gc,task     ] GC(6) Using 9 workers of 9 for evacuation
[2024-11-07T20:24:53.667-0800][gc,phases   ] GC(6)   Pre Evacuate Collection Set: 0.5ms
[2024-11-07T20:24:53.667-0800][gc,phases   ] GC(6)   Merge Heap Roots: 0.1ms
[2024-11-07T20:24:53.667-0800][gc,phases   ] GC(6)   Evacuate Collection Set: 8.3ms
[2024-11-07T20:24:53.667-0800][gc,phases   ] GC(6)   Post Evacuate Collection Set: 0.5ms
[2024-11-07T20:24:53.667-0800][gc,phases   ] GC(6)   Other: 0.2ms
[2024-11-07T20:24:53.667-0800][gc,heap     ] GC(6) Eden regions: 50->0(47)
[2024-11-07T20:24:53.667-0800][gc,heap     ] GC(6) Survivor regions: 1->4(7)
[2024-11-07T20:24:53.667-0800][gc,heap     ] GC(6) Old regions: 14->14
[2024-11-07T20:24:53.667-0800][gc,heap     ] GC(6) Archive regions: 2->2
[2024-11-07T20:24:53.667-0800][gc,heap     ] GC(6) Humongous regions: 129->129
[2024-11-07T20:24:53.667-0800][gc,metaspace] GC(6) Metaspace: 42963K(43584K)->42963K(43584K) NonClass: 37984K(38336K)->37984K(38336K) Class: 4978K(5248K)->4978K(5248K)
[2024-11-07T20:24:53.667-0800][gc          ] GC(6) Pause Young (Normal) (G1 Evacuation Pause) 194M->147M(1024M) 11.125ms
[2024-11-07T20:24:53.667-0800][gc,cpu      ] GC(6) User=0.02s Sys=0.02s Real=0.01s
[2024-11-07T20:30:12.230-0800][gc,start    ] GC(7) Pause Young (Normal) (G1 Evacuation Pause)
[2024-11-07T20:30:12.235-0800][gc,task     ] GC(7) Using 9 workers of 9 for evacuation
[2024-11-07T20:30:12.276-0800][gc,mmu      ] GC(7) MMU target violated: 21.0ms (20.0ms/21.0ms)
[2024-11-07T20:30:12.276-0800][gc,phases   ] GC(7)   Pre Evacuate Collection Set: 0.9ms
[2024-11-07T20:30:12.276-0800][gc,phases   ] GC(7)   Merge Heap Roots: 0.8ms
[2024-11-07T20:30:12.276-0800][gc,phases   ] GC(7)   Evacuate Collection Set: 37.5ms
[2024-11-07T20:30:12.276-0800][gc,phases   ] GC(7)   Post Evacuate Collection Set: 0.7ms
[2024-11-07T20:30:12.276-0800][gc,phases   ] GC(7)   Other: 0.5ms
[2024-11-07T20:30:12.276-0800][gc,heap     ] GC(7) Eden regions: 47->0(46)
[2024-11-07T20:30:12.276-0800][gc,heap     ] GC(7) Survivor regions: 4->5(7)
[2024-11-07T20:30:12.276-0800][gc,heap     ] GC(7) Old regions: 14->15
[2024-11-07T20:30:12.276-0800][gc,heap     ] GC(7) Archive regions: 2->2
[2024-11-07T20:30:12.276-0800][gc,heap     ] GC(7) Humongous regions: 129->129
[2024-11-07T20:30:12.276-0800][gc,metaspace] GC(7) Metaspace: 43763K(44288K)->43763K(44288K) NonClass: 38769K(39040K)->38769K(39040K) Class: 4994K(5248K)->4994K(5248K)
[2024-11-07T20:30:12.276-0800][gc          ] GC(7) Pause Young (Normal) (G1 Evacuation Pause) 194M->148M(1024M) 45.661ms
[2024-11-07T20:30:12.276-0800][gc,cpu      ] GC(7) User=0.05s Sys=0.04s Real=0.04s
[2024-11-07T20:36:01.550-0800][gc,start    ] GC(8) Pause Young (Normal) (G1 Evacuation Pause)
[2024-11-07T20:36:01.551-0800][gc,task     ] GC(8) Using 9 workers of 9 for evacuation
[2024-11-07T20:36:01.599-0800][gc,mmu      ] GC(8) MMU target violated: 21.0ms (20.0ms/21.0ms)
[2024-11-07T20:36:01.599-0800][gc,phases   ] GC(8)   Pre Evacuate Collection Set: 1.1ms
[2024-11-07T20:36:01.600-0800][gc,phases   ] GC(8)   Merge Heap Roots: 0.5ms
[2024-11-07T20:36:01.600-0800][gc,phases   ] GC(8)   Evacuate Collection Set: 45.4ms
[2024-11-07T20:36:01.600-0800][gc,phases   ] GC(8)   Post Evacuate Collection Set: 1.0ms
[2024-11-07T20:36:01.600-0800][gc,phases   ] GC(8)   Other: 0.7ms
[2024-11-07T20:36:01.600-0800][gc,heap     ] GC(8) Eden regions: 46->0(48)
[2024-11-07T20:36:01.600-0800][gc,heap     ] GC(8) Survivor regions: 5->3(7)
[2024-11-07T20:36:01.600-0800][gc,heap     ] GC(8) Old regions: 15->17
[2024-11-07T20:36:01.600-0800][gc,heap     ] GC(8) Archive regions: 2->2
[2024-11-07T20:36:01.600-0800][gc,heap     ] GC(8) Humongous regions: 129->129
[2024-11-07T20:36:01.600-0800][gc,metaspace] GC(8) Metaspace: 43815K(44480K)->43815K(44480K) NonClass: 38819K(39168K)->38819K(39168K) Class: 4995K(5312K)->4995K(5312K)
[2024-11-07T20:36:01.600-0800][gc          ] GC(8) Pause Young (Normal) (G1 Evacuation Pause) 194M->149M(1024M) 49.628ms
[2024-11-07T20:36:01.600-0800][gc,cpu      ] GC(8) User=0.07s Sys=0.07s Real=0.05s
[2024-11-07T20:42:29.121-0800][gc,start    ] GC(9) Pause Young (Normal) (G1 Evacuation Pause)
[2024-11-07T20:42:29.122-0800][gc,task     ] GC(9) Using 9 workers of 9 for evacuation
[2024-11-07T20:42:29.153-0800][gc,mmu      ] GC(9) MMU target violated: 21.0ms (20.0ms/21.0ms)
[2024-11-07T20:42:29.153-0800][gc,phases   ] GC(9)   Pre Evacuate Collection Set: 1.3ms
[2024-11-07T20:42:29.153-0800][gc,phases   ] GC(9)   Merge Heap Roots: 0.4ms
[2024-11-07T20:42:29.153-0800][gc,phases   ] GC(9)   Evacuate Collection Set: 27.6ms
[2024-11-07T20:42:29.153-0800][gc,phases   ] GC(9)   Post Evacuate Collection Set: 1.2ms
[2024-11-07T20:42:29.153-0800][gc,phases   ] GC(9)   Other: 0.7ms
[2024-11-07T20:42:29.153-0800][gc,heap     ] GC(9) Eden regions: 48->0(47)
[2024-11-07T20:42:29.153-0800][gc,heap     ] GC(9) Survivor regions: 3->4(7)
[2024-11-07T20:42:29.153-0800][gc,heap     ] GC(9) Old regions: 17->17
[2024-11-07T20:42:29.153-0800][gc,heap     ] GC(9) Archive regions: 2->2
[2024-11-07T20:42:29.153-0800][gc,heap     ] GC(9) Humongous regions: 129->129
[2024-11-07T20:42:29.153-0800][gc,metaspace] GC(9) Metaspace: 43873K(44480K)->43873K(44480K) NonClass: 38877K(39168K)->38877K(39168K) Class: 4995K(5312K)->4995K(5312K)
[2024-11-07T20:42:29.154-0800][gc          ] GC(9) Pause Young (Normal) (G1 Evacuation Pause) 197M->149M(1024M) 32.108ms
[2024-11-07T20:42:29.154-0800][gc,cpu      ] GC(9) User=0.04s Sys=0.04s Real=0.03s
[2024-11-07T20:49:04.881-0800][gc,start    ] GC(10) Pause Young (Normal) (G1 Evacuation Pause)
[2024-11-07T20:49:04.882-0800][gc,task     ] GC(10) Using 9 workers of 9 for evacuation
[2024-11-07T20:49:04.902-0800][gc,phases   ] GC(10)   Pre Evacuate Collection Set: 1.3ms
[2024-11-07T20:49:04.902-0800][gc,phases   ] GC(10)   Merge Heap Roots: 0.3ms
[2024-11-07T20:49:04.902-0800][gc,phases   ] GC(10)   Evacuate Collection Set: 17.7ms
[2024-11-07T20:49:04.902-0800][gc,phases   ] GC(10)   Post Evacuate Collection Set: 0.6ms
[2024-11-07T20:49:04.902-0800][gc,phases   ] GC(10)   Other: 0.3ms
[2024-11-07T20:49:04.902-0800][gc,heap     ] GC(10) Eden regions: 47->0(47)
[2024-11-07T20:49:04.902-0800][gc,heap     ] GC(10) Survivor regions: 4->4(7)
[2024-11-07T20:49:04.902-0800][gc,heap     ] GC(10) Old regions: 17->17
[2024-11-07T20:49:04.902-0800][gc,heap     ] GC(10) Archive regions: 2->2
[2024-11-07T20:49:04.902-0800][gc,heap     ] GC(10) Humongous regions: 129->129
[2024-11-07T20:49:04.902-0800][gc,metaspace] GC(10) Metaspace: 43921K(44544K)->43921K(44544K) NonClass: 38925K(39232K)->38925K(39232K) Class: 4995K(5312K)->4995K(5312K)
[2024-11-07T20:49:04.902-0800][gc          ] GC(10) Pause Young (Normal) (G1 Evacuation Pause) 196M->150M(1024M) 20.643ms
[2024-11-07T20:49:04.902-0800][gc,cpu      ] GC(10) User=0.04s Sys=0.04s Real=0.02s
[2024-11-07T20:55:51.619-0800][gc,start    ] GC(11) Pause Young (Normal) (G1 Evacuation Pause)
[2024-11-07T20:55:51.620-0800][gc,task     ] GC(11) Using 9 workers of 9 for evacuation
[2024-11-07T20:55:51.708-0800][gc,mmu      ] GC(11) MMU target violated: 21.0ms (20.0ms/21.0ms)
[2024-11-07T20:55:51.708-0800][gc,phases   ] GC(11)   Pre Evacuate Collection Set: 0.9ms
[2024-11-07T20:55:51.708-0800][gc,phases   ] GC(11)   Merge Heap Roots: 1.2ms
[2024-11-07T20:55:51.708-0800][gc,phases   ] GC(11)   Evacuate Collection Set: 84.6ms
[2024-11-07T20:55:51.708-0800][gc,phases   ] GC(11)   Post Evacuate Collection Set: 0.8ms
[2024-11-07T20:55:51.708-0800][gc,phases   ] GC(11)   Other: 0.5ms
[2024-11-07T20:55:51.708-0800][gc,heap     ] GC(11) Eden regions: 47->0(46)
[2024-11-07T20:55:51.708-0800][gc,heap     ] GC(11) Survivor regions: 4->5(7)
[2024-11-07T20:55:51.708-0800][gc,heap     ] GC(11) Old regions: 17->18
[2024-11-07T20:55:51.708-0800][gc,heap     ] GC(11) Archive regions: 2->2
[2024-11-07T20:55:51.708-0800][gc,heap     ] GC(11) Humongous regions: 129->129
[2024-11-07T20:55:51.708-0800][gc,metaspace] GC(11) Metaspace: 46174K(46848K)->46174K(46848K) NonClass: 40776K(41152K)->40776K(41152K) Class: 5398K(5696K)->5398K(5696K)
[2024-11-07T20:55:51.708-0800][gc          ] GC(11) Pause Young (Normal) (G1 Evacuation Pause) 197M->151M(1024M) 88.595ms
[2024-11-07T20:55:51.708-0800][gc,cpu      ] GC(11) User=0.06s Sys=0.18s Real=0.09s
[2024-11-07T21:42:27.255-0800][gc,start    ] GC(12) Pause Young (Normal) (G1 Evacuation Pause)
[2024-11-07T21:42:27.259-0800][gc,task     ] GC(12) Using 9 workers of 9 for evacuation
[2024-11-07T21:42:27.292-0800][gc,mmu      ] GC(12) MMU target violated: 21.0ms (20.0ms/21.0ms)
[2024-11-07T21:42:27.293-0800][gc,phases   ] GC(12)   Pre Evacuate Collection Set: 1.2ms
[2024-11-07T21:42:27.293-0800][gc,phases   ] GC(12)   Merge Heap Roots: 0.7ms
[2024-11-07T21:42:27.293-0800][gc,phases   ] GC(12)   Evacuate Collection Set: 26.4ms
[2024-11-07T21:42:27.293-0800][gc,phases   ] GC(12)   Post Evacuate Collection Set: 3.9ms
[2024-11-07T21:42:27.293-0800][gc,phases   ] GC(12)   Other: 3.0ms
[2024-11-07T21:42:27.293-0800][gc,heap     ] GC(12) Eden regions: 46->0(47)
[2024-11-07T21:42:27.293-0800][gc,heap     ] GC(12) Survivor regions: 5->4(7)
[2024-11-07T21:42:27.293-0800][gc,heap     ] GC(12) Old regions: 18->19
[2024-11-07T21:42:27.293-0800][gc,heap     ] GC(12) Archive regions: 2->2
[2024-11-07T21:42:27.293-0800][gc,heap     ] GC(12) Humongous regions: 129->129
[2024-11-07T21:42:27.293-0800][gc,metaspace] GC(12) Metaspace: 46293K(46912K)->46293K(46912K) NonClass: 40895K(41216K)->40895K(41216K) Class: 5398K(5696K)->5398K(5696K)
[2024-11-07T21:42:27.293-0800][gc          ] GC(12) Pause Young (Normal) (G1 Evacuation Pause) 197M->151M(1024M) 39.216ms
[2024-11-07T21:42:27.293-0800][gc,cpu      ] GC(12) User=0.03s Sys=0.10s Real=0.04s
[2024-11-07T22:15:53.259-0800][gc,start    ] GC(13) Pause Young (Normal) (G1 Evacuation Pause)
[2024-11-07T22:15:53.260-0800][gc,task     ] GC(13) Using 9 workers of 9 for evacuation
[2024-11-07T22:15:53.297-0800][gc,mmu      ] GC(13) MMU target violated: 21.0ms (20.0ms/21.0ms)
[2024-11-07T22:15:53.297-0800][gc,phases   ] GC(13)   Pre Evacuate Collection Set: 1.0ms
[2024-11-07T22:15:53.297-0800][gc,phases   ] GC(13)   Merge Heap Roots: 0.4ms
[2024-11-07T22:15:53.297-0800][gc,phases   ] GC(13)   Evacuate Collection Set: 33.8ms
[2024-11-07T22:15:53.297-0800][gc,phases   ] GC(13)   Post Evacuate Collection Set: 0.8ms
[2024-11-07T22:15:53.297-0800][gc,phases   ] GC(13)   Other: 0.7ms
[2024-11-07T22:15:53.297-0800][gc,heap     ] GC(13) Eden regions: 47->0(47)
[2024-11-07T22:15:53.297-0800][gc,heap     ] GC(13) Survivor regions: 4->4(7)
[2024-11-07T22:15:53.297-0800][gc,heap     ] GC(13) Old regions: 19->19
[2024-11-07T22:15:53.297-0800][gc,heap     ] GC(13) Archive regions: 2->2
[2024-11-07T22:15:53.297-0800][gc,heap     ] GC(13) Humongous regions: 129->129
[2024-11-07T22:15:53.297-0800][gc,metaspace] GC(13) Metaspace: 46294K(46912K)->46294K(46912K) NonClass: 40896K(41216K)->40896K(41216K) Class: 5398K(5696K)->5398K(5696K)
[2024-11-07T22:15:53.297-0800][gc          ] GC(13) Pause Young (Normal) (G1 Evacuation Pause) 198M->151M(1024M) 38.596ms
[2024-11-07T22:15:53.297-0800][gc,cpu      ] GC(13) User=0.02s Sys=0.05s Real=0.04s
[2024-11-07T22:49:23.452-0800][gc,start    ] GC(14) Pause Young (Normal) (G1 Evacuation Pause)
[2024-11-07T22:49:23.452-0800][gc,task     ] GC(14) Using 9 workers of 9 for evacuation
[2024-11-07T22:49:23.477-0800][gc,mmu      ] GC(14) MMU target violated: 21.0ms (20.0ms/21.0ms)
[2024-11-07T22:49:23.477-0800][gc,phases   ] GC(14)   Pre Evacuate Collection Set: 0.9ms
[2024-11-07T22:49:23.477-0800][gc,phases   ] GC(14)   Merge Heap Roots: 0.4ms
[2024-11-07T22:49:23.477-0800][gc,phases   ] GC(14)   Evacuate Collection Set: 21.5ms
[2024-11-07T22:49:23.477-0800][gc,phases   ] GC(14)   Post Evacuate Collection Set: 0.9ms
[2024-11-07T22:49:23.477-0800][gc,phases   ] GC(14)   Other: 1.0ms
[2024-11-07T22:49:23.477-0800][gc,heap     ] GC(14) Eden regions: 47->0(47)
[2024-11-07T22:49:23.477-0800][gc,heap     ] GC(14) Survivor regions: 4->4(7)
[2024-11-07T22:49:23.477-0800][gc,heap     ] GC(14) Old regions: 19->19
[2024-11-07T22:49:23.477-0800][gc,heap     ] GC(14) Archive regions: 2->2
[2024-11-07T22:49:23.477-0800][gc,heap     ] GC(14) Humongous regions: 129->129
[2024-11-07T22:49:23.477-0800][gc,metaspace] GC(14) Metaspace: 46296K(46912K)->46296K(46912K) NonClass: 40898K(41216K)->40898K(41216K) Class: 5398K(5696K)->5398K(5696K)
[2024-11-07T22:49:23.477-0800][gc          ] GC(14) Pause Young (Normal) (G1 Evacuation Pause) 198M->151M(1024M) 25.464ms
[2024-11-07T22:49:23.477-0800][gc,cpu      ] GC(14) User=0.02s Sys=0.03s Real=0.02s
[2024-11-07T23:23:25.226-0800][gc,start    ] GC(15) Pause Young (Normal) (G1 Evacuation Pause)
[2024-11-07T23:23:25.228-0800][gc,task     ] GC(15) Using 9 workers of 9 for evacuation
[2024-11-07T23:23:25.253-0800][gc,mmu      ] GC(15) MMU target violated: 21.0ms (20.0ms/21.0ms)
[2024-11-07T23:23:25.253-0800][gc,phases   ] GC(15)   Pre Evacuate Collection Set: 0.7ms
[2024-11-07T23:23:25.253-0800][gc,phases   ] GC(15)   Merge Heap Roots: 0.3ms
[2024-11-07T23:23:25.253-0800][gc,phases   ] GC(15)   Evacuate Collection Set: 22.3ms
[2024-11-07T23:23:25.253-0800][gc,phases   ] GC(15)   Post Evacuate Collection Set: 1.0ms
[2024-11-07T23:23:25.253-0800][gc,phases   ] GC(15)   Other: 0.7ms
[2024-11-07T23:23:25.253-0800][gc,heap     ] GC(15) Eden regions: 47->0(50)
[2024-11-07T23:23:25.253-0800][gc,heap     ] GC(15) Survivor regions: 4->4(7)
[2024-11-07T23:23:25.253-0800][gc,heap     ] GC(15) Old regions: 19->19
[2024-11-07T23:23:25.253-0800][gc,heap     ] GC(15) Archive regions: 2->2
[2024-11-07T23:23:25.253-0800][gc,heap     ] GC(15) Humongous regions: 129->129
[2024-11-07T23:23:25.253-0800][gc,metaspace] GC(15) Metaspace: 46309K(46912K)->46309K(46912K) NonClass: 40911K(41216K)->40911K(41216K) Class: 5398K(5696K)->5398K(5696K)
[2024-11-07T23:23:25.253-0800][gc          ] GC(15) Pause Young (Normal) (G1 Evacuation Pause) 198M->151M(1024M) 26.874ms
[2024-11-07T23:23:25.253-0800][gc,cpu      ] GC(15) User=0.02s Sys=0.05s Real=0.03s
[2024-11-08T10:19:17.027-0800][gc,start    ] GC(16) Pause Young (Normal) (G1 Evacuation Pause)
[2024-11-08T10:19:17.030-0800][gc,task     ] GC(16) Using 9 workers of 9 for evacuation
[2024-11-08T10:19:17.061-0800][gc,mmu      ] GC(16) MMU target violated: 21.0ms (20.0ms/21.0ms)
[2024-11-08T10:19:17.061-0800][gc,phases   ] GC(16)   Pre Evacuate Collection Set: 1.4ms
[2024-11-08T10:19:17.061-0800][gc,phases   ] GC(16)   Merge Heap Roots: 0.5ms
[2024-11-08T10:19:17.061-0800][gc,phases   ] GC(16)   Evacuate Collection Set: 27.8ms
[2024-11-08T10:19:17.061-0800][gc,phases   ] GC(16)   Post Evacuate Collection Set: 1.3ms
[2024-11-08T10:19:17.061-0800][gc,phases   ] GC(16)   Other: 0.8ms
[2024-11-08T10:19:17.061-0800][gc,heap     ] GC(16) Eden regions: 50->0(72)
[2024-11-08T10:19:17.061-0800][gc,heap     ] GC(16) Survivor regions: 4->4(7)
[2024-11-08T10:19:17.061-0800][gc,heap     ] GC(16) Old regions: 19->19
[2024-11-08T10:19:17.061-0800][gc,heap     ] GC(16) Archive regions: 2->2
[2024-11-08T10:19:17.061-0800][gc,heap     ] GC(16) Humongous regions: 129->129
[2024-11-08T10:19:17.061-0800][gc,metaspace] GC(16) Metaspace: 46310K(46976K)->46310K(46976K) NonClass: 40912K(41280K)->40912K(41280K) Class: 5398K(5696K)->5398K(5696K)
[2024-11-08T10:19:17.062-0800][gc          ] GC(16) Pause Young (Normal) (G1 Evacuation Pause) 201M->151M(1024M) 34.376ms
[2024-11-08T10:19:17.062-0800][gc,cpu      ] GC(16) User=0.03s Sys=0.06s Real=0.04s
[2024-11-08T12:43:53.345-0800][gc,start    ] GC(17) Pause Young (Normal) (G1 Evacuation Pause)
[2024-11-08T12:43:53.348-0800][gc,task     ] GC(17) Using 9 workers of 9 for evacuation
[2024-11-08T12:43:53.378-0800][gc,mmu      ] GC(17) MMU target violated: 21.0ms (20.0ms/21.0ms)
[2024-11-08T12:43:53.379-0800][gc,phases   ] GC(17)   Pre Evacuate Collection Set: 1.3ms
[2024-11-08T12:43:53.379-0800][gc,phases   ] GC(17)   Merge Heap Roots: 0.6ms
[2024-11-08T12:43:53.379-0800][gc,phases   ] GC(17)   Evacuate Collection Set: 26.3ms
[2024-11-08T12:43:53.379-0800][gc,phases   ] GC(17)   Post Evacuate Collection Set: 1.8ms
[2024-11-08T12:43:53.379-0800][gc,phases   ] GC(17)   Other: 1.0ms
[2024-11-08T12:43:53.379-0800][gc,heap     ] GC(17) Eden regions: 69->0(426)
[2024-11-08T12:43:53.379-0800][gc,heap     ] GC(17) Survivor regions: 4->4(10)
[2024-11-08T12:43:53.379-0800][gc,heap     ] GC(17) Old regions: 19->19
[2024-11-08T12:43:53.379-0800][gc,heap     ] GC(17) Archive regions: 2->2
[2024-11-08T12:43:53.379-0800][gc,heap     ] GC(17) Humongous regions: 129->129
[2024-11-08T12:43:53.379-0800][gc,metaspace] GC(17) Metaspace: 46315K(46976K)->46315K(46976K) NonClass: 40917K(41280K)->40917K(41280K) Class: 5398K(5696K)->5398K(5696K)
[2024-11-08T12:43:53.379-0800][gc          ] GC(17) Pause Young (Normal) (G1 Evacuation Pause) 220M->151M(1024M) 33.496ms
[2024-11-08T12:43:53.379-0800][gc,cpu      ] GC(17) User=0.04s Sys=0.07s Real=0.03s
