[2024-11-07T20:15:18.484-0800][gc,init] CardTable entry size: 512
[2024-11-07T20:15:18.485-0800][gc     ] Using G1
[2024-11-07T20:15:18.489-0800][gc,init] Version: 19.0.1+10-21 (release)
[2024-11-07T20:15:18.489-0800][gc,init] CPUs: 10 total, 10 available
[2024-11-07T20:15:18.489-0800][gc,init] Memory: 16384M
[2024-11-07T20:15:18.489-0800][gc,init] Large Page Support: Disabled
[2024-11-07T20:15:18.489-0800][gc,init] NUMA Support: Disabled
[2024-11-07T20:15:18.489-0800][gc,init] Compressed Oops: Enabled (Zero based)
[2024-11-07T20:15:18.489-0800][gc,init] Heap Region Size: 1M
[2024-11-07T20:15:18.489-0800][gc,init] Heap Min Capacity: 1G
[2024-11-07T20:15:18.489-0800][gc,init] Heap Initial Capacity: 1G
[2024-11-07T20:15:18.489-0800][gc,init] Heap Max Capacity: 1G
[2024-11-07T20:15:18.489-0800][gc,init] Pre-touch: Disabled
[2024-11-07T20:15:18.489-0800][gc,init] Parallel Workers: 9
[2024-11-07T20:15:18.489-0800][gc,init] Concurrent Workers: 2
[2024-11-07T20:15:18.489-0800][gc,init] Concurrent Refinement Workers: 9
[2024-11-07T20:15:18.489-0800][gc,init] Periodic GC: Disabled
[2024-11-07T20:15:18.489-0800][gc,metaspace] CDS archive(s) mapped at: [0x0000000800000000-0x0000000800c44000-0x0000000800c44000), size 12861440, SharedBaseAddress: 0x0000000800000000, ArchiveRelocationMode: 0.
[2024-11-07T20:15:18.489-0800][gc,metaspace] Compressed class space mapped at: 0x0000000801000000-0x0000000841000000, reserved size: 1073741824
[2024-11-07T20:15:18.489-0800][gc,metaspace] Narrow klass base: 0x0000000800000000, Narrow klass shift: 0, Narrow klass range: 0x100000000
[2024-11-07T20:15:19.935-0800][gc,start    ] GC(0) Pause Young (Normal) (G1 Evacuation Pause)
[2024-11-07T20:15:19.935-0800][gc,task     ] GC(0) Using 9 workers of 9 for evacuation
[2024-11-07T20:15:19.949-0800][gc,phases   ] GC(0)   Pre Evacuate Collection Set: 0.1ms
[2024-11-07T20:15:19.949-0800][gc,phases   ] GC(0)   Merge Heap Roots: 0.1ms
[2024-11-07T20:15:19.949-0800][gc,phases   ] GC(0)   Evacuate Collection Set: 13.1ms
[2024-11-07T20:15:19.949-0800][gc,phases   ] GC(0)   Post Evacuate Collection Set: 0.6ms
[2024-11-07T20:15:19.949-0800][gc,phases   ] GC(0)   Other: 0.6ms
[2024-11-07T20:15:19.949-0800][gc,heap     ] GC(0) Eden regions: 51->0(44)
[2024-11-07T20:15:19.949-0800][gc,heap     ] GC(0) Survivor regions: 0->7(7)
[2024-11-07T20:15:19.950-0800][gc,heap     ] GC(0) Old regions: 0->2
[2024-11-07T20:15:19.950-0800][gc,heap     ] GC(0) Archive regions: 2->2
[2024-11-07T20:15:19.950-0800][gc,heap     ] GC(0) Humongous regions: 0->0
[2024-11-07T20:15:19.950-0800][gc,metaspace] GC(0) Metaspace: 17993K(18240K)->17993K(18240K) NonClass: 15909K(16064K)->15909K(16064K) Class: 2083K(2176K)->2083K(2176K)
[2024-11-07T20:15:19.950-0800][gc          ] GC(0) Pause Young (Normal) (G1 Evacuation Pause) 51M->8M(1024M) 14.734ms
[2024-11-07T20:15:19.950-0800][gc,cpu      ] GC(0) User=0.02s Sys=0.01s Real=0.02s
[2024-11-07T20:15:20.208-0800][gc,start    ] GC(1) Pause Young (Concurrent Start) (Metadata GC Threshold)
[2024-11-07T20:15:20.208-0800][gc,task     ] GC(1) Using 9 workers of 9 for evacuation
[2024-11-07T20:15:20.218-0800][gc,phases   ] GC(1)   Pre Evacuate Collection Set: 0.2ms
[2024-11-07T20:15:20.218-0800][gc,phases   ] GC(1)   Merge Heap Roots: 0.0ms
[2024-11-07T20:15:20.218-0800][gc,phases   ] GC(1)   Evacuate Collection Set: 9.0ms
[2024-11-07T20:15:20.218-0800][gc,phases   ] GC(1)   Post Evacuate Collection Set: 0.3ms
[2024-11-07T20:15:20.218-0800][gc,phases   ] GC(1)   Other: 0.1ms
[2024-11-07T20:15:20.218-0800][gc,heap     ] GC(1) Eden regions: 12->0(50)
[2024-11-07T20:15:20.218-0800][gc,heap     ] GC(1) Survivor regions: 7->1(7)
[2024-11-07T20:15:20.218-0800][gc,heap     ] GC(1) Old regions: 2->9
[2024-11-07T20:15:20.218-0800][gc,heap     ] GC(1) Archive regions: 2->2
[2024-11-07T20:15:20.218-0800][gc,heap     ] GC(1) Humongous regions: 0->0
[2024-11-07T20:15:20.218-0800][gc,metaspace] GC(1) Metaspace: 21216K(21504K)->21216K(21504K) NonClass: 18762K(18880K)->18762K(18880K) Class: 2453K(2624K)->2453K(2624K)
[2024-11-07T20:15:20.218-0800][gc          ] GC(1) Pause Young (Concurrent Start) (Metadata GC Threshold) 20M->10M(1024M) 9.811ms
[2024-11-07T20:15:20.218-0800][gc,cpu      ] GC(1) User=0.02s Sys=0.02s Real=0.01s
[2024-11-07T20:15:20.218-0800][gc          ] GC(2) Concurrent Mark Cycle
[2024-11-07T20:15:20.218-0800][gc,marking  ] GC(2) Concurrent Clear Claimed Marks
[2024-11-07T20:15:20.218-0800][gc,marking  ] GC(2) Concurrent Clear Claimed Marks 0.017ms
[2024-11-07T20:15:20.218-0800][gc,marking  ] GC(2) Concurrent Scan Root Regions
[2024-11-07T20:15:20.220-0800][gc,marking  ] GC(2) Concurrent Scan Root Regions 1.825ms
[2024-11-07T20:15:20.220-0800][gc,marking  ] GC(2) Concurrent Mark
[2024-11-07T20:15:20.220-0800][gc,marking  ] GC(2) Concurrent Mark From Roots
[2024-11-07T20:15:20.220-0800][gc,task     ] GC(2) Using 2 workers of 2 for marking
[2024-11-07T20:15:20.223-0800][gc,marking  ] GC(2) Concurrent Mark From Roots 2.845ms
[2024-11-07T20:15:20.224-0800][gc,marking  ] GC(2) Concurrent Preclean
[2024-11-07T20:15:20.224-0800][gc,marking  ] GC(2) Concurrent Preclean 0.023ms
[2024-11-07T20:15:20.224-0800][gc,start    ] GC(2) Pause Remark
[2024-11-07T20:15:20.232-0800][gc          ] GC(2) Pause Remark 10M->10M(1024M) 7.566ms
[2024-11-07T20:15:20.232-0800][gc,cpu      ] GC(2) User=0.01s Sys=0.01s Real=0.01s
[2024-11-07T20:15:20.232-0800][gc,marking  ] GC(2) Concurrent Mark 12.021ms
[2024-11-07T20:15:20.232-0800][gc,marking  ] GC(2) Concurrent Rebuild Remembered Sets
[2024-11-07T20:15:20.242-0800][gc,marking  ] GC(2) Concurrent Rebuild Remembered Sets 9.455ms
[2024-11-07T20:15:20.242-0800][gc,start    ] GC(2) Pause Cleanup
[2024-11-07T20:15:20.242-0800][gc          ] GC(2) Pause Cleanup 11M->11M(1024M) 0.100ms
[2024-11-07T20:15:20.242-0800][gc,cpu      ] GC(2) User=0.00s Sys=0.00s Real=0.00s
[2024-11-07T20:15:20.242-0800][gc,marking  ] GC(2) Concurrent Cleanup for Next Mark
[2024-11-07T20:15:20.246-0800][gc,marking  ] GC(2) Concurrent Cleanup for Next Mark 3.910ms
[2024-11-07T20:15:20.246-0800][gc          ] GC(2) Concurrent Mark Cycle 28.407ms
[2024-11-07T20:15:21.039-0800][gc,start    ] GC(3) Pause Young (Normal) (G1 Evacuation Pause)
[2024-11-07T20:15:21.039-0800][gc,task     ] GC(3) Using 9 workers of 9 for evacuation
[2024-11-07T20:15:21.043-0800][gc,phases   ] GC(3)   Pre Evacuate Collection Set: 0.1ms
[2024-11-07T20:15:21.043-0800][gc,phases   ] GC(3)   Merge Heap Roots: 0.1ms
[2024-11-07T20:15:21.043-0800][gc,phases   ] GC(3)   Evacuate Collection Set: 3.0ms
[2024-11-07T20:15:21.043-0800][gc,phases   ] GC(3)   Post Evacuate Collection Set: 0.3ms
[2024-11-07T20:15:21.043-0800][gc,phases   ] GC(3)   Other: 0.1ms
[2024-11-07T20:15:21.043-0800][gc,heap     ] GC(3) Eden regions: 50->0(45)
[2024-11-07T20:15:21.043-0800][gc,heap     ] GC(3) Survivor regions: 1->6(7)
[2024-11-07T20:15:21.043-0800][gc,heap     ] GC(3) Old regions: 9->9
[2024-11-07T20:15:21.043-0800][gc,heap     ] GC(3) Archive regions: 2->2
[2024-11-07T20:15:21.043-0800][gc,heap     ] GC(3) Humongous regions: 129->129
[2024-11-07T20:15:21.043-0800][gc,metaspace] GC(3) Metaspace: 32961K(33216K)->32961K(33216K) NonClass: 29434K(29568K)->29434K(29568K) Class: 3526K(3648K)->3526K(3648K)
[2024-11-07T20:15:21.043-0800][gc          ] GC(3) Pause Young (Normal) (G1 Evacuation Pause) 189M->144M(1024M) 3.685ms
[2024-11-07T20:15:21.043-0800][gc,cpu      ] GC(3) User=0.01s Sys=0.00s Real=0.01s
[2024-11-07T20:15:21.367-0800][gc,start    ] GC(4) Pause Young (Concurrent Start) (Metadata GC Threshold)
[2024-11-07T20:15:21.367-0800][gc,task     ] GC(4) Using 9 workers of 9 for evacuation
[2024-11-07T20:15:21.371-0800][gc,phases   ] GC(4)   Pre Evacuate Collection Set: 0.2ms
[2024-11-07T20:15:21.371-0800][gc,phases   ] GC(4)   Merge Heap Roots: 0.1ms
[2024-11-07T20:15:21.371-0800][gc,phases   ] GC(4)   Evacuate Collection Set: 3.3ms
[2024-11-07T20:15:21.371-0800][gc,phases   ] GC(4)   Post Evacuate Collection Set: 0.3ms
[2024-11-07T20:15:21.371-0800][gc,phases   ] GC(4)   Other: 0.1ms
[2024-11-07T20:15:21.371-0800][gc,heap     ] GC(4) Eden regions: 14->0(49)
[2024-11-07T20:15:21.371-0800][gc,heap     ] GC(4) Survivor regions: 6->2(7)
[2024-11-07T20:15:21.371-0800][gc,heap     ] GC(4) Old regions: 9->14
[2024-11-07T20:15:21.371-0800][gc,heap     ] GC(4) Archive regions: 2->2
[2024-11-07T20:15:21.371-0800][gc,heap     ] GC(4) Humongous regions: 129->129
[2024-11-07T20:15:21.371-0800][gc,metaspace] GC(4) Metaspace: 35765K(35968K)->35765K(35968K) NonClass: 31967K(32064K)->31967K(32064K) Class: 3798K(3904K)->3798K(3904K)
[2024-11-07T20:15:21.371-0800][gc          ] GC(4) Pause Young (Concurrent Start) (Metadata GC Threshold) 157M->144M(1024M) 4.261ms
[2024-11-07T20:15:21.371-0800][gc,cpu      ] GC(4) User=0.02s Sys=0.01s Real=0.01s
[2024-11-07T20:15:21.371-0800][gc          ] GC(5) Concurrent Mark Cycle
[2024-11-07T20:15:21.371-0800][gc,marking  ] GC(5) Concurrent Clear Claimed Marks
[2024-11-07T20:15:21.371-0800][gc,marking  ] GC(5) Concurrent Clear Claimed Marks 0.014ms
[2024-11-07T20:15:21.371-0800][gc,marking  ] GC(5) Concurrent Scan Root Regions
[2024-11-07T20:15:21.373-0800][gc,marking  ] GC(5) Concurrent Scan Root Regions 1.808ms
[2024-11-07T20:15:21.373-0800][gc,marking  ] GC(5) Concurrent Mark
[2024-11-07T20:15:21.373-0800][gc,marking  ] GC(5) Concurrent Mark From Roots
[2024-11-07T20:15:21.373-0800][gc,task     ] GC(5) Using 2 workers of 2 for marking
[2024-11-07T20:15:21.376-0800][gc,marking  ] GC(5) Concurrent Mark From Roots 3.425ms
[2024-11-07T20:15:21.376-0800][gc,marking  ] GC(5) Concurrent Preclean
[2024-11-07T20:15:21.376-0800][gc,marking  ] GC(5) Concurrent Preclean 0.028ms
[2024-11-07T20:15:21.377-0800][gc,start    ] GC(5) Pause Remark
[2024-11-07T20:15:21.387-0800][gc          ] GC(5) Pause Remark 145M->145M(1024M) 10.538ms
[2024-11-07T20:15:21.387-0800][gc,cpu      ] GC(5) User=0.01s Sys=0.01s Real=0.01s
[2024-11-07T20:15:21.387-0800][gc,marking  ] GC(5) Concurrent Mark 14.515ms
[2024-11-07T20:15:21.387-0800][gc,marking  ] GC(5) Concurrent Rebuild Remembered Sets
[2024-11-07T20:15:21.391-0800][gc,marking  ] GC(5) Concurrent Rebuild Remembered Sets 3.405ms
[2024-11-07T20:15:21.391-0800][gc,start    ] GC(5) Pause Cleanup
[2024-11-07T20:15:21.391-0800][gc          ] GC(5) Pause Cleanup 145M->145M(1024M) 0.116ms
[2024-11-07T20:15:21.391-0800][gc,cpu      ] GC(5) User=0.00s Sys=0.00s Real=0.00s
[2024-11-07T20:15:21.391-0800][gc,marking  ] GC(5) Concurrent Cleanup for Next Mark
[2024-11-07T20:15:21.394-0800][gc,marking  ] GC(5) Concurrent Cleanup for Next Mark 3.227ms
[2024-11-07T20:15:21.394-0800][gc          ] GC(5) Concurrent Mark Cycle 23.421ms
[2024-11-07T20:15:21.701-0800][gc,heap,exit] Heap
[2024-11-07T20:15:21.701-0800][gc,heap,exit]  garbage-first heap   total 1048576K, used 155232K [0x00000007c0000000, 0x0000000800000000)
[2024-11-07T20:15:21.701-0800][gc,heap,exit]   region size 1024K, 9 young (9216K), 2 survivors (2048K)
[2024-11-07T20:15:21.701-0800][gc,heap,exit]  Metaspace       used 36375K, committed 36672K, reserved 1114112K
[2024-11-07T20:15:21.701-0800][gc,heap,exit]   class space    used 3905K, committed 4032K, reserved 1048576K
