[2024-11-08T17:05:14.457-0800][gc,init] CardTable entry size: 512
[2024-11-08T17:05:14.458-0800][gc     ] Using G1
[2024-11-08T17:05:14.462-0800][gc,init] Version: 19.0.1+10-21 (release)
[2024-11-08T17:05:14.464-0800][gc,init] CPUs: 10 total, 10 available
[2024-11-08T17:05:14.464-0800][gc,init] Memory: 16384M
[2024-11-08T17:05:14.464-0800][gc,init] Large Page Support: Disabled
[2024-11-08T17:05:14.464-0800][gc,init] NUMA Support: Disabled
[2024-11-08T17:05:14.464-0800][gc,init] Compressed Oops: Enabled (Zero based)
[2024-11-08T17:05:14.464-0800][gc,init] Heap Region Size: 1M
[2024-11-08T17:05:14.464-0800][gc,init] Heap Min Capacity: 1G
[2024-11-08T17:05:14.464-0800][gc,init] Heap Initial Capacity: 1G
[2024-11-08T17:05:14.464-0800][gc,init] Heap Max Capacity: 1G
[2024-11-08T17:05:14.464-0800][gc,init] Pre-touch: Disabled
[2024-11-08T17:05:14.464-0800][gc,init] Parallel Workers: 9
[2024-11-08T17:05:14.464-0800][gc,init] Concurrent Workers: 2
[2024-11-08T17:05:14.464-0800][gc,init] Concurrent Refinement Workers: 9
[2024-11-08T17:05:14.464-0800][gc,init] Periodic GC: Disabled
[2024-11-08T17:05:14.464-0800][gc,metaspace] CDS archive(s) mapped at: [0x0000000800000000-0x0000000800c44000-0x0000000800c44000), size 12861440, SharedBaseAddress: 0x0000000800000000, ArchiveRelocationMode: 0.
[2024-11-08T17:05:14.464-0800][gc,metaspace] Compressed class space mapped at: 0x0000000801000000-0x0000000841000000, reserved size: 1073741824
[2024-11-08T17:05:14.464-0800][gc,metaspace] Narrow klass base: 0x0000000800000000, Narrow klass shift: 0, Narrow klass range: 0x100000000
[2024-11-08T17:05:15.870-0800][gc,start    ] GC(0) Pause Young (Normal) (G1 Evacuation Pause)
[2024-11-08T17:05:15.871-0800][gc,task     ] GC(0) Using 9 workers of 9 for evacuation
[2024-11-08T17:05:15.886-0800][gc,phases   ] GC(0)   Pre Evacuate Collection Set: 0.1ms
[2024-11-08T17:05:15.886-0800][gc,phases   ] GC(0)   Merge Heap Roots: 0.1ms
[2024-11-08T17:05:15.886-0800][gc,phases   ] GC(0)   Evacuate Collection Set: 13.6ms
[2024-11-08T17:05:15.886-0800][gc,phases   ] GC(0)   Post Evacuate Collection Set: 0.6ms
[2024-11-08T17:05:15.886-0800][gc,phases   ] GC(0)   Other: 0.5ms
[2024-11-08T17:05:15.886-0800][gc,heap     ] GC(0) Eden regions: 51->0(44)
[2024-11-08T17:05:15.886-0800][gc,heap     ] GC(0) Survivor regions: 0->7(7)
[2024-11-08T17:05:15.886-0800][gc,heap     ] GC(0) Old regions: 0->2
[2024-11-08T17:05:15.886-0800][gc,heap     ] GC(0) Archive regions: 2->2
[2024-11-08T17:05:15.886-0800][gc,heap     ] GC(0) Humongous regions: 0->0
[2024-11-08T17:05:15.886-0800][gc,metaspace] GC(0) Metaspace: 17975K(18240K)->17975K(18240K) NonClass: 15893K(16064K)->15893K(16064K) Class: 2081K(2176K)->2081K(2176K)
[2024-11-08T17:05:15.886-0800][gc          ] GC(0) Pause Young (Normal) (G1 Evacuation Pause) 51M->9M(1024M) 15.328ms
[2024-11-08T17:05:15.886-0800][gc,cpu      ] GC(0) User=0.03s Sys=0.01s Real=0.01s
[2024-11-08T17:05:16.148-0800][gc,start    ] GC(1) Pause Young (Concurrent Start) (Metadata GC Threshold)
[2024-11-08T17:05:16.148-0800][gc,task     ] GC(1) Using 9 workers of 9 for evacuation
[2024-11-08T17:05:16.158-0800][gc,phases   ] GC(1)   Pre Evacuate Collection Set: 0.2ms
[2024-11-08T17:05:16.158-0800][gc,phases   ] GC(1)   Merge Heap Roots: 0.0ms
[2024-11-08T17:05:16.158-0800][gc,phases   ] GC(1)   Evacuate Collection Set: 9.1ms
[2024-11-08T17:05:16.158-0800][gc,phases   ] GC(1)   Post Evacuate Collection Set: 0.4ms
[2024-11-08T17:05:16.158-0800][gc,phases   ] GC(1)   Other: 0.1ms
[2024-11-08T17:05:16.158-0800][gc,heap     ] GC(1) Eden regions: 13->0(50)
[2024-11-08T17:05:16.158-0800][gc,heap     ] GC(1) Survivor regions: 7->1(7)
[2024-11-08T17:05:16.158-0800][gc,heap     ] GC(1) Old regions: 2->8
[2024-11-08T17:05:16.158-0800][gc,heap     ] GC(1) Archive regions: 2->2
[2024-11-08T17:05:16.158-0800][gc,heap     ] GC(1) Humongous regions: 0->0
[2024-11-08T17:05:16.158-0800][gc,metaspace] GC(1) Metaspace: 21316K(21504K)->21316K(21504K) NonClass: 18845K(18944K)->18845K(18944K) Class: 2470K(2560K)->2470K(2560K)
[2024-11-08T17:05:16.158-0800][gc          ] GC(1) Pause Young (Concurrent Start) (Metadata GC Threshold) 22M->9M(1024M) 10.026ms
[2024-11-08T17:05:16.158-0800][gc,cpu      ] GC(1) User=0.02s Sys=0.01s Real=0.01s
[2024-11-08T17:05:16.158-0800][gc          ] GC(2) Concurrent Mark Cycle
[2024-11-08T17:05:16.158-0800][gc,marking  ] GC(2) Concurrent Clear Claimed Marks
[2024-11-08T17:05:16.158-0800][gc,marking  ] GC(2) Concurrent Clear Claimed Marks 0.014ms
[2024-11-08T17:05:16.158-0800][gc,marking  ] GC(2) Concurrent Scan Root Regions
[2024-11-08T17:05:16.164-0800][gc,marking  ] GC(2) Concurrent Scan Root Regions 5.691ms
[2024-11-08T17:05:16.166-0800][gc,marking  ] GC(2) Concurrent Mark
[2024-11-08T17:05:16.166-0800][gc,marking  ] GC(2) Concurrent Mark From Roots
[2024-11-08T17:05:16.166-0800][gc,task     ] GC(2) Using 2 workers of 2 for marking
[2024-11-08T17:05:16.167-0800][gc,marking  ] GC(2) Concurrent Mark From Roots 1.605ms
[2024-11-08T17:05:16.167-0800][gc,marking  ] GC(2) Concurrent Preclean
[2024-11-08T17:05:16.167-0800][gc,marking  ] GC(2) Concurrent Preclean 0.022ms
[2024-11-08T17:05:16.168-0800][gc,start    ] GC(2) Pause Remark
[2024-11-08T17:05:16.176-0800][gc          ] GC(2) Pause Remark 10M->10M(1024M) 7.569ms
[2024-11-08T17:05:16.176-0800][gc,cpu      ] GC(2) User=0.01s Sys=0.00s Real=0.01s
[2024-11-08T17:05:16.176-0800][gc,marking  ] GC(2) Concurrent Mark 10.093ms
[2024-11-08T17:05:16.176-0800][gc,marking  ] GC(2) Concurrent Rebuild Remembered Sets
[2024-11-08T17:05:16.176-0800][gc,marking  ] GC(2) Concurrent Rebuild Remembered Sets 0.016ms
[2024-11-08T17:05:16.176-0800][gc,start    ] GC(2) Pause Cleanup
[2024-11-08T17:05:16.176-0800][gc          ] GC(2) Pause Cleanup 10M->10M(1024M) 0.013ms
[2024-11-08T17:05:16.176-0800][gc,cpu      ] GC(2) User=0.00s Sys=0.00s Real=0.00s
[2024-11-08T17:05:16.176-0800][gc,marking  ] GC(2) Concurrent Cleanup for Next Mark
[2024-11-08T17:05:16.180-0800][gc,marking  ] GC(2) Concurrent Cleanup for Next Mark 3.870ms
[2024-11-08T17:05:16.180-0800][gc          ] GC(2) Concurrent Mark Cycle 21.970ms
[2024-11-08T17:05:17.145-0800][gc,start    ] GC(3) Pause Young (Normal) (G1 Evacuation Pause)
[2024-11-08T17:05:17.145-0800][gc,task     ] GC(3) Using 9 workers of 9 for evacuation
[2024-11-08T17:05:17.148-0800][gc,phases   ] GC(3)   Pre Evacuate Collection Set: 0.1ms
[2024-11-08T17:05:17.148-0800][gc,phases   ] GC(3)   Merge Heap Roots: 0.1ms
[2024-11-08T17:05:17.148-0800][gc,phases   ] GC(3)   Evacuate Collection Set: 2.2ms
[2024-11-08T17:05:17.148-0800][gc,phases   ] GC(3)   Post Evacuate Collection Set: 0.3ms
[2024-11-08T17:05:17.148-0800][gc,phases   ] GC(3)   Other: 0.1ms
[2024-11-08T17:05:17.148-0800][gc,heap     ] GC(3) Eden regions: 50->0(45)
[2024-11-08T17:05:17.148-0800][gc,heap     ] GC(3) Survivor regions: 1->6(7)
[2024-11-08T17:05:17.148-0800][gc,heap     ] GC(3) Old regions: 8->8
[2024-11-08T17:05:17.148-0800][gc,heap     ] GC(3) Archive regions: 2->2
[2024-11-08T17:05:17.148-0800][gc,heap     ] GC(3) Humongous regions: 129->129
[2024-11-08T17:05:17.148-0800][gc,metaspace] GC(3) Metaspace: 32316K(32576K)->32316K(32576K) NonClass: 28780K(28928K)->28780K(28928K) Class: 3536K(3648K)->3536K(3648K)
[2024-11-08T17:05:17.148-0800][gc          ] GC(3) Pause Young (Normal) (G1 Evacuation Pause) 188M->143M(1024M) 3.007ms
[2024-11-08T17:05:17.148-0800][gc,cpu      ] GC(3) User=0.02s Sys=0.01s Real=0.00s
[2024-11-08T17:05:17.316-0800][gc,start    ] GC(4) Pause Young (Concurrent Start) (Metadata GC Threshold)
[2024-11-08T17:05:17.316-0800][gc,task     ] GC(4) Using 9 workers of 9 for evacuation
[2024-11-08T17:05:17.321-0800][gc,phases   ] GC(4)   Pre Evacuate Collection Set: 0.2ms
[2024-11-08T17:05:17.321-0800][gc,phases   ] GC(4)   Merge Heap Roots: 0.0ms
[2024-11-08T17:05:17.321-0800][gc,phases   ] GC(4)   Evacuate Collection Set: 3.9ms
[2024-11-08T17:05:17.321-0800][gc,phases   ] GC(4)   Post Evacuate Collection Set: 0.5ms
[2024-11-08T17:05:17.321-0800][gc,phases   ] GC(4)   Other: 0.1ms
[2024-11-08T17:05:17.321-0800][gc,heap     ] GC(4) Eden regions: 13->0(49)
[2024-11-08T17:05:17.321-0800][gc,heap     ] GC(4) Survivor regions: 6->2(7)
[2024-11-08T17:05:17.321-0800][gc,heap     ] GC(4) Old regions: 8->14
[2024-11-08T17:05:17.321-0800][gc,heap     ] GC(4) Archive regions: 2->2
[2024-11-08T17:05:17.321-0800][gc,heap     ] GC(4) Humongous regions: 129->129
[2024-11-08T17:05:17.321-0800][gc,metaspace] GC(4) Metaspace: 35692K(35968K)->35692K(35968K) NonClass: 31899K(32064K)->31899K(32064K) Class: 3792K(3904K)->3792K(3904K)
[2024-11-08T17:05:17.321-0800][gc          ] GC(4) Pause Young (Concurrent Start) (Metadata GC Threshold) 155M->144M(1024M) 4.834ms
[2024-11-08T17:05:17.321-0800][gc,cpu      ] GC(4) User=0.02s Sys=0.00s Real=0.01s
[2024-11-08T17:05:17.321-0800][gc          ] GC(5) Concurrent Mark Cycle
[2024-11-08T17:05:17.321-0800][gc,marking  ] GC(5) Concurrent Clear Claimed Marks
[2024-11-08T17:05:17.321-0800][gc,marking  ] GC(5) Concurrent Clear Claimed Marks 0.025ms
[2024-11-08T17:05:17.321-0800][gc,marking  ] GC(5) Concurrent Scan Root Regions
[2024-11-08T17:05:17.323-0800][gc,marking  ] GC(5) Concurrent Scan Root Regions 1.975ms
[2024-11-08T17:05:17.323-0800][gc,marking  ] GC(5) Concurrent Mark
[2024-11-08T17:05:17.323-0800][gc,marking  ] GC(5) Concurrent Mark From Roots
[2024-11-08T17:05:17.323-0800][gc,task     ] GC(5) Using 2 workers of 2 for marking
[2024-11-08T17:05:17.326-0800][gc,marking  ] GC(5) Concurrent Mark From Roots 3.023ms
[2024-11-08T17:05:17.326-0800][gc,marking  ] GC(5) Concurrent Preclean
[2024-11-08T17:05:17.326-0800][gc,marking  ] GC(5) Concurrent Preclean 0.029ms
[2024-11-08T17:05:17.326-0800][gc,start    ] GC(5) Pause Remark
[2024-11-08T17:05:17.338-0800][gc          ] GC(5) Pause Remark 145M->145M(1024M) 11.466ms
[2024-11-08T17:05:17.338-0800][gc,cpu      ] GC(5) User=0.01s Sys=0.02s Real=0.01s
[2024-11-08T17:05:17.338-0800][gc,marking  ] GC(5) Concurrent Mark 14.762ms
[2024-11-08T17:05:17.338-0800][gc,marking  ] GC(5) Concurrent Rebuild Remembered Sets
[2024-11-08T17:05:17.341-0800][gc,marking  ] GC(5) Concurrent Rebuild Remembered Sets 3.338ms
[2024-11-08T17:05:17.342-0800][gc,start    ] GC(5) Pause Cleanup
[2024-11-08T17:05:17.342-0800][gc          ] GC(5) Pause Cleanup 145M->145M(1024M) 0.127ms
[2024-11-08T17:05:17.342-0800][gc,cpu      ] GC(5) User=0.00s Sys=0.00s Real=0.00s
[2024-11-08T17:05:17.342-0800][gc,marking  ] GC(5) Concurrent Cleanup for Next Mark
[2024-11-08T17:05:17.346-0800][gc,marking  ] GC(5) Concurrent Cleanup for Next Mark 4.153ms
[2024-11-08T17:05:17.346-0800][gc          ] GC(5) Concurrent Mark Cycle 25.149ms
[2024-11-08T17:06:49.752-0800][gc,start    ] GC(6) Pause Young (Normal) (G1 Evacuation Pause)
[2024-11-08T17:06:49.752-0800][gc,task     ] GC(6) Using 9 workers of 9 for evacuation
[2024-11-08T17:06:49.770-0800][gc,phases   ] GC(6)   Pre Evacuate Collection Set: 0.3ms
[2024-11-08T17:06:49.770-0800][gc,phases   ] GC(6)   Merge Heap Roots: 0.1ms
[2024-11-08T17:06:49.770-0800][gc,phases   ] GC(6)   Evacuate Collection Set: 16.4ms
[2024-11-08T17:06:49.770-0800][gc,phases   ] GC(6)   Post Evacuate Collection Set: 0.6ms
[2024-11-08T17:06:49.770-0800][gc,phases   ] GC(6)   Other: 0.1ms
[2024-11-08T17:06:49.770-0800][gc,heap     ] GC(6) Eden regions: 49->0(46)
[2024-11-08T17:06:49.770-0800][gc,heap     ] GC(6) Survivor regions: 2->5(7)
[2024-11-08T17:06:49.770-0800][gc,heap     ] GC(6) Old regions: 14->14
[2024-11-08T17:06:49.770-0800][gc,heap     ] GC(6) Archive regions: 2->2
[2024-11-08T17:06:49.770-0800][gc,heap     ] GC(6) Humongous regions: 129->129
[2024-11-08T17:06:49.770-0800][gc,metaspace] GC(6) Metaspace: 42908K(43520K)->42908K(43520K) NonClass: 38129K(38464K)->38129K(38464K) Class: 4779K(5056K)->4779K(5056K)
[2024-11-08T17:06:49.770-0800][gc          ] GC(6) Pause Young (Normal) (G1 Evacuation Pause) 193M->148M(1024M) 17.819ms
[2024-11-08T17:06:49.770-0800][gc,cpu      ] GC(6) User=0.03s Sys=0.05s Real=0.02s
