[2024-11-08T17:05:02.083-0800][gc,init] CardTable entry size: 512
[2024-11-08T17:05:02.083-0800][gc     ] Using G1
[2024-11-08T17:05:02.087-0800][gc,init] Version: 19.0.1+10-21 (release)
[2024-11-08T17:05:02.087-0800][gc,init] CPUs: 10 total, 10 available
[2024-11-08T17:05:02.087-0800][gc,init] Memory: 16384M
[2024-11-08T17:05:02.087-0800][gc,init] Large Page Support: Disabled
[2024-11-08T17:05:02.087-0800][gc,init] NUMA Support: Disabled
[2024-11-08T17:05:02.087-0800][gc,init] Compressed Oops: Enabled (Zero based)
[2024-11-08T17:05:02.087-0800][gc,init] Heap Region Size: 1M
[2024-11-08T17:05:02.087-0800][gc,init] Heap Min Capacity: 1G
[2024-11-08T17:05:02.087-0800][gc,init] Heap Initial Capacity: 1G
[2024-11-08T17:05:02.087-0800][gc,init] Heap Max Capacity: 1G
[2024-11-08T17:05:02.087-0800][gc,init] Pre-touch: Disabled
[2024-11-08T17:05:02.087-0800][gc,init] Parallel Workers: 9
[2024-11-08T17:05:02.087-0800][gc,init] Concurrent Workers: 2
[2024-11-08T17:05:02.087-0800][gc,init] Concurrent Refinement Workers: 9
[2024-11-08T17:05:02.087-0800][gc,init] Periodic GC: Disabled
[2024-11-08T17:05:02.087-0800][gc,metaspace] CDS archive(s) mapped at: [0x0000000800000000-0x0000000800c44000-0x0000000800c44000), size 12861440, SharedBaseAddress: 0x0000000800000000, ArchiveRelocationMode: 0.
[2024-11-08T17:05:02.087-0800][gc,metaspace] Compressed class space mapped at: 0x0000000801000000-0x0000000841000000, reserved size: 1073741824
[2024-11-08T17:05:02.087-0800][gc,metaspace] Narrow klass base: 0x0000000800000000, Narrow klass shift: 0, Narrow klass range: 0x100000000
[2024-11-08T17:05:03.584-0800][gc,start    ] GC(0) Pause Young (Normal) (G1 Evacuation Pause)
[2024-11-08T17:05:03.585-0800][gc,task     ] GC(0) Using 9 workers of 9 for evacuation
[2024-11-08T17:05:03.598-0800][gc,phases   ] GC(0)   Pre Evacuate Collection Set: 0.2ms
[2024-11-08T17:05:03.598-0800][gc,phases   ] GC(0)   Merge Heap Roots: 0.1ms
[2024-11-08T17:05:03.598-0800][gc,phases   ] GC(0)   Evacuate Collection Set: 12.1ms
[2024-11-08T17:05:03.598-0800][gc,phases   ] GC(0)   Post Evacuate Collection Set: 0.6ms
[2024-11-08T17:05:03.598-0800][gc,phases   ] GC(0)   Other: 0.5ms
[2024-11-08T17:05:03.598-0800][gc,heap     ] GC(0) Eden regions: 51->0(44)
[2024-11-08T17:05:03.598-0800][gc,heap     ] GC(0) Survivor regions: 0->7(7)
[2024-11-08T17:05:03.598-0800][gc,heap     ] GC(0) Old regions: 0->2
[2024-11-08T17:05:03.598-0800][gc,heap     ] GC(0) Archive regions: 2->2
[2024-11-08T17:05:03.598-0800][gc,heap     ] GC(0) Humongous regions: 0->0
[2024-11-08T17:05:03.598-0800][gc,metaspace] GC(0) Metaspace: 17989K(18176K)->17989K(18176K) NonClass: 15905K(16000K)->15905K(16000K) Class: 2083K(2176K)->2083K(2176K)
[2024-11-08T17:05:03.598-0800][gc          ] GC(0) Pause Young (Normal) (G1 Evacuation Pause) 51M->9M(1024M) 13.743ms
[2024-11-08T17:05:03.598-0800][gc,cpu      ] GC(0) User=0.02s Sys=0.01s Real=0.01s
[2024-11-08T17:05:03.872-0800][gc,start    ] GC(1) Pause Young (Concurrent Start) (Metadata GC Threshold)
[2024-11-08T17:05:03.872-0800][gc,task     ] GC(1) Using 9 workers of 9 for evacuation
[2024-11-08T17:05:03.881-0800][gc,phases   ] GC(1)   Pre Evacuate Collection Set: 0.2ms
[2024-11-08T17:05:03.881-0800][gc,phases   ] GC(1)   Merge Heap Roots: 0.0ms
[2024-11-08T17:05:03.881-0800][gc,phases   ] GC(1)   Evacuate Collection Set: 9.0ms
[2024-11-08T17:05:03.881-0800][gc,phases   ] GC(1)   Post Evacuate Collection Set: 0.3ms
[2024-11-08T17:05:03.881-0800][gc,phases   ] GC(1)   Other: 0.1ms
[2024-11-08T17:05:03.881-0800][gc,heap     ] GC(1) Eden regions: 13->0(50)
[2024-11-08T17:05:03.881-0800][gc,heap     ] GC(1) Survivor regions: 7->1(7)
[2024-11-08T17:05:03.881-0800][gc,heap     ] GC(1) Old regions: 2->9
[2024-11-08T17:05:03.881-0800][gc,heap     ] GC(1) Archive regions: 2->2
[2024-11-08T17:05:03.881-0800][gc,heap     ] GC(1) Humongous regions: 0->0
[2024-11-08T17:05:03.881-0800][gc,metaspace] GC(1) Metaspace: 21300K(21504K)->21300K(21504K) NonClass: 18830K(18944K)->18830K(18944K) Class: 2469K(2560K)->2469K(2560K)
[2024-11-08T17:05:03.881-0800][gc          ] GC(1) Pause Young (Concurrent Start) (Metadata GC Threshold) 22M->10M(1024M) 9.749ms
[2024-11-08T17:05:03.881-0800][gc,cpu      ] GC(1) User=0.02s Sys=0.02s Real=0.01s
[2024-11-08T17:05:03.882-0800][gc          ] GC(2) Concurrent Mark Cycle
[2024-11-08T17:05:03.882-0800][gc,marking  ] GC(2) Concurrent Clear Claimed Marks
[2024-11-08T17:05:03.882-0800][gc,marking  ] GC(2) Concurrent Clear Claimed Marks 0.116ms
[2024-11-08T17:05:03.882-0800][gc,marking  ] GC(2) Concurrent Scan Root Regions
[2024-11-08T17:05:03.888-0800][gc,marking  ] GC(2) Concurrent Scan Root Regions 6.512ms
[2024-11-08T17:05:03.889-0800][gc,marking  ] GC(2) Concurrent Mark
[2024-11-08T17:05:03.889-0800][gc,marking  ] GC(2) Concurrent Mark From Roots
[2024-11-08T17:05:03.889-0800][gc,task     ] GC(2) Using 2 workers of 2 for marking
[2024-11-08T17:05:03.891-0800][gc,marking  ] GC(2) Concurrent Mark From Roots 2.570ms
[2024-11-08T17:05:03.891-0800][gc,marking  ] GC(2) Concurrent Preclean
[2024-11-08T17:05:03.891-0800][gc,marking  ] GC(2) Concurrent Preclean 0.018ms
[2024-11-08T17:05:03.892-0800][gc,start    ] GC(2) Pause Remark
[2024-11-08T17:05:03.899-0800][gc          ] GC(2) Pause Remark 10M->10M(1024M) 7.416ms
[2024-11-08T17:05:03.899-0800][gc,cpu      ] GC(2) User=0.01s Sys=0.01s Real=0.00s
[2024-11-08T17:05:03.899-0800][gc,marking  ] GC(2) Concurrent Mark 10.670ms
[2024-11-08T17:05:03.899-0800][gc,marking  ] GC(2) Concurrent Rebuild Remembered Sets
[2024-11-08T17:05:03.901-0800][gc,marking  ] GC(2) Concurrent Rebuild Remembered Sets 1.685ms
[2024-11-08T17:05:03.901-0800][gc,start    ] GC(2) Pause Cleanup
[2024-11-08T17:05:03.901-0800][gc          ] GC(2) Pause Cleanup 10M->10M(1024M) 0.125ms
[2024-11-08T17:05:03.901-0800][gc,cpu      ] GC(2) User=0.00s Sys=0.00s Real=0.00s
[2024-11-08T17:05:03.902-0800][gc,marking  ] GC(2) Concurrent Cleanup for Next Mark
[2024-11-08T17:05:03.905-0800][gc,marking  ] GC(2) Concurrent Cleanup for Next Mark 3.617ms
[2024-11-08T17:05:03.905-0800][gc          ] GC(2) Concurrent Mark Cycle 23.575ms
[2024-11-08T17:05:04.850-0800][gc,start    ] GC(3) Pause Young (Normal) (G1 Evacuation Pause)
[2024-11-08T17:05:04.850-0800][gc,task     ] GC(3) Using 9 workers of 9 for evacuation
[2024-11-08T17:05:04.852-0800][gc,phases   ] GC(3)   Pre Evacuate Collection Set: 0.1ms
[2024-11-08T17:05:04.853-0800][gc,phases   ] GC(3)   Merge Heap Roots: 0.1ms
[2024-11-08T17:05:04.853-0800][gc,phases   ] GC(3)   Evacuate Collection Set: 2.3ms
[2024-11-08T17:05:04.853-0800][gc,phases   ] GC(3)   Post Evacuate Collection Set: 0.3ms
[2024-11-08T17:05:04.853-0800][gc,phases   ] GC(3)   Other: 0.0ms
[2024-11-08T17:05:04.853-0800][gc,heap     ] GC(3) Eden regions: 50->0(45)
[2024-11-08T17:05:04.853-0800][gc,heap     ] GC(3) Survivor regions: 1->6(7)
[2024-11-08T17:05:04.853-0800][gc,heap     ] GC(3) Old regions: 9->9
[2024-11-08T17:05:04.853-0800][gc,heap     ] GC(3) Archive regions: 2->2
[2024-11-08T17:05:04.853-0800][gc,heap     ] GC(3) Humongous regions: 129->129
[2024-11-08T17:05:04.853-0800][gc,metaspace] GC(3) Metaspace: 32191K(32512K)->32191K(32512K) NonClass: 28670K(28864K)->28670K(28864K) Class: 3521K(3648K)->3521K(3648K)
[2024-11-08T17:05:04.853-0800][gc          ] GC(3) Pause Young (Normal) (G1 Evacuation Pause) 189M->143M(1024M) 2.975ms
[2024-11-08T17:05:04.853-0800][gc,cpu      ] GC(3) User=0.01s Sys=0.00s Real=0.00s
[2024-11-08T17:05:05.047-0800][gc,start    ] GC(4) Pause Young (Concurrent Start) (Metadata GC Threshold)
[2024-11-08T17:05:05.047-0800][gc,task     ] GC(4) Using 9 workers of 9 for evacuation
[2024-11-08T17:05:05.051-0800][gc,phases   ] GC(4)   Pre Evacuate Collection Set: 0.2ms
[2024-11-08T17:05:05.051-0800][gc,phases   ] GC(4)   Merge Heap Roots: 0.0ms
[2024-11-08T17:05:05.051-0800][gc,phases   ] GC(4)   Evacuate Collection Set: 3.0ms
[2024-11-08T17:05:05.051-0800][gc,phases   ] GC(4)   Post Evacuate Collection Set: 0.2ms
[2024-11-08T17:05:05.051-0800][gc,phases   ] GC(4)   Other: 0.1ms
[2024-11-08T17:05:05.051-0800][gc,heap     ] GC(4) Eden regions: 14->0(49)
[2024-11-08T17:05:05.051-0800][gc,heap     ] GC(4) Survivor regions: 6->2(7)
[2024-11-08T17:05:05.051-0800][gc,heap     ] GC(4) Old regions: 9->14
[2024-11-08T17:05:05.051-0800][gc,heap     ] GC(4) Archive regions: 2->2
[2024-11-08T17:05:05.051-0800][gc,heap     ] GC(4) Humongous regions: 129->129
[2024-11-08T17:05:05.051-0800][gc,metaspace] GC(4) Metaspace: 35785K(36096K)->35785K(36096K) NonClass: 31984K(32128K)->31984K(32128K) Class: 3801K(3968K)->3801K(3968K)
[2024-11-08T17:05:05.051-0800][gc          ] GC(4) Pause Young (Concurrent Start) (Metadata GC Threshold) 157M->145M(1024M) 3.729ms
[2024-11-08T17:05:05.051-0800][gc          ] GC(5) Concurrent Mark Cycle
[2024-11-08T17:05:05.051-0800][gc,cpu      ] GC(4) User=0.01s Sys=0.01s Real=0.01s
[2024-11-08T17:05:05.051-0800][gc,marking  ] GC(5) Concurrent Clear Claimed Marks
[2024-11-08T17:05:05.051-0800][gc,marking  ] GC(5) Concurrent Clear Claimed Marks 0.021ms
[2024-11-08T17:05:05.051-0800][gc,marking  ] GC(5) Concurrent Scan Root Regions
[2024-11-08T17:05:05.053-0800][gc,marking  ] GC(5) Concurrent Scan Root Regions 1.862ms
[2024-11-08T17:05:05.053-0800][gc,marking  ] GC(5) Concurrent Mark
[2024-11-08T17:05:05.053-0800][gc,marking  ] GC(5) Concurrent Mark From Roots
[2024-11-08T17:05:05.053-0800][gc,task     ] GC(5) Using 2 workers of 2 for marking
[2024-11-08T17:05:05.056-0800][gc,marking  ] GC(5) Concurrent Mark From Roots 3.317ms
[2024-11-08T17:05:05.056-0800][gc,marking  ] GC(5) Concurrent Preclean
[2024-11-08T17:05:05.056-0800][gc,marking  ] GC(5) Concurrent Preclean 0.040ms
[2024-11-08T17:05:05.057-0800][gc,start    ] GC(5) Pause Remark
[2024-11-08T17:05:05.066-0800][gc          ] GC(5) Pause Remark 145M->145M(1024M) 9.495ms
[2024-11-08T17:05:05.066-0800][gc,cpu      ] GC(5) User=0.02s Sys=0.01s Real=0.01s
[2024-11-08T17:05:05.067-0800][gc,marking  ] GC(5) Concurrent Mark 13.625ms
[2024-11-08T17:05:05.067-0800][gc,marking  ] GC(5) Concurrent Rebuild Remembered Sets
[2024-11-08T17:05:05.070-0800][gc,marking  ] GC(5) Concurrent Rebuild Remembered Sets 3.281ms
[2024-11-08T17:05:05.070-0800][gc,start    ] GC(5) Pause Cleanup
[2024-11-08T17:05:05.070-0800][gc          ] GC(5) Pause Cleanup 145M->145M(1024M) 0.109ms
[2024-11-08T17:05:05.070-0800][gc,cpu      ] GC(5) User=0.00s Sys=0.00s Real=0.00s
[2024-11-08T17:05:05.070-0800][gc,marking  ] GC(5) Concurrent Cleanup for Next Mark
[2024-11-08T17:05:05.077-0800][gc,marking  ] GC(5) Concurrent Cleanup for Next Mark 6.491ms
[2024-11-08T17:05:05.077-0800][gc          ] GC(5) Concurrent Mark Cycle 25.884ms
[2024-11-08T17:07:34.336-0800][gc,start    ] GC(6) Pause Young (Prepare Mixed) (G1 Evacuation Pause)
[2024-11-08T17:07:34.337-0800][gc,task     ] GC(6) Using 9 workers of 9 for evacuation
[2024-11-08T17:07:34.405-0800][gc,mmu      ] GC(6) MMU target violated: 21.0ms (20.0ms/21.0ms)
[2024-11-08T17:07:34.405-0800][gc,phases   ] GC(6)   Pre Evacuate Collection Set: 1.1ms
[2024-11-08T17:07:34.405-0800][gc,phases   ] GC(6)   Merge Heap Roots: 0.5ms
[2024-11-08T17:07:34.405-0800][gc,phases   ] GC(6)   Evacuate Collection Set: 64.7ms
[2024-11-08T17:07:34.405-0800][gc,phases   ] GC(6)   Post Evacuate Collection Set: 0.8ms
[2024-11-08T17:07:34.405-0800][gc,phases   ] GC(6)   Other: 0.4ms
[2024-11-08T17:07:34.405-0800][gc,heap     ] GC(6) Eden regions: 49->0(46)
[2024-11-08T17:07:34.405-0800][gc,heap     ] GC(6) Survivor regions: 2->5(7)
[2024-11-08T17:07:34.405-0800][gc,heap     ] GC(6) Old regions: 14->14
[2024-11-08T17:07:34.405-0800][gc,heap     ] GC(6) Archive regions: 2->2
[2024-11-08T17:07:34.405-0800][gc,heap     ] GC(6) Humongous regions: 135->129
[2024-11-08T17:07:34.405-0800][gc,metaspace] GC(6) Metaspace: 42307K(42816K)->42307K(42816K) NonClass: 37665K(37888K)->37665K(37888K) Class: 4642K(4928K)->4642K(4928K)
[2024-11-08T17:07:34.405-0800][gc          ] GC(6) Pause Young (Prepare Mixed) (G1 Evacuation Pause) 200M->148M(1024M) 68.605ms
[2024-11-08T17:07:34.405-0800][gc,cpu      ] GC(6) User=0.06s Sys=0.19s Real=0.07s
[2024-11-08T17:10:10.491-0800][gc,heap,exit] Heap
[2024-11-08T17:10:10.491-0800][gc,heap,exit]  garbage-first heap   total 1048576K, used 194957K [0x00000007c0000000, 0x0000000800000000)
[2024-11-08T17:10:10.491-0800][gc,heap,exit]   region size 1024K, 48 young (49152K), 5 survivors (5120K)
[2024-11-08T17:10:10.491-0800][gc,heap,exit]  Metaspace       used 44408K, committed 45056K, reserved 1114112K
[2024-11-08T17:10:10.491-0800][gc,heap,exit]   class space    used 4993K, committed 5312K, reserved 1048576K
