[2024-11-08T17:04:30.904-0800][gc,init] CardTable entry size: 512
[2024-11-08T17:04:30.904-0800][gc     ] Using G1
[2024-11-08T17:04:30.908-0800][gc,init] Version: 19.0.1+10-21 (release)
[2024-11-08T17:04:30.908-0800][gc,init] CPUs: 10 total, 10 available
[2024-11-08T17:04:30.908-0800][gc,init] Memory: 16384M
[2024-11-08T17:04:30.908-0800][gc,init] Large Page Support: Disabled
[2024-11-08T17:04:30.908-0800][gc,init] NUMA Support: Disabled
[2024-11-08T17:04:30.908-0800][gc,init] Compressed Oops: Enabled (Zero based)
[2024-11-08T17:04:30.908-0800][gc,init] Heap Region Size: 1M
[2024-11-08T17:04:30.908-0800][gc,init] Heap Min Capacity: 1G
[2024-11-08T17:04:30.908-0800][gc,init] Heap Initial Capacity: 1G
[2024-11-08T17:04:30.908-0800][gc,init] Heap Max Capacity: 1G
[2024-11-08T17:04:30.908-0800][gc,init] Pre-touch: Disabled
[2024-11-08T17:04:30.908-0800][gc,init] Parallel Workers: 9
[2024-11-08T17:04:30.908-0800][gc,init] Concurrent Workers: 2
[2024-11-08T17:04:30.908-0800][gc,init] Concurrent Refinement Workers: 9
[2024-11-08T17:04:30.908-0800][gc,init] Periodic GC: Disabled
[2024-11-08T17:04:30.908-0800][gc,metaspace] CDS archive(s) mapped at: [0x0000000800000000-0x0000000800c44000-0x0000000800c44000), size 12861440, SharedBaseAddress: 0x0000000800000000, ArchiveRelocationMode: 0.
[2024-11-08T17:04:30.908-0800][gc,metaspace] Compressed class space mapped at: 0x0000000801000000-0x0000000841000000, reserved size: 1073741824
[2024-11-08T17:04:30.908-0800][gc,metaspace] Narrow klass base: 0x0000000800000000, Narrow klass shift: 0, Narrow klass range: 0x100000000
[2024-11-08T17:04:32.356-0800][gc,start    ] GC(0) Pause Young (Normal) (G1 Evacuation Pause)
[2024-11-08T17:04:32.356-0800][gc,task     ] GC(0) Using 9 workers of 9 for evacuation
[2024-11-08T17:04:32.369-0800][gc,phases   ] GC(0)   Pre Evacuate Collection Set: 0.1ms
[2024-11-08T17:04:32.369-0800][gc,phases   ] GC(0)   Merge Heap Roots: 0.1ms
[2024-11-08T17:04:32.369-0800][gc,phases   ] GC(0)   Evacuate Collection Set: 12.4ms
[2024-11-08T17:04:32.369-0800][gc,phases   ] GC(0)   Post Evacuate Collection Set: 0.5ms
[2024-11-08T17:04:32.369-0800][gc,phases   ] GC(0)   Other: 0.5ms
[2024-11-08T17:04:32.369-0800][gc,heap     ] GC(0) Eden regions: 51->0(44)
[2024-11-08T17:04:32.369-0800][gc,heap     ] GC(0) Survivor regions: 0->7(7)
[2024-11-08T17:04:32.369-0800][gc,heap     ] GC(0) Old regions: 0->2
[2024-11-08T17:04:32.369-0800][gc,heap     ] GC(0) Archive regions: 2->2
[2024-11-08T17:04:32.369-0800][gc,heap     ] GC(0) Humongous regions: 0->0
[2024-11-08T17:04:32.369-0800][gc,metaspace] GC(0) Metaspace: 17983K(18176K)->17983K(18176K) NonClass: 15899K(16000K)->15899K(16000K) Class: 2083K(2176K)->2083K(2176K)
[2024-11-08T17:04:32.370-0800][gc          ] GC(0) Pause Young (Normal) (G1 Evacuation Pause) 51M->9M(1024M) 13.988ms
[2024-11-08T17:04:32.370-0800][gc,cpu      ] GC(0) User=0.02s Sys=0.01s Real=0.02s
[2024-11-08T17:04:32.661-0800][gc,start    ] GC(1) Pause Young (Concurrent Start) (Metadata GC Threshold)
[2024-11-08T17:04:32.661-0800][gc,task     ] GC(1) Using 9 workers of 9 for evacuation
[2024-11-08T17:04:32.670-0800][gc,phases   ] GC(1)   Pre Evacuate Collection Set: 0.2ms
[2024-11-08T17:04:32.670-0800][gc,phases   ] GC(1)   Merge Heap Roots: 0.0ms
[2024-11-08T17:04:32.671-0800][gc,phases   ] GC(1)   Evacuate Collection Set: 8.5ms
[2024-11-08T17:04:32.671-0800][gc,phases   ] GC(1)   Post Evacuate Collection Set: 0.3ms
[2024-11-08T17:04:32.671-0800][gc,phases   ] GC(1)   Other: 0.1ms
[2024-11-08T17:04:32.671-0800][gc,heap     ] GC(1) Eden regions: 13->0(50)
[2024-11-08T17:04:32.671-0800][gc,heap     ] GC(1) Survivor regions: 7->1(7)
[2024-11-08T17:04:32.671-0800][gc,heap     ] GC(1) Old regions: 2->8
[2024-11-08T17:04:32.671-0800][gc,heap     ] GC(1) Archive regions: 2->2
[2024-11-08T17:04:32.671-0800][gc,heap     ] GC(1) Humongous regions: 0->0
[2024-11-08T17:04:32.671-0800][gc,metaspace] GC(1) Metaspace: 21296K(21504K)->21296K(21504K) NonClass: 18826K(18944K)->18826K(18944K) Class: 2469K(2560K)->2469K(2560K)
[2024-11-08T17:04:32.671-0800][gc          ] GC(1) Pause Young (Concurrent Start) (Metadata GC Threshold) 21M->9M(1024M) 9.252ms
[2024-11-08T17:04:32.671-0800][gc,cpu      ] GC(1) User=0.02s Sys=0.02s Real=0.01s
[2024-11-08T17:04:32.671-0800][gc          ] GC(2) Concurrent Mark Cycle
[2024-11-08T17:04:32.671-0800][gc,marking  ] GC(2) Concurrent Clear Claimed Marks
[2024-11-08T17:04:32.671-0800][gc,marking  ] GC(2) Concurrent Clear Claimed Marks 0.015ms
[2024-11-08T17:04:32.671-0800][gc,marking  ] GC(2) Concurrent Scan Root Regions
[2024-11-08T17:04:32.674-0800][gc,marking  ] GC(2) Concurrent Scan Root Regions 3.082ms
[2024-11-08T17:04:32.674-0800][gc,marking  ] GC(2) Concurrent Mark
[2024-11-08T17:04:32.674-0800][gc,marking  ] GC(2) Concurrent Mark From Roots
[2024-11-08T17:04:32.674-0800][gc,task     ] GC(2) Using 2 workers of 2 for marking
[2024-11-08T17:04:32.678-0800][gc,marking  ] GC(2) Concurrent Mark From Roots 3.441ms
[2024-11-08T17:04:32.678-0800][gc,marking  ] GC(2) Concurrent Preclean
[2024-11-08T17:04:32.678-0800][gc,marking  ] GC(2) Concurrent Preclean 0.018ms
[2024-11-08T17:04:32.678-0800][gc,start    ] GC(2) Pause Remark
[2024-11-08T17:04:32.685-0800][gc          ] GC(2) Pause Remark 10M->10M(1024M) 6.995ms
[2024-11-08T17:04:32.685-0800][gc,cpu      ] GC(2) User=0.01s Sys=0.00s Real=0.01s
[2024-11-08T17:04:32.685-0800][gc,marking  ] GC(2) Concurrent Mark 10.835ms
[2024-11-08T17:04:32.685-0800][gc,marking  ] GC(2) Concurrent Rebuild Remembered Sets
[2024-11-08T17:04:32.685-0800][gc,marking  ] GC(2) Concurrent Rebuild Remembered Sets 0.009ms
[2024-11-08T17:04:32.685-0800][gc,start    ] GC(2) Pause Cleanup
[2024-11-08T17:04:32.685-0800][gc          ] GC(2) Pause Cleanup 10M->10M(1024M) 0.009ms
[2024-11-08T17:04:32.685-0800][gc,cpu      ] GC(2) User=0.00s Sys=0.00s Real=0.00s
[2024-11-08T17:04:32.685-0800][gc,marking  ] GC(2) Concurrent Cleanup for Next Mark
[2024-11-08T17:04:32.688-0800][gc,marking  ] GC(2) Concurrent Cleanup for Next Mark 3.131ms
[2024-11-08T17:04:32.688-0800][gc          ] GC(2) Concurrent Mark Cycle 17.558ms
[2024-11-08T17:04:33.686-0800][gc,start    ] GC(3) Pause Young (Normal) (G1 Evacuation Pause)
[2024-11-08T17:04:33.686-0800][gc,task     ] GC(3) Using 9 workers of 9 for evacuation
[2024-11-08T17:04:33.689-0800][gc,phases   ] GC(3)   Pre Evacuate Collection Set: 0.1ms
[2024-11-08T17:04:33.689-0800][gc,phases   ] GC(3)   Merge Heap Roots: 0.1ms
[2024-11-08T17:04:33.689-0800][gc,phases   ] GC(3)   Evacuate Collection Set: 2.2ms
[2024-11-08T17:04:33.689-0800][gc,phases   ] GC(3)   Post Evacuate Collection Set: 0.4ms
[2024-11-08T17:04:33.689-0800][gc,phases   ] GC(3)   Other: 0.1ms
[2024-11-08T17:04:33.689-0800][gc,heap     ] GC(3) Eden regions: 50->0(45)
[2024-11-08T17:04:33.689-0800][gc,heap     ] GC(3) Survivor regions: 1->6(7)
[2024-11-08T17:04:33.689-0800][gc,heap     ] GC(3) Old regions: 8->8
[2024-11-08T17:04:33.689-0800][gc,heap     ] GC(3) Archive regions: 2->2
[2024-11-08T17:04:33.689-0800][gc,heap     ] GC(3) Humongous regions: 129->129
[2024-11-08T17:04:33.689-0800][gc,metaspace] GC(3) Metaspace: 32171K(32448K)->32171K(32448K) NonClass: 28651K(28800K)->28651K(28800K) Class: 3520K(3648K)->3520K(3648K)
[2024-11-08T17:04:33.689-0800][gc          ] GC(3) Pause Young (Normal) (G1 Evacuation Pause) 188M->143M(1024M) 3.005ms
[2024-11-08T17:04:33.689-0800][gc,cpu      ] GC(3) User=0.02s Sys=0.00s Real=0.00s
[2024-11-08T17:04:33.864-0800][gc,start    ] GC(4) Pause Young (Concurrent Start) (Metadata GC Threshold)
[2024-11-08T17:04:33.864-0800][gc,task     ] GC(4) Using 9 workers of 9 for evacuation
[2024-11-08T17:04:33.868-0800][gc,phases   ] GC(4)   Pre Evacuate Collection Set: 0.2ms
[2024-11-08T17:04:33.868-0800][gc,phases   ] GC(4)   Merge Heap Roots: 0.0ms
[2024-11-08T17:04:33.868-0800][gc,phases   ] GC(4)   Evacuate Collection Set: 3.7ms
[2024-11-08T17:04:33.868-0800][gc,phases   ] GC(4)   Post Evacuate Collection Set: 0.3ms
[2024-11-08T17:04:33.868-0800][gc,phases   ] GC(4)   Other: 0.1ms
[2024-11-08T17:04:33.868-0800][gc,heap     ] GC(4) Eden regions: 14->0(49)
[2024-11-08T17:04:33.868-0800][gc,heap     ] GC(4) Survivor regions: 6->2(7)
[2024-11-08T17:04:33.868-0800][gc,heap     ] GC(4) Old regions: 8->14
[2024-11-08T17:04:33.868-0800][gc,heap     ] GC(4) Archive regions: 2->2
[2024-11-08T17:04:33.868-0800][gc,heap     ] GC(4) Humongous regions: 129->129
[2024-11-08T17:04:33.868-0800][gc,metaspace] GC(4) Metaspace: 35637K(35968K)->35637K(35968K) NonClass: 31782K(32000K)->31782K(32000K) Class: 3854K(3968K)->3854K(3968K)
[2024-11-08T17:04:33.868-0800][gc          ] GC(4) Pause Young (Concurrent Start) (Metadata GC Threshold) 157M->145M(1024M) 4.550ms
[2024-11-08T17:04:33.868-0800][gc          ] GC(5) Concurrent Mark Cycle
[2024-11-08T17:04:33.868-0800][gc,cpu      ] GC(4) User=0.02s Sys=0.00s Real=0.00s
[2024-11-08T17:04:33.868-0800][gc,marking  ] GC(5) Concurrent Clear Claimed Marks
[2024-11-08T17:04:33.868-0800][gc,marking  ] GC(5) Concurrent Clear Claimed Marks 0.025ms
[2024-11-08T17:04:33.868-0800][gc,marking  ] GC(5) Concurrent Scan Root Regions
[2024-11-08T17:04:33.870-0800][gc,marking  ] GC(5) Concurrent Scan Root Regions 1.861ms
[2024-11-08T17:04:33.870-0800][gc,marking  ] GC(5) Concurrent Mark
[2024-11-08T17:04:33.870-0800][gc,marking  ] GC(5) Concurrent Mark From Roots
[2024-11-08T17:04:33.870-0800][gc,task     ] GC(5) Using 2 workers of 2 for marking
[2024-11-08T17:04:33.874-0800][gc,marking  ] GC(5) Concurrent Mark From Roots 3.978ms
[2024-11-08T17:04:33.874-0800][gc,marking  ] GC(5) Concurrent Preclean
[2024-11-08T17:04:33.874-0800][gc,marking  ] GC(5) Concurrent Preclean 0.049ms
[2024-11-08T17:04:33.875-0800][gc,start    ] GC(5) Pause Remark
[2024-11-08T17:04:33.887-0800][gc          ] GC(5) Pause Remark 146M->146M(1024M) 11.650ms
[2024-11-08T17:04:33.887-0800][gc,cpu      ] GC(5) User=0.01s Sys=0.01s Real=0.01s
[2024-11-08T17:04:33.887-0800][gc,marking  ] GC(5) Concurrent Mark 16.697ms
[2024-11-08T17:04:33.887-0800][gc,marking  ] GC(5) Concurrent Rebuild Remembered Sets
[2024-11-08T17:04:33.891-0800][gc,marking  ] GC(5) Concurrent Rebuild Remembered Sets 3.695ms
[2024-11-08T17:04:33.891-0800][gc,start    ] GC(5) Pause Cleanup
[2024-11-08T17:04:33.891-0800][gc          ] GC(5) Pause Cleanup 146M->146M(1024M) 0.126ms
[2024-11-08T17:04:33.891-0800][gc,cpu      ] GC(5) User=0.00s Sys=0.00s Real=0.00s
[2024-11-08T17:04:33.891-0800][gc,marking  ] GC(5) Concurrent Cleanup for Next Mark
[2024-11-08T17:04:33.894-0800][gc,marking  ] GC(5) Concurrent Cleanup for Next Mark 3.081ms
[2024-11-08T17:04:33.894-0800][gc          ] GC(5) Concurrent Mark Cycle 25.834ms
[2024-11-08T17:05:05.996-0800][gc,start    ] GC(6) Pause Young (Normal) (G1 Evacuation Pause)
[2024-11-08T17:05:05.996-0800][gc,task     ] GC(6) Using 9 workers of 9 for evacuation
[2024-11-08T17:05:06.003-0800][gc,phases   ] GC(6)   Pre Evacuate Collection Set: 0.1ms
[2024-11-08T17:05:06.003-0800][gc,phases   ] GC(6)   Merge Heap Roots: 0.1ms
[2024-11-08T17:05:06.003-0800][gc,phases   ] GC(6)   Evacuate Collection Set: 6.3ms
[2024-11-08T17:05:06.003-0800][gc,phases   ] GC(6)   Post Evacuate Collection Set: 0.5ms
[2024-11-08T17:05:06.003-0800][gc,phases   ] GC(6)   Other: 0.1ms
[2024-11-08T17:05:06.003-0800][gc,heap     ] GC(6) Eden regions: 49->0(47)
[2024-11-08T17:05:06.003-0800][gc,heap     ] GC(6) Survivor regions: 2->4(7)
[2024-11-08T17:05:06.003-0800][gc,heap     ] GC(6) Old regions: 14->14
[2024-11-08T17:05:06.003-0800][gc,heap     ] GC(6) Archive regions: 2->2
[2024-11-08T17:05:06.003-0800][gc,heap     ] GC(6) Humongous regions: 135->129
[2024-11-08T17:05:06.003-0800][gc,metaspace] GC(6) Metaspace: 42710K(43328K)->42710K(43328K) NonClass: 37798K(38144K)->37798K(38144K) Class: 4912K(5184K)->4912K(5184K)
[2024-11-08T17:05:06.003-0800][gc          ] GC(6) Pause Young (Normal) (G1 Evacuation Pause) 200M->146M(1024M) 7.526ms
[2024-11-08T17:05:06.003-0800][gc,cpu      ] GC(6) User=0.03s Sys=0.00s Real=0.01s
[2024-11-08T17:07:22.773-0800][gc,start    ] GC(7) Pause Young (Normal) (G1 Evacuation Pause)
[2024-11-08T17:07:22.775-0800][gc,task     ] GC(7) Using 9 workers of 9 for evacuation
[2024-11-08T17:07:22.852-0800][gc,mmu      ] GC(7) MMU target violated: 21.0ms (20.0ms/21.0ms)
[2024-11-08T17:07:22.852-0800][gc,phases   ] GC(7)   Pre Evacuate Collection Set: 0.9ms
[2024-11-08T17:07:22.852-0800][gc,phases   ] GC(7)   Merge Heap Roots: 0.3ms
[2024-11-08T17:07:22.852-0800][gc,phases   ] GC(7)   Evacuate Collection Set: 75.1ms
[2024-11-08T17:07:22.852-0800][gc,phases   ] GC(7)   Post Evacuate Collection Set: 0.7ms
[2024-11-08T17:07:22.852-0800][gc,phases   ] GC(7)   Other: 0.3ms
[2024-11-08T17:07:22.852-0800][gc,heap     ] GC(7) Eden regions: 47->0(44)
[2024-11-08T17:07:22.852-0800][gc,heap     ] GC(7) Survivor regions: 4->7(7)
[2024-11-08T17:07:22.852-0800][gc,heap     ] GC(7) Old regions: 14->14
[2024-11-08T17:07:22.852-0800][gc,heap     ] GC(7) Archive regions: 2->2
[2024-11-08T17:07:22.852-0800][gc,heap     ] GC(7) Humongous regions: 129->129
[2024-11-08T17:07:22.852-0800][gc,metaspace] GC(7) Metaspace: 45997K(46720K)->45997K(46720K) NonClass: 40653K(41024K)->40653K(41024K) Class: 5343K(5696K)->5343K(5696K)
[2024-11-08T17:07:22.852-0800][gc          ] GC(7) Pause Young (Normal) (G1 Evacuation Pause) 193M->150M(1024M) 79.141ms
[2024-11-08T17:07:22.852-0800][gc,cpu      ] GC(7) User=0.05s Sys=0.15s Real=0.08s
[2024-11-08T17:11:54.543-0800][gc,start    ] GC(8) Pause Young (Normal) (G1 Evacuation Pause)
[2024-11-08T17:11:54.543-0800][gc,task     ] GC(8) Using 9 workers of 9 for evacuation
[2024-11-08T17:11:54.613-0800][gc,mmu      ] GC(8) MMU target violated: 21.0ms (20.0ms/21.0ms)
[2024-11-08T17:11:54.613-0800][gc,phases   ] GC(8)   Pre Evacuate Collection Set: 0.8ms
[2024-11-08T17:11:54.613-0800][gc,phases   ] GC(8)   Merge Heap Roots: 1.1ms
[2024-11-08T17:11:54.613-0800][gc,phases   ] GC(8)   Evacuate Collection Set: 66.9ms
[2024-11-08T17:11:54.613-0800][gc,phases   ] GC(8)   Post Evacuate Collection Set: 0.8ms
[2024-11-08T17:11:54.613-0800][gc,phases   ] GC(8)   Other: 0.4ms
[2024-11-08T17:11:54.613-0800][gc,heap     ] GC(8) Eden regions: 44->0(47)
[2024-11-08T17:11:54.613-0800][gc,heap     ] GC(8) Survivor regions: 7->4(7)
[2024-11-08T17:11:54.613-0800][gc,heap     ] GC(8) Old regions: 14->17
[2024-11-08T17:11:54.613-0800][gc,heap     ] GC(8) Archive regions: 2->2
[2024-11-08T17:11:54.613-0800][gc,heap     ] GC(8) Humongous regions: 129->129
[2024-11-08T17:11:54.613-0800][gc,metaspace] GC(8) Metaspace: 47168K(47936K)->47168K(47936K) NonClass: 41626K(42048K)->41626K(42048K) Class: 5541K(5888K)->5541K(5888K)
[2024-11-08T17:11:54.613-0800][gc          ] GC(8) Pause Young (Normal) (G1 Evacuation Pause) 194M->150M(1024M) 70.520ms
[2024-11-08T17:11:54.613-0800][gc,cpu      ] GC(8) User=0.07s Sys=0.18s Real=0.07s
[2024-11-08T17:58:15.163-0800][gc,start    ] GC(9) Pause Young (Normal) (G1 Evacuation Pause)
[2024-11-08T17:58:15.163-0800][gc,task     ] GC(9) Using 9 workers of 9 for evacuation
[2024-11-08T17:58:15.199-0800][gc,mmu      ] GC(9) MMU target violated: 21.0ms (20.0ms/21.0ms)
[2024-11-08T17:58:15.199-0800][gc,phases   ] GC(9)   Pre Evacuate Collection Set: 1.1ms
[2024-11-08T17:58:15.199-0800][gc,phases   ] GC(9)   Merge Heap Roots: 0.5ms
[2024-11-08T17:58:15.199-0800][gc,phases   ] GC(9)   Evacuate Collection Set: 31.9ms
[2024-11-08T17:58:15.199-0800][gc,phases   ] GC(9)   Post Evacuate Collection Set: 1.7ms
[2024-11-08T17:58:15.199-0800][gc,phases   ] GC(9)   Other: 0.8ms
[2024-11-08T17:58:15.199-0800][gc,heap     ] GC(9) Eden regions: 47->0(47)
[2024-11-08T17:58:15.199-0800][gc,heap     ] GC(9) Survivor regions: 4->4(7)
[2024-11-08T17:58:15.199-0800][gc,heap     ] GC(9) Old regions: 17->17
[2024-11-08T17:58:15.199-0800][gc,heap     ] GC(9) Archive regions: 2->2
[2024-11-08T17:58:15.199-0800][gc,heap     ] GC(9) Humongous regions: 129->129
[2024-11-08T17:58:15.199-0800][gc,metaspace] GC(9) Metaspace: 47216K(47936K)->47216K(47936K) NonClass: 41675K(42048K)->41675K(42048K) Class: 5541K(5888K)->5541K(5888K)
[2024-11-08T17:58:15.200-0800][gc          ] GC(9) Pause Young (Normal) (G1 Evacuation Pause) 197M->150M(1024M) 36.949ms
[2024-11-08T17:58:15.200-0800][gc,cpu      ] GC(9) User=0.04s Sys=0.08s Real=0.04s
[2024-11-08T18:40:04.502-0800][gc,start    ] GC(10) Pause Young (Normal) (G1 Evacuation Pause)
[2024-11-08T18:40:04.503-0800][gc,task     ] GC(10) Using 9 workers of 9 for evacuation
[2024-11-08T18:40:04.544-0800][gc,mmu      ] GC(10) MMU target violated: 21.0ms (20.0ms/21.0ms)
[2024-11-08T18:40:04.544-0800][gc,phases   ] GC(10)   Pre Evacuate Collection Set: 1.1ms
[2024-11-08T18:40:04.544-0800][gc,phases   ] GC(10)   Merge Heap Roots: 0.5ms
[2024-11-08T18:40:04.544-0800][gc,phases   ] GC(10)   Evacuate Collection Set: 37.4ms
[2024-11-08T18:40:04.544-0800][gc,phases   ] GC(10)   Post Evacuate Collection Set: 1.3ms
[2024-11-08T18:40:04.544-0800][gc,phases   ] GC(10)   Other: 0.7ms
[2024-11-08T18:40:04.544-0800][gc,heap     ] GC(10) Eden regions: 47->0(47)
[2024-11-08T18:40:04.544-0800][gc,heap     ] GC(10) Survivor regions: 4->4(7)
[2024-11-08T18:40:04.544-0800][gc,heap     ] GC(10) Old regions: 17->17
[2024-11-08T18:40:04.544-0800][gc,heap     ] GC(10) Archive regions: 2->2
[2024-11-08T18:40:04.544-0800][gc,heap     ] GC(10) Humongous regions: 129->129
[2024-11-08T18:40:04.544-0800][gc,metaspace] GC(10) Metaspace: 47224K(47936K)->47224K(47936K) NonClass: 41682K(42048K)->41682K(42048K) Class: 5541K(5888K)->5541K(5888K)
[2024-11-08T18:40:04.544-0800][gc          ] GC(10) Pause Young (Normal) (G1 Evacuation Pause) 197M->150M(1024M) 41.729ms
[2024-11-08T18:40:04.544-0800][gc,cpu      ] GC(10) User=0.05s Sys=0.08s Real=0.04s
[2024-11-08T19:33:26.733-0800][gc,start    ] GC(11) Pause Young (Normal) (G1 Evacuation Pause)
[2024-11-08T19:33:26.735-0800][gc,task     ] GC(11) Using 9 workers of 9 for evacuation
[2024-11-08T19:33:26.764-0800][gc,mmu      ] GC(11) MMU target violated: 21.0ms (20.0ms/21.0ms)
[2024-11-08T19:33:26.764-0800][gc,phases   ] GC(11)   Pre Evacuate Collection Set: 1.1ms
[2024-11-08T19:33:26.764-0800][gc,phases   ] GC(11)   Merge Heap Roots: 0.5ms
[2024-11-08T19:33:26.764-0800][gc,phases   ] GC(11)   Evacuate Collection Set: 26.6ms
[2024-11-08T19:33:26.764-0800][gc,phases   ] GC(11)   Post Evacuate Collection Set: 1.2ms
[2024-11-08T19:33:26.765-0800][gc,phases   ] GC(11)   Other: 0.7ms
[2024-11-08T19:33:26.765-0800][gc,heap     ] GC(11) Eden regions: 47->0(47)
[2024-11-08T19:33:26.765-0800][gc,heap     ] GC(11) Survivor regions: 4->4(7)
[2024-11-08T19:33:26.765-0800][gc,heap     ] GC(11) Old regions: 17->17
[2024-11-08T19:33:26.765-0800][gc,heap     ] GC(11) Archive regions: 2->2
[2024-11-08T19:33:26.765-0800][gc,heap     ] GC(11) Humongous regions: 129->129
[2024-11-08T19:33:26.765-0800][gc,metaspace] GC(11) Metaspace: 47225K(47936K)->47225K(47936K) NonClass: 41684K(42048K)->41684K(42048K) Class: 5541K(5888K)->5541K(5888K)
[2024-11-08T19:33:26.765-0800][gc          ] GC(11) Pause Young (Normal) (G1 Evacuation Pause) 197M->149M(1024M) 32.010ms
[2024-11-08T19:33:26.765-0800][gc,cpu      ] GC(11) User=0.03s Sys=0.07s Real=0.03s
[2024-11-08T20:45:28.719-0800][gc,start    ] GC(12) Pause Young (Normal) (G1 Evacuation Pause)
[2024-11-08T20:45:28.721-0800][gc,task     ] GC(12) Using 9 workers of 9 for evacuation
[2024-11-08T20:45:28.753-0800][gc,mmu      ] GC(12) MMU target violated: 21.0ms (20.0ms/21.0ms)
[2024-11-08T20:45:28.753-0800][gc,phases   ] GC(12)   Pre Evacuate Collection Set: 1.1ms
[2024-11-08T20:45:28.753-0800][gc,phases   ] GC(12)   Merge Heap Roots: 0.5ms
[2024-11-08T20:45:28.753-0800][gc,phases   ] GC(12)   Evacuate Collection Set: 28.6ms
[2024-11-08T20:45:28.753-0800][gc,phases   ] GC(12)   Post Evacuate Collection Set: 1.3ms
[2024-11-08T20:45:28.753-0800][gc,phases   ] GC(12)   Other: 0.7ms
[2024-11-08T20:45:28.753-0800][gc,heap     ] GC(12) Eden regions: 47->0(47)
[2024-11-08T20:45:28.753-0800][gc,heap     ] GC(12) Survivor regions: 4->4(7)
[2024-11-08T20:45:28.753-0800][gc,heap     ] GC(12) Old regions: 17->17
[2024-11-08T20:45:28.753-0800][gc,heap     ] GC(12) Archive regions: 2->2
[2024-11-08T20:45:28.753-0800][gc,heap     ] GC(12) Humongous regions: 129->129
[2024-11-08T20:45:28.753-0800][gc,metaspace] GC(12) Metaspace: 47232K(47936K)->47232K(47936K) NonClass: 41691K(42048K)->41691K(42048K) Class: 5541K(5888K)->5541K(5888K)
[2024-11-08T20:45:28.753-0800][gc          ] GC(12) Pause Young (Normal) (G1 Evacuation Pause) 196M->149M(1024M) 34.027ms
[2024-11-08T20:45:28.753-0800][gc,cpu      ] GC(12) User=0.04s Sys=0.07s Real=0.04s
[2024-11-08T22:50:25.237-0800][gc,start    ] GC(13) Pause Young (Normal) (G1 Evacuation Pause)
[2024-11-08T22:50:25.239-0800][gc,task     ] GC(13) Using 9 workers of 9 for evacuation
[2024-11-08T22:50:25.274-0800][gc,mmu      ] GC(13) MMU target violated: 21.0ms (20.0ms/21.0ms)
[2024-11-08T22:50:25.274-0800][gc,phases   ] GC(13)   Pre Evacuate Collection Set: 1.1ms
[2024-11-08T22:50:25.274-0800][gc,phases   ] GC(13)   Merge Heap Roots: 0.6ms
[2024-11-08T22:50:25.274-0800][gc,phases   ] GC(13)   Evacuate Collection Set: 31.1ms
[2024-11-08T22:50:25.274-0800][gc,phases   ] GC(13)   Post Evacuate Collection Set: 1.2ms
[2024-11-08T22:50:25.274-0800][gc,phases   ] GC(13)   Other: 0.8ms
[2024-11-08T22:50:25.274-0800][gc,heap     ] GC(13) Eden regions: 47->0(47)
[2024-11-08T22:50:25.274-0800][gc,heap     ] GC(13) Survivor regions: 4->4(7)
[2024-11-08T22:50:25.274-0800][gc,heap     ] GC(13) Old regions: 17->17
[2024-11-08T22:50:25.274-0800][gc,heap     ] GC(13) Archive regions: 2->2
[2024-11-08T22:50:25.274-0800][gc,heap     ] GC(13) Humongous regions: 129->129
[2024-11-08T22:50:25.274-0800][gc,metaspace] GC(13) Metaspace: 47240K(47936K)->47240K(47936K) NonClass: 41699K(42048K)->41699K(42048K) Class: 5541K(5888K)->5541K(5888K)
[2024-11-08T22:50:25.274-0800][gc          ] GC(13) Pause Young (Normal) (G1 Evacuation Pause) 196M->149M(1024M) 37.225ms
[2024-11-08T22:50:25.274-0800][gc,cpu      ] GC(13) User=0.03s Sys=0.07s Real=0.04s
[2024-11-09T00:06:02.922-0800][gc,start    ] GC(14) Pause Young (Normal) (G1 Evacuation Pause)
[2024-11-09T00:06:02.924-0800][gc,task     ] GC(14) Using 9 workers of 9 for evacuation
[2024-11-09T00:06:02.954-0800][gc,mmu      ] GC(14) MMU target violated: 21.0ms (20.0ms/21.0ms)
[2024-11-09T00:06:02.954-0800][gc,phases   ] GC(14)   Pre Evacuate Collection Set: 1.0ms
[2024-11-09T00:06:02.954-0800][gc,phases   ] GC(14)   Merge Heap Roots: 0.6ms
[2024-11-09T00:06:02.954-0800][gc,phases   ] GC(14)   Evacuate Collection Set: 26.5ms
[2024-11-09T00:06:02.954-0800][gc,phases   ] GC(14)   Post Evacuate Collection Set: 1.2ms
[2024-11-09T00:06:02.954-0800][gc,phases   ] GC(14)   Other: 0.7ms
[2024-11-09T00:06:02.954-0800][gc,heap     ] GC(14) Eden regions: 47->0(56)
[2024-11-09T00:06:02.954-0800][gc,heap     ] GC(14) Survivor regions: 4->4(7)
[2024-11-09T00:06:02.954-0800][gc,heap     ] GC(14) Old regions: 17->17
[2024-11-09T00:06:02.954-0800][gc,heap     ] GC(14) Archive regions: 2->2
[2024-11-09T00:06:02.954-0800][gc,heap     ] GC(14) Humongous regions: 129->129
[2024-11-09T00:06:02.954-0800][gc,metaspace] GC(14) Metaspace: 47245K(47936K)->47245K(47936K) NonClass: 41704K(42048K)->41704K(42048K) Class: 5541K(5888K)->5541K(5888K)
[2024-11-09T00:06:02.954-0800][gc          ] GC(14) Pause Young (Normal) (G1 Evacuation Pause) 196M->150M(1024M) 32.324ms
[2024-11-09T00:06:02.954-0800][gc,cpu      ] GC(14) User=0.03s Sys=0.07s Real=0.03s
[2024-11-09T04:13:40.541-0800][gc,start    ] GC(15) Pause Young (Normal) (G1 Evacuation Pause)
[2024-11-09T04:13:40.543-0800][gc,task     ] GC(15) Using 9 workers of 9 for evacuation
[2024-11-09T04:13:40.582-0800][gc,mmu      ] GC(15) MMU target violated: 21.0ms (20.0ms/21.0ms)
[2024-11-09T04:13:40.582-0800][gc,phases   ] GC(15)   Pre Evacuate Collection Set: 1.1ms
[2024-11-09T04:13:40.582-0800][gc,phases   ] GC(15)   Merge Heap Roots: 0.6ms
[2024-11-09T04:13:40.582-0800][gc,phases   ] GC(15)   Evacuate Collection Set: 33.6ms
[2024-11-09T04:13:40.582-0800][gc,phases   ] GC(15)   Post Evacuate Collection Set: 1.6ms
[2024-11-09T04:13:40.582-0800][gc,phases   ] GC(15)   Other: 2.0ms
[2024-11-09T04:13:40.582-0800][gc,heap     ] GC(15) Eden regions: 48->0(64)
[2024-11-09T04:13:40.582-0800][gc,heap     ] GC(15) Survivor regions: 4->4(7)
[2024-11-09T04:13:40.582-0800][gc,heap     ] GC(15) Old regions: 17->17
[2024-11-09T04:13:40.582-0800][gc,heap     ] GC(15) Archive regions: 2->2
[2024-11-09T04:13:40.582-0800][gc,heap     ] GC(15) Humongous regions: 129->129
[2024-11-09T04:13:40.582-0800][gc,metaspace] GC(15) Metaspace: 47246K(47936K)->47246K(47936K) NonClass: 41704K(42048K)->41704K(42048K) Class: 5541K(5888K)->5541K(5888K)
[2024-11-09T04:13:40.583-0800][gc          ] GC(15) Pause Young (Normal) (G1 Evacuation Pause) 198M->149M(1024M) 41.063ms
[2024-11-09T04:13:40.583-0800][gc,cpu      ] GC(15) User=0.04s Sys=0.08s Real=0.04s
[2024-11-09T07:04:21.432-0800][gc,start    ] GC(16) Pause Young (Normal) (G1 Evacuation Pause)
[2024-11-09T07:04:21.434-0800][gc,task     ] GC(16) Using 9 workers of 9 for evacuation
[2024-11-09T07:04:21.470-0800][gc,mmu      ] GC(16) MMU target violated: 21.0ms (20.0ms/21.0ms)
[2024-11-09T07:04:21.471-0800][gc,phases   ] GC(16)   Pre Evacuate Collection Set: 1.2ms
[2024-11-09T07:04:21.471-0800][gc,phases   ] GC(16)   Merge Heap Roots: 0.5ms
[2024-11-09T07:04:21.471-0800][gc,phases   ] GC(16)   Evacuate Collection Set: 31.3ms
[2024-11-09T07:04:21.471-0800][gc,phases   ] GC(16)   Post Evacuate Collection Set: 1.6ms
[2024-11-09T07:04:21.471-0800][gc,phases   ] GC(16)   Other: 1.7ms
[2024-11-09T07:04:21.471-0800][gc,heap     ] GC(16) Eden regions: 49->0(77)
[2024-11-09T07:04:21.471-0800][gc,heap     ] GC(16) Survivor regions: 4->4(7)
[2024-11-09T07:04:21.471-0800][gc,heap     ] GC(16) Old regions: 17->17
[2024-11-09T07:04:21.471-0800][gc,heap     ] GC(16) Archive regions: 2->2
[2024-11-09T07:04:21.471-0800][gc,heap     ] GC(16) Humongous regions: 129->129
[2024-11-09T07:04:21.471-0800][gc,metaspace] GC(16) Metaspace: 47246K(47936K)->47246K(47936K) NonClass: 41705K(42048K)->41705K(42048K) Class: 5541K(5888K)->5541K(5888K)
[2024-11-09T07:04:21.471-0800][gc          ] GC(16) Pause Young (Normal) (G1 Evacuation Pause) 198M->150M(1024M) 38.672ms
[2024-11-09T07:04:21.471-0800][gc,cpu      ] GC(16) User=0.04s Sys=0.08s Real=0.04s
[2024-11-09T11:04:59.006-0800][gc,start    ] GC(17) Pause Young (Normal) (G1 Evacuation Pause)
[2024-11-09T11:04:59.007-0800][gc,task     ] GC(17) Using 9 workers of 9 for evacuation
[2024-11-09T11:04:59.049-0800][gc,mmu      ] GC(17) MMU target violated: 21.0ms (20.0ms/21.0ms)
[2024-11-09T11:04:59.049-0800][gc,phases   ] GC(17)   Pre Evacuate Collection Set: 1.0ms
[2024-11-09T11:04:59.049-0800][gc,phases   ] GC(17)   Merge Heap Roots: 0.5ms
[2024-11-09T11:04:59.049-0800][gc,phases   ] GC(17)   Evacuate Collection Set: 37.9ms
[2024-11-09T11:04:59.049-0800][gc,phases   ] GC(17)   Post Evacuate Collection Set: 1.4ms
[2024-11-09T11:04:59.049-0800][gc,phases   ] GC(17)   Other: 1.5ms
[2024-11-09T11:04:59.049-0800][gc,heap     ] GC(17) Eden regions: 57->0(159)
[2024-11-09T11:04:59.049-0800][gc,heap     ] GC(17) Survivor regions: 4->4(8)
[2024-11-09T11:04:59.049-0800][gc,heap     ] GC(17) Old regions: 17->17
[2024-11-09T11:04:59.049-0800][gc,heap     ] GC(17) Archive regions: 2->2
[2024-11-09T11:04:59.049-0800][gc,heap     ] GC(17) Humongous regions: 129->129
[2024-11-09T11:04:59.049-0800][gc,metaspace] GC(17) Metaspace: 47246K(47936K)->47246K(47936K) NonClass: 41705K(42048K)->41705K(42048K) Class: 5541K(5888K)->5541K(5888K)
[2024-11-09T11:04:59.049-0800][gc          ] GC(17) Pause Young (Normal) (G1 Evacuation Pause) 207M->150M(1024M) 43.648ms
[2024-11-09T11:04:59.049-0800][gc,cpu      ] GC(17) User=0.04s Sys=0.09s Real=0.04s
[2024-11-09T14:22:44.812-0800][gc,start    ] GC(18) Pause Young (Normal) (G1 Evacuation Pause)
[2024-11-09T14:22:44.815-0800][gc,task     ] GC(18) Using 9 workers of 9 for evacuation
[2024-11-09T14:22:44.850-0800][gc,mmu      ] GC(18) MMU target violated: 21.0ms (20.0ms/21.0ms)
[2024-11-09T14:22:44.850-0800][gc,phases   ] GC(18)   Pre Evacuate Collection Set: 1.1ms
[2024-11-09T14:22:44.850-0800][gc,phases   ] GC(18)   Merge Heap Roots: 0.8ms
[2024-11-09T14:22:44.850-0800][gc,phases   ] GC(18)   Evacuate Collection Set: 30.3ms
[2024-11-09T14:22:44.850-0800][gc,phases   ] GC(18)   Post Evacuate Collection Set: 1.7ms
[2024-11-09T14:22:44.850-0800][gc,phases   ] GC(18)   Other: 1.3ms
[2024-11-09T14:22:44.850-0800][gc,heap     ] GC(18) Eden regions: 47->0(231)
[2024-11-09T14:22:44.850-0800][gc,heap     ] GC(18) Survivor regions: 4->4(7)
[2024-11-09T14:22:44.850-0800][gc,heap     ] GC(18) Old regions: 17->17
[2024-11-09T14:22:44.850-0800][gc,heap     ] GC(18) Archive regions: 2->2
[2024-11-09T14:22:44.850-0800][gc,heap     ] GC(18) Humongous regions: 129->129
[2024-11-09T14:22:44.850-0800][gc,metaspace] GC(18) Metaspace: 47246K(47936K)->47246K(47936K) NonClass: 41705K(42048K)->41705K(42048K) Class: 5541K(5888K)->5541K(5888K)
[2024-11-09T14:22:44.851-0800][gc          ] GC(18) Pause Young (Normal) (G1 Evacuation Pause) 197M->149M(1024M) 39.017ms
[2024-11-09T14:22:44.851-0800][gc,cpu      ] GC(18) User=0.03s Sys=0.08s Real=0.04s
[2024-11-09T17:12:19.341-0800][gc,start    ] GC(19) Pause Young (Normal) (G1 Evacuation Pause)
[2024-11-09T17:12:19.343-0800][gc,task     ] GC(19) Using 9 workers of 9 for evacuation
[2024-11-09T17:12:19.375-0800][gc,mmu      ] GC(19) MMU target violated: 21.0ms (20.0ms/21.0ms)
[2024-11-09T17:12:19.375-0800][gc,phases   ] GC(19)   Pre Evacuate Collection Set: 1.0ms
[2024-11-09T17:12:19.375-0800][gc,phases   ] GC(19)   Merge Heap Roots: 0.5ms
[2024-11-09T17:12:19.375-0800][gc,phases   ] GC(19)   Evacuate Collection Set: 29.4ms
[2024-11-09T17:12:19.375-0800][gc,phases   ] GC(19)   Post Evacuate Collection Set: 1.3ms
[2024-11-09T17:12:19.375-0800][gc,phases   ] GC(19)   Other: 0.7ms
[2024-11-09T17:12:19.375-0800][gc,heap     ] GC(19) Eden regions: 47->0(489)
[2024-11-09T17:12:19.375-0800][gc,heap     ] GC(19) Survivor regions: 4->4(7)
[2024-11-09T17:12:19.375-0800][gc,heap     ] GC(19) Old regions: 17->17
[2024-11-09T17:12:19.375-0800][gc,heap     ] GC(19) Archive regions: 2->2
[2024-11-09T17:12:19.375-0800][gc,heap     ] GC(19) Humongous regions: 129->129
[2024-11-09T17:12:19.375-0800][gc,metaspace] GC(19) Metaspace: 47249K(48000K)->47249K(48000K) NonClass: 41708K(42112K)->41708K(42112K) Class: 5541K(5888K)->5541K(5888K)
[2024-11-09T17:12:19.376-0800][gc          ] GC(19) Pause Young (Normal) (G1 Evacuation Pause) 196M->149M(1024M) 35.048ms
[2024-11-09T17:12:19.376-0800][gc,cpu      ] GC(19) User=0.03s Sys=0.06s Real=0.03s
[2024-11-11T11:53:29.412-0800][gc,start    ] GC(20) Pause Young (Normal) (G1 Evacuation Pause)
[2024-11-11T11:53:29.415-0800][gc,task     ] GC(20) Using 9 workers of 9 for evacuation
[2024-11-11T11:53:29.466-0800][gc,mmu      ] GC(20) MMU target violated: 21.0ms (20.0ms/21.0ms)
[2024-11-11T11:53:29.466-0800][gc,phases   ] GC(20)   Pre Evacuate Collection Set: 3.5ms
[2024-11-11T11:53:29.466-0800][gc,phases   ] GC(20)   Merge Heap Roots: 0.7ms
[2024-11-11T11:53:29.466-0800][gc,phases   ] GC(20)   Evacuate Collection Set: 39.8ms
[2024-11-11T11:53:29.466-0800][gc,phases   ] GC(20)   Post Evacuate Collection Set: 4.8ms
[2024-11-11T11:53:29.466-0800][gc,phases   ] GC(20)   Other: 2.0ms
[2024-11-11T11:53:29.466-0800][gc,heap     ] GC(20) Eden regions: 489->0(71)
[2024-11-11T11:53:29.466-0800][gc,heap     ] GC(20) Survivor regions: 4->4(62)
[2024-11-11T11:53:29.466-0800][gc,heap     ] GC(20) Old regions: 17->17
[2024-11-11T11:53:29.466-0800][gc,heap     ] GC(20) Archive regions: 2->2
[2024-11-11T11:53:29.466-0800][gc,heap     ] GC(20) Humongous regions: 129->129
[2024-11-11T11:53:29.466-0800][gc,metaspace] GC(20) Metaspace: 47279K(48000K)->47279K(48000K) NonClass: 41737K(42112K)->41737K(42112K) Class: 5541K(5888K)->5541K(5888K)
[2024-11-11T11:53:29.466-0800][gc          ] GC(20) Pause Young (Normal) (G1 Evacuation Pause) 638M->150M(1024M) 53.832ms
[2024-11-11T11:53:29.466-0800][gc,cpu      ] GC(20) User=0.04s Sys=0.10s Real=0.05s
[2024-11-11T12:41:05.951-0800][gc,start    ] GC(21) Pause Young (Normal) (G1 Evacuation Pause)
[2024-11-11T12:41:05.953-0800][gc,task     ] GC(21) Using 9 workers of 9 for evacuation
[2024-11-11T12:41:06.012-0800][gc,mmu      ] GC(21) MMU target violated: 21.0ms (20.0ms/21.0ms)
[2024-11-11T12:41:06.012-0800][gc,phases   ] GC(21)   Pre Evacuate Collection Set: 0.9ms
[2024-11-11T12:41:06.012-0800][gc,phases   ] GC(21)   Merge Heap Roots: 0.8ms
[2024-11-11T12:41:06.012-0800][gc,phases   ] GC(21)   Evacuate Collection Set: 53.2ms
[2024-11-11T12:41:06.013-0800][gc,phases   ] GC(21)   Post Evacuate Collection Set: 1.8ms
[2024-11-11T12:41:06.013-0800][gc,phases   ] GC(21)   Other: 2.9ms
[2024-11-11T12:41:06.013-0800][gc,heap     ] GC(21) Eden regions: 71->0(47)
[2024-11-11T12:41:06.013-0800][gc,heap     ] GC(21) Survivor regions: 4->4(10)
[2024-11-11T12:41:06.013-0800][gc,heap     ] GC(21) Old regions: 17->17
[2024-11-11T12:41:06.013-0800][gc,heap     ] GC(21) Archive regions: 2->2
[2024-11-11T12:41:06.013-0800][gc,heap     ] GC(21) Humongous regions: 129->129
[2024-11-11T12:41:06.013-0800][gc,metaspace] GC(21) Metaspace: 47282K(48000K)->47282K(48000K) NonClass: 41740K(42112K)->41740K(42112K) Class: 5541K(5888K)->5541K(5888K)
[2024-11-11T12:41:06.013-0800][gc          ] GC(21) Pause Young (Normal) (G1 Evacuation Pause) 221M->149M(1024M) 61.905ms
[2024-11-11T12:41:06.013-0800][gc,cpu      ] GC(21) User=0.03s Sys=0.10s Real=0.06s
[2024-11-11T13:12:27.305-0800][gc,start    ] GC(22) Pause Young (Normal) (G1 Evacuation Pause)
[2024-11-11T13:12:27.308-0800][gc,task     ] GC(22) Using 9 workers of 9 for evacuation
[2024-11-11T13:12:27.332-0800][gc,mmu      ] GC(22) MMU target violated: 21.0ms (20.0ms/21.0ms)
[2024-11-11T13:12:27.332-0800][gc,phases   ] GC(22)   Pre Evacuate Collection Set: 0.5ms
[2024-11-11T13:12:27.332-0800][gc,phases   ] GC(22)   Merge Heap Roots: 0.2ms
[2024-11-11T13:12:27.332-0800][gc,phases   ] GC(22)   Evacuate Collection Set: 20.7ms
[2024-11-11T13:12:27.332-0800][gc,phases   ] GC(22)   Post Evacuate Collection Set: 1.0ms
[2024-11-11T13:12:27.332-0800][gc,phases   ] GC(22)   Other: 2.6ms
[2024-11-11T13:12:27.332-0800][gc,heap     ] GC(22) Eden regions: 47->0(612)
[2024-11-11T13:12:27.332-0800][gc,heap     ] GC(22) Survivor regions: 4->2(7)
[2024-11-11T13:12:27.332-0800][gc,heap     ] GC(22) Old regions: 17->19
[2024-11-11T13:12:27.332-0800][gc,heap     ] GC(22) Archive regions: 2->2
[2024-11-11T13:12:27.332-0800][gc,heap     ] GC(22) Humongous regions: 129->129
[2024-11-11T13:12:27.332-0800][gc,metaspace] GC(22) Metaspace: 47282K(48000K)->47282K(48000K) NonClass: 41740K(42112K)->41740K(42112K) Class: 5541K(5888K)->5541K(5888K)
[2024-11-11T13:12:27.332-0800][gc          ] GC(22) Pause Young (Normal) (G1 Evacuation Pause) 196M->150M(1024M) 27.312ms
[2024-11-11T13:12:27.332-0800][gc,cpu      ] GC(22) User=0.02s Sys=0.03s Real=0.03s
[2024-11-12T05:08:42.729-0800][gc,start    ] GC(23) Pause Young (Normal) (G1 Evacuation Pause)
[2024-11-12T05:08:42.733-0800][gc,task     ] GC(23) Using 9 workers of 9 for evacuation
[2024-11-12T05:08:42.764-0800][gc,mmu      ] GC(23) MMU target violated: 21.0ms (20.0ms/21.0ms)
[2024-11-12T05:08:42.765-0800][gc,phases   ] GC(23)   Pre Evacuate Collection Set: 2.1ms
[2024-11-12T05:08:42.765-0800][gc,phases   ] GC(23)   Merge Heap Roots: 0.7ms
[2024-11-12T05:08:42.765-0800][gc,phases   ] GC(23)   Evacuate Collection Set: 23.7ms
[2024-11-12T05:08:42.765-0800][gc,phases   ] GC(23)   Post Evacuate Collection Set: 3.9ms
[2024-11-12T05:08:42.765-0800][gc,phases   ] GC(23)   Other: 2.2ms
[2024-11-12T05:08:42.765-0800][gc,heap     ] GC(23) Eden regions: 612->0(613)
[2024-11-12T05:08:42.765-0800][gc,heap     ] GC(23) Survivor regions: 2->1(77)
[2024-11-12T05:08:42.765-0800][gc,heap     ] GC(23) Old regions: 19->20
[2024-11-12T05:08:42.765-0800][gc,heap     ] GC(23) Archive regions: 2->2
[2024-11-12T05:08:42.765-0800][gc,heap     ] GC(23) Humongous regions: 129->129
[2024-11-12T05:08:42.765-0800][gc,metaspace] GC(23) Metaspace: 47284K(48000K)->47284K(48000K) NonClass: 41743K(42112K)->41743K(42112K) Class: 5541K(5888K)->5541K(5888K)
[2024-11-12T05:08:42.765-0800][gc          ] GC(23) Pause Young (Normal) (G1 Evacuation Pause) 762M->150M(1024M) 37.421ms
[2024-11-12T05:08:42.765-0800][gc,cpu      ] GC(23) User=0.02s Sys=0.07s Real=0.04s
[2024-11-12T15:40:09.702-0800][gc,heap,exit] Heap
[2024-11-12T15:40:09.702-0800][gc,heap,exit]  garbage-first heap   total 1048576K, used 490233K [0x00000007c0000000, 0x0000000800000000)
[2024-11-12T15:40:09.702-0800][gc,heap,exit]   region size 1024K, 330 young (337920K), 1 survivors (1024K)
[2024-11-12T15:40:09.702-0800][gc,heap,exit]  Metaspace       used 47494K, committed 48256K, reserved 1114112K
[2024-11-12T15:40:09.702-0800][gc,heap,exit]   class space    used 5590K, committed 5952K, reserved 1048576K
