[2024-11-12T15:40:38.270-0800][gc,init] CardTable entry size: 512
[2024-11-12T15:40:38.270-0800][gc     ] Using G1
[2024-11-12T15:40:38.275-0800][gc,init] Version: 19.0.1+10-21 (release)
[2024-11-12T15:40:38.275-0800][gc,init] CPUs: 10 total, 10 available
[2024-11-12T15:40:38.275-0800][gc,init] Memory: 16384M
[2024-11-12T15:40:38.275-0800][gc,init] Large Page Support: Disabled
[2024-11-12T15:40:38.275-0800][gc,init] NUMA Support: Disabled
[2024-11-12T15:40:38.275-0800][gc,init] Compressed Oops: Enabled (Zero based)
[2024-11-12T15:40:38.275-0800][gc,init] Heap Region Size: 1M
[2024-11-12T15:40:38.275-0800][gc,init] Heap Min Capacity: 1G
[2024-11-12T15:40:38.275-0800][gc,init] Heap Initial Capacity: 1G
[2024-11-12T15:40:38.275-0800][gc,init] Heap Max Capacity: 1G
[2024-11-12T15:40:38.275-0800][gc,init] Pre-touch: Disabled
[2024-11-12T15:40:38.275-0800][gc,init] Parallel Workers: 9
[2024-11-12T15:40:38.275-0800][gc,init] Concurrent Workers: 2
[2024-11-12T15:40:38.275-0800][gc,init] Concurrent Refinement Workers: 9
[2024-11-12T15:40:38.275-0800][gc,init] Periodic GC: Disabled
[2024-11-12T15:40:38.275-0800][gc,metaspace] CDS archive(s) mapped at: [0x0000000800000000-0x0000000800c44000-0x0000000800c44000), size 12861440, SharedBaseAddress: 0x0000000800000000, ArchiveRelocationMode: 0.
[2024-11-12T15:40:38.275-0800][gc,metaspace] Compressed class space mapped at: 0x0000000801000000-0x0000000841000000, reserved size: 1073741824
[2024-11-12T15:40:38.275-0800][gc,metaspace] Narrow klass base: 0x0000000800000000, Narrow klass shift: 0, Narrow klass range: 0x100000000
[2024-11-12T15:40:39.802-0800][gc,start    ] GC(0) Pause Young (Normal) (G1 Evacuation Pause)
[2024-11-12T15:40:39.803-0800][gc,task     ] GC(0) Using 9 workers of 9 for evacuation
[2024-11-12T15:40:39.816-0800][gc,phases   ] GC(0)   Pre Evacuate Collection Set: 0.1ms
[2024-11-12T15:40:39.816-0800][gc,phases   ] GC(0)   Merge Heap Roots: 0.1ms
[2024-11-12T15:40:39.816-0800][gc,phases   ] GC(0)   Evacuate Collection Set: 12.8ms
[2024-11-12T15:40:39.816-0800][gc,phases   ] GC(0)   Post Evacuate Collection Set: 0.5ms
[2024-11-12T15:40:39.816-0800][gc,phases   ] GC(0)   Other: 0.5ms
[2024-11-12T15:40:39.816-0800][gc,heap     ] GC(0) Eden regions: 51->0(44)
[2024-11-12T15:40:39.816-0800][gc,heap     ] GC(0) Survivor regions: 0->7(7)
[2024-11-12T15:40:39.817-0800][gc,heap     ] GC(0) Old regions: 0->2
[2024-11-12T15:40:39.817-0800][gc,heap     ] GC(0) Archive regions: 2->2
[2024-11-12T15:40:39.817-0800][gc,heap     ] GC(0) Humongous regions: 0->0
[2024-11-12T15:40:39.817-0800][gc,metaspace] GC(0) Metaspace: 17995K(18176K)->17995K(18176K) NonClass: 15911K(16000K)->15911K(16000K) Class: 2083K(2176K)->2083K(2176K)
[2024-11-12T15:40:39.817-0800][gc          ] GC(0) Pause Young (Normal) (G1 Evacuation Pause) 51M->9M(1024M) 14.407ms
[2024-11-12T15:40:39.817-0800][gc,cpu      ] GC(0) User=0.03s Sys=0.01s Real=0.01s
[2024-11-12T15:40:40.097-0800][gc,start    ] GC(1) Pause Young (Concurrent Start) (Metadata GC Threshold)
[2024-11-12T15:40:40.097-0800][gc,task     ] GC(1) Using 9 workers of 9 for evacuation
[2024-11-12T15:40:40.107-0800][gc,phases   ] GC(1)   Pre Evacuate Collection Set: 0.1ms
[2024-11-12T15:40:40.107-0800][gc,phases   ] GC(1)   Merge Heap Roots: 0.1ms
[2024-11-12T15:40:40.108-0800][gc,phases   ] GC(1)   Evacuate Collection Set: 10.2ms
[2024-11-12T15:40:40.108-0800][gc,phases   ] GC(1)   Post Evacuate Collection Set: 0.3ms
[2024-11-12T15:40:40.108-0800][gc,phases   ] GC(1)   Other: 0.1ms
[2024-11-12T15:40:40.108-0800][gc,heap     ] GC(1) Eden regions: 13->0(49)
[2024-11-12T15:40:40.108-0800][gc,heap     ] GC(1) Survivor regions: 7->2(7)
[2024-11-12T15:40:40.108-0800][gc,heap     ] GC(1) Old regions: 2->9
[2024-11-12T15:40:40.108-0800][gc,heap     ] GC(1) Archive regions: 2->2
[2024-11-12T15:40:40.108-0800][gc,heap     ] GC(1) Humongous regions: 0->0
[2024-11-12T15:40:40.108-0800][gc,metaspace] GC(1) Metaspace: 21234K(21504K)->21234K(21504K) NonClass: 18772K(18880K)->18772K(18880K) Class: 2462K(2624K)->2462K(2624K)
[2024-11-12T15:40:40.108-0800][gc          ] GC(1) Pause Young (Concurrent Start) (Metadata GC Threshold) 21M->10M(1024M) 11.082ms
[2024-11-12T15:40:40.108-0800][gc,cpu      ] GC(1) User=0.02s Sys=0.01s Real=0.01s
[2024-11-12T15:40:40.108-0800][gc          ] GC(2) Concurrent Mark Cycle
[2024-11-12T15:40:40.108-0800][gc,marking  ] GC(2) Concurrent Clear Claimed Marks
[2024-11-12T15:40:40.108-0800][gc,marking  ] GC(2) Concurrent Clear Claimed Marks 0.014ms
[2024-11-12T15:40:40.108-0800][gc,marking  ] GC(2) Concurrent Scan Root Regions
[2024-11-12T15:40:40.111-0800][gc,marking  ] GC(2) Concurrent Scan Root Regions 2.914ms
[2024-11-12T15:40:40.112-0800][gc,marking  ] GC(2) Concurrent Mark
[2024-11-12T15:40:40.112-0800][gc,marking  ] GC(2) Concurrent Mark From Roots
[2024-11-12T15:40:40.112-0800][gc,task     ] GC(2) Using 2 workers of 2 for marking
[2024-11-12T15:40:40.113-0800][gc,marking  ] GC(2) Concurrent Mark From Roots 1.158ms
[2024-11-12T15:40:40.113-0800][gc,marking  ] GC(2) Concurrent Preclean
[2024-11-12T15:40:40.113-0800][gc,marking  ] GC(2) Concurrent Preclean 0.014ms
[2024-11-12T15:40:40.114-0800][gc,start    ] GC(2) Pause Remark
[2024-11-12T15:40:40.123-0800][gc          ] GC(2) Pause Remark 10M->10M(1024M) 9.005ms
[2024-11-12T15:40:40.123-0800][gc,cpu      ] GC(2) User=0.01s Sys=0.01s Real=0.01s
[2024-11-12T15:40:40.123-0800][gc,marking  ] GC(2) Concurrent Mark 11.156ms
[2024-11-12T15:40:40.123-0800][gc,marking  ] GC(2) Concurrent Rebuild Remembered Sets
[2024-11-12T15:40:40.125-0800][gc,marking  ] GC(2) Concurrent Rebuild Remembered Sets 1.832ms
[2024-11-12T15:40:40.125-0800][gc,start    ] GC(2) Pause Cleanup
[2024-11-12T15:40:40.125-0800][gc          ] GC(2) Pause Cleanup 10M->10M(1024M) 0.120ms
[2024-11-12T15:40:40.125-0800][gc,cpu      ] GC(2) User=0.00s Sys=0.00s Real=0.00s
[2024-11-12T15:40:40.125-0800][gc,marking  ] GC(2) Concurrent Cleanup for Next Mark
[2024-11-12T15:40:40.130-0800][gc,marking  ] GC(2) Concurrent Cleanup for Next Mark 4.621ms
[2024-11-12T15:40:40.130-0800][gc          ] GC(2) Concurrent Mark Cycle 21.895ms
[2024-11-12T15:40:41.301-0800][gc,start    ] GC(3) Pause Young (Normal) (G1 Evacuation Pause)
[2024-11-12T15:40:41.301-0800][gc,task     ] GC(3) Using 9 workers of 9 for evacuation
[2024-11-12T15:40:41.305-0800][gc,phases   ] GC(3)   Pre Evacuate Collection Set: 0.1ms
[2024-11-12T15:40:41.305-0800][gc,phases   ] GC(3)   Merge Heap Roots: 0.1ms
[2024-11-12T15:40:41.305-0800][gc,phases   ] GC(3)   Evacuate Collection Set: 2.7ms
[2024-11-12T15:40:41.305-0800][gc,phases   ] GC(3)   Post Evacuate Collection Set: 0.3ms
[2024-11-12T15:40:41.305-0800][gc,phases   ] GC(3)   Other: 0.1ms
[2024-11-12T15:40:41.305-0800][gc,heap     ] GC(3) Eden regions: 49->0(45)
[2024-11-12T15:40:41.305-0800][gc,heap     ] GC(3) Survivor regions: 2->6(7)
[2024-11-12T15:40:41.305-0800][gc,heap     ] GC(3) Old regions: 9->9
[2024-11-12T15:40:41.305-0800][gc,heap     ] GC(3) Archive regions: 2->2
[2024-11-12T15:40:41.305-0800][gc,heap     ] GC(3) Humongous regions: 129->129
[2024-11-12T15:40:41.305-0800][gc,metaspace] GC(3) Metaspace: 31324K(31552K)->31324K(31552K) NonClass: 27909K(28032K)->27909K(28032K) Class: 3415K(3520K)->3415K(3520K)
[2024-11-12T15:40:41.305-0800][gc          ] GC(3) Pause Young (Normal) (G1 Evacuation Pause) 188M->143M(1024M) 3.369ms
[2024-11-12T15:40:41.305-0800][gc,cpu      ] GC(3) User=0.02s Sys=0.00s Real=0.00s
[2024-11-12T15:40:41.566-0800][gc,start    ] GC(4) Pause Young (Concurrent Start) (Metadata GC Threshold)
[2024-11-12T15:40:41.566-0800][gc,task     ] GC(4) Using 9 workers of 9 for evacuation
[2024-11-12T15:40:41.571-0800][gc,phases   ] GC(4)   Pre Evacuate Collection Set: 0.2ms
[2024-11-12T15:40:41.571-0800][gc,phases   ] GC(4)   Merge Heap Roots: 0.1ms
[2024-11-12T15:40:41.571-0800][gc,phases   ] GC(4)   Evacuate Collection Set: 4.3ms
[2024-11-12T15:40:41.571-0800][gc,phases   ] GC(4)   Post Evacuate Collection Set: 0.3ms
[2024-11-12T15:40:41.571-0800][gc,phases   ] GC(4)   Other: 0.0ms
[2024-11-12T15:40:41.571-0800][gc,heap     ] GC(4) Eden regions: 18->0(49)
[2024-11-12T15:40:41.571-0800][gc,heap     ] GC(4) Survivor regions: 6->2(7)
[2024-11-12T15:40:41.571-0800][gc,heap     ] GC(4) Old regions: 9->14
[2024-11-12T15:40:41.571-0800][gc,heap     ] GC(4) Archive regions: 2->2
[2024-11-12T15:40:41.571-0800][gc,heap     ] GC(4) Humongous regions: 129->129
[2024-11-12T15:40:41.571-0800][gc,metaspace] GC(4) Metaspace: 35649K(35968K)->35649K(35968K) NonClass: 31845K(32000K)->31845K(32000K) Class: 3803K(3968K)->3803K(3968K)
[2024-11-12T15:40:41.571-0800][gc          ] GC(4) Pause Young (Concurrent Start) (Metadata GC Threshold) 160M->145M(1024M) 5.102ms
[2024-11-12T15:40:41.571-0800][gc          ] GC(5) Concurrent Mark Cycle
[2024-11-12T15:40:41.571-0800][gc,cpu      ] GC(4) User=0.02s Sys=0.01s Real=0.01s
[2024-11-12T15:40:41.571-0800][gc,marking  ] GC(5) Concurrent Clear Claimed Marks
[2024-11-12T15:40:41.571-0800][gc,marking  ] GC(5) Concurrent Clear Claimed Marks 0.022ms
[2024-11-12T15:40:41.571-0800][gc,marking  ] GC(5) Concurrent Scan Root Regions
[2024-11-12T15:40:41.573-0800][gc,marking  ] GC(5) Concurrent Scan Root Regions 2.014ms
[2024-11-12T15:40:41.573-0800][gc,marking  ] GC(5) Concurrent Mark
[2024-11-12T15:40:41.573-0800][gc,marking  ] GC(5) Concurrent Mark From Roots
[2024-11-12T15:40:41.573-0800][gc,task     ] GC(5) Using 2 workers of 2 for marking
[2024-11-12T15:40:41.576-0800][gc,marking  ] GC(5) Concurrent Mark From Roots 3.165ms
[2024-11-12T15:40:41.577-0800][gc,marking  ] GC(5) Concurrent Preclean
[2024-11-12T15:40:41.577-0800][gc,marking  ] GC(5) Concurrent Preclean 0.041ms
[2024-11-12T15:40:41.580-0800][gc,start    ] GC(5) Pause Remark
[2024-11-12T15:40:41.595-0800][gc          ] GC(5) Pause Remark 146M->146M(1024M) 14.637ms
[2024-11-12T15:40:41.598-0800][gc,cpu      ] GC(5) User=0.01s Sys=0.02s Real=0.01s
[2024-11-12T15:40:41.598-0800][gc,marking  ] GC(5) Concurrent Mark 24.459ms
[2024-11-12T15:40:41.598-0800][gc,marking  ] GC(5) Concurrent Rebuild Remembered Sets
[2024-11-12T15:40:41.601-0800][gc,marking  ] GC(5) Concurrent Rebuild Remembered Sets 3.194ms
[2024-11-12T15:40:41.601-0800][gc,start    ] GC(5) Pause Cleanup
[2024-11-12T15:40:41.601-0800][gc          ] GC(5) Pause Cleanup 146M->146M(1024M) 0.105ms
[2024-11-12T15:40:41.601-0800][gc,cpu      ] GC(5) User=0.00s Sys=0.00s Real=0.00s
[2024-11-12T15:40:41.601-0800][gc,marking  ] GC(5) Concurrent Cleanup for Next Mark
[2024-11-12T15:40:41.606-0800][gc,marking  ] GC(5) Concurrent Cleanup for Next Mark 4.249ms
[2024-11-12T15:40:41.607-0800][gc          ] GC(5) Concurrent Mark Cycle 35.495ms
