[2024-11-08T17:05:14.457-0800][gc,init] CardTable entry size: 512
[2024-11-08T17:05:14.458-0800][gc     ] Using G1
[2024-11-08T17:05:14.462-0800][gc,init] Version: 19.0.1+10-21 (release)
[2024-11-08T17:05:14.464-0800][gc,init] CPUs: 10 total, 10 available
[2024-11-08T17:05:14.464-0800][gc,init] Memory: 16384M
[2024-11-08T17:05:14.464-0800][gc,init] Large Page Support: Disabled
[2024-11-08T17:05:14.464-0800][gc,init] NUMA Support: Disabled
[2024-11-08T17:05:14.464-0800][gc,init] Compressed Oops: Enabled (Zero based)
[2024-11-08T17:05:14.464-0800][gc,init] Heap Region Size: 1M
[2024-11-08T17:05:14.464-0800][gc,init] Heap Min Capacity: 1G
[2024-11-08T17:05:14.464-0800][gc,init] Heap Initial Capacity: 1G
[2024-11-08T17:05:14.464-0800][gc,init] Heap Max Capacity: 1G
[2024-11-08T17:05:14.464-0800][gc,init] Pre-touch: Disabled
[2024-11-08T17:05:14.464-0800][gc,init] Parallel Workers: 9
[2024-11-08T17:05:14.464-0800][gc,init] Concurrent Workers: 2
[2024-11-08T17:05:14.464-0800][gc,init] Concurrent Refinement Workers: 9
[2024-11-08T17:05:14.464-0800][gc,init] Periodic GC: Disabled
[2024-11-08T17:05:14.464-0800][gc,metaspace] CDS archive(s) mapped at: [0x0000000800000000-0x0000000800c44000-0x0000000800c44000), size 12861440, SharedBaseAddress: 0x0000000800000000, ArchiveRelocationMode: 0.
[2024-11-08T17:05:14.464-0800][gc,metaspace] Compressed class space mapped at: 0x0000000801000000-0x0000000841000000, reserved size: 1073741824
[2024-11-08T17:05:14.464-0800][gc,metaspace] Narrow klass base: 0x0000000800000000, Narrow klass shift: 0, Narrow klass range: 0x100000000
[2024-11-08T17:05:15.870-0800][gc,start    ] GC(0) Pause Young (Normal) (G1 Evacuation Pause)
[2024-11-08T17:05:15.871-0800][gc,task     ] GC(0) Using 9 workers of 9 for evacuation
[2024-11-08T17:05:15.886-0800][gc,phases   ] GC(0)   Pre Evacuate Collection Set: 0.1ms
[2024-11-08T17:05:15.886-0800][gc,phases   ] GC(0)   Merge Heap Roots: 0.1ms
[2024-11-08T17:05:15.886-0800][gc,phases   ] GC(0)   Evacuate Collection Set: 13.6ms
[2024-11-08T17:05:15.886-0800][gc,phases   ] GC(0)   Post Evacuate Collection Set: 0.6ms
[2024-11-08T17:05:15.886-0800][gc,phases   ] GC(0)   Other: 0.5ms
[2024-11-08T17:05:15.886-0800][gc,heap     ] GC(0) Eden regions: 51->0(44)
[2024-11-08T17:05:15.886-0800][gc,heap     ] GC(0) Survivor regions: 0->7(7)
[2024-11-08T17:05:15.886-0800][gc,heap     ] GC(0) Old regions: 0->2
[2024-11-08T17:05:15.886-0800][gc,heap     ] GC(0) Archive regions: 2->2
[2024-11-08T17:05:15.886-0800][gc,heap     ] GC(0) Humongous regions: 0->0
[2024-11-08T17:05:15.886-0800][gc,metaspace] GC(0) Metaspace: 17975K(18240K)->17975K(18240K) NonClass: 15893K(16064K)->15893K(16064K) Class: 2081K(2176K)->2081K(2176K)
[2024-11-08T17:05:15.886-0800][gc          ] GC(0) Pause Young (Normal) (G1 Evacuation Pause) 51M->9M(1024M) 15.328ms
[2024-11-08T17:05:15.886-0800][gc,cpu      ] GC(0) User=0.03s Sys=0.01s Real=0.01s
[2024-11-08T17:05:16.148-0800][gc,start    ] GC(1) Pause Young (Concurrent Start) (Metadata GC Threshold)
[2024-11-08T17:05:16.148-0800][gc,task     ] GC(1) Using 9 workers of 9 for evacuation
[2024-11-08T17:05:16.158-0800][gc,phases   ] GC(1)   Pre Evacuate Collection Set: 0.2ms
[2024-11-08T17:05:16.158-0800][gc,phases   ] GC(1)   Merge Heap Roots: 0.0ms
[2024-11-08T17:05:16.158-0800][gc,phases   ] GC(1)   Evacuate Collection Set: 9.1ms
[2024-11-08T17:05:16.158-0800][gc,phases   ] GC(1)   Post Evacuate Collection Set: 0.4ms
[2024-11-08T17:05:16.158-0800][gc,phases   ] GC(1)   Other: 0.1ms
[2024-11-08T17:05:16.158-0800][gc,heap     ] GC(1) Eden regions: 13->0(50)
[2024-11-08T17:05:16.158-0800][gc,heap     ] GC(1) Survivor regions: 7->1(7)
[2024-11-08T17:05:16.158-0800][gc,heap     ] GC(1) Old regions: 2->8
[2024-11-08T17:05:16.158-0800][gc,heap     ] GC(1) Archive regions: 2->2
[2024-11-08T17:05:16.158-0800][gc,heap     ] GC(1) Humongous regions: 0->0
[2024-11-08T17:05:16.158-0800][gc,metaspace] GC(1) Metaspace: 21316K(21504K)->21316K(21504K) NonClass: 18845K(18944K)->18845K(18944K) Class: 2470K(2560K)->2470K(2560K)
[2024-11-08T17:05:16.158-0800][gc          ] GC(1) Pause Young (Concurrent Start) (Metadata GC Threshold) 22M->9M(1024M) 10.026ms
[2024-11-08T17:05:16.158-0800][gc,cpu      ] GC(1) User=0.02s Sys=0.01s Real=0.01s
[2024-11-08T17:05:16.158-0800][gc          ] GC(2) Concurrent Mark Cycle
[2024-11-08T17:05:16.158-0800][gc,marking  ] GC(2) Concurrent Clear Claimed Marks
[2024-11-08T17:05:16.158-0800][gc,marking  ] GC(2) Concurrent Clear Claimed Marks 0.014ms
[2024-11-08T17:05:16.158-0800][gc,marking  ] GC(2) Concurrent Scan Root Regions
[2024-11-08T17:05:16.164-0800][gc,marking  ] GC(2) Concurrent Scan Root Regions 5.691ms
[2024-11-08T17:05:16.166-0800][gc,marking  ] GC(2) Concurrent Mark
[2024-11-08T17:05:16.166-0800][gc,marking  ] GC(2) Concurrent Mark From Roots
[2024-11-08T17:05:16.166-0800][gc,task     ] GC(2) Using 2 workers of 2 for marking
[2024-11-08T17:05:16.167-0800][gc,marking  ] GC(2) Concurrent Mark From Roots 1.605ms
[2024-11-08T17:05:16.167-0800][gc,marking  ] GC(2) Concurrent Preclean
[2024-11-08T17:05:16.167-0800][gc,marking  ] GC(2) Concurrent Preclean 0.022ms
[2024-11-08T17:05:16.168-0800][gc,start    ] GC(2) Pause Remark
[2024-11-08T17:05:16.176-0800][gc          ] GC(2) Pause Remark 10M->10M(1024M) 7.569ms
[2024-11-08T17:05:16.176-0800][gc,cpu      ] GC(2) User=0.01s Sys=0.00s Real=0.01s
[2024-11-08T17:05:16.176-0800][gc,marking  ] GC(2) Concurrent Mark 10.093ms
[2024-11-08T17:05:16.176-0800][gc,marking  ] GC(2) Concurrent Rebuild Remembered Sets
[2024-11-08T17:05:16.176-0800][gc,marking  ] GC(2) Concurrent Rebuild Remembered Sets 0.016ms
[2024-11-08T17:05:16.176-0800][gc,start    ] GC(2) Pause Cleanup
[2024-11-08T17:05:16.176-0800][gc          ] GC(2) Pause Cleanup 10M->10M(1024M) 0.013ms
[2024-11-08T17:05:16.176-0800][gc,cpu      ] GC(2) User=0.00s Sys=0.00s Real=0.00s
[2024-11-08T17:05:16.176-0800][gc,marking  ] GC(2) Concurrent Cleanup for Next Mark
[2024-11-08T17:05:16.180-0800][gc,marking  ] GC(2) Concurrent Cleanup for Next Mark 3.870ms
[2024-11-08T17:05:16.180-0800][gc          ] GC(2) Concurrent Mark Cycle 21.970ms
[2024-11-08T17:05:17.145-0800][gc,start    ] GC(3) Pause Young (Normal) (G1 Evacuation Pause)
[2024-11-08T17:05:17.145-0800][gc,task     ] GC(3) Using 9 workers of 9 for evacuation
[2024-11-08T17:05:17.148-0800][gc,phases   ] GC(3)   Pre Evacuate Collection Set: 0.1ms
[2024-11-08T17:05:17.148-0800][gc,phases   ] GC(3)   Merge Heap Roots: 0.1ms
[2024-11-08T17:05:17.148-0800][gc,phases   ] GC(3)   Evacuate Collection Set: 2.2ms
[2024-11-08T17:05:17.148-0800][gc,phases   ] GC(3)   Post Evacuate Collection Set: 0.3ms
[2024-11-08T17:05:17.148-0800][gc,phases   ] GC(3)   Other: 0.1ms
[2024-11-08T17:05:17.148-0800][gc,heap     ] GC(3) Eden regions: 50->0(45)
[2024-11-08T17:05:17.148-0800][gc,heap     ] GC(3) Survivor regions: 1->6(7)
[2024-11-08T17:05:17.148-0800][gc,heap     ] GC(3) Old regions: 8->8
[2024-11-08T17:05:17.148-0800][gc,heap     ] GC(3) Archive regions: 2->2
[2024-11-08T17:05:17.148-0800][gc,heap     ] GC(3) Humongous regions: 129->129
[2024-11-08T17:05:17.148-0800][gc,metaspace] GC(3) Metaspace: 32316K(32576K)->32316K(32576K) NonClass: 28780K(28928K)->28780K(28928K) Class: 3536K(3648K)->3536K(3648K)
[2024-11-08T17:05:17.148-0800][gc          ] GC(3) Pause Young (Normal) (G1 Evacuation Pause) 188M->143M(1024M) 3.007ms
[2024-11-08T17:05:17.148-0800][gc,cpu      ] GC(3) User=0.02s Sys=0.01s Real=0.00s
[2024-11-08T17:05:17.316-0800][gc,start    ] GC(4) Pause Young (Concurrent Start) (Metadata GC Threshold)
[2024-11-08T17:05:17.316-0800][gc,task     ] GC(4) Using 9 workers of 9 for evacuation
[2024-11-08T17:05:17.321-0800][gc,phases   ] GC(4)   Pre Evacuate Collection Set: 0.2ms
[2024-11-08T17:05:17.321-0800][gc,phases   ] GC(4)   Merge Heap Roots: 0.0ms
[2024-11-08T17:05:17.321-0800][gc,phases   ] GC(4)   Evacuate Collection Set: 3.9ms
[2024-11-08T17:05:17.321-0800][gc,phases   ] GC(4)   Post Evacuate Collection Set: 0.5ms
[2024-11-08T17:05:17.321-0800][gc,phases   ] GC(4)   Other: 0.1ms
[2024-11-08T17:05:17.321-0800][gc,heap     ] GC(4) Eden regions: 13->0(49)
[2024-11-08T17:05:17.321-0800][gc,heap     ] GC(4) Survivor regions: 6->2(7)
[2024-11-08T17:05:17.321-0800][gc,heap     ] GC(4) Old regions: 8->14
[2024-11-08T17:05:17.321-0800][gc,heap     ] GC(4) Archive regions: 2->2
[2024-11-08T17:05:17.321-0800][gc,heap     ] GC(4) Humongous regions: 129->129
[2024-11-08T17:05:17.321-0800][gc,metaspace] GC(4) Metaspace: 35692K(35968K)->35692K(35968K) NonClass: 31899K(32064K)->31899K(32064K) Class: 3792K(3904K)->3792K(3904K)
[2024-11-08T17:05:17.321-0800][gc          ] GC(4) Pause Young (Concurrent Start) (Metadata GC Threshold) 155M->144M(1024M) 4.834ms
[2024-11-08T17:05:17.321-0800][gc,cpu      ] GC(4) User=0.02s Sys=0.00s Real=0.01s
[2024-11-08T17:05:17.321-0800][gc          ] GC(5) Concurrent Mark Cycle
[2024-11-08T17:05:17.321-0800][gc,marking  ] GC(5) Concurrent Clear Claimed Marks
[2024-11-08T17:05:17.321-0800][gc,marking  ] GC(5) Concurrent Clear Claimed Marks 0.025ms
[2024-11-08T17:05:17.321-0800][gc,marking  ] GC(5) Concurrent Scan Root Regions
[2024-11-08T17:05:17.323-0800][gc,marking  ] GC(5) Concurrent Scan Root Regions 1.975ms
[2024-11-08T17:05:17.323-0800][gc,marking  ] GC(5) Concurrent Mark
[2024-11-08T17:05:17.323-0800][gc,marking  ] GC(5) Concurrent Mark From Roots
[2024-11-08T17:05:17.323-0800][gc,task     ] GC(5) Using 2 workers of 2 for marking
[2024-11-08T17:05:17.326-0800][gc,marking  ] GC(5) Concurrent Mark From Roots 3.023ms
[2024-11-08T17:05:17.326-0800][gc,marking  ] GC(5) Concurrent Preclean
[2024-11-08T17:05:17.326-0800][gc,marking  ] GC(5) Concurrent Preclean 0.029ms
[2024-11-08T17:05:17.326-0800][gc,start    ] GC(5) Pause Remark
[2024-11-08T17:05:17.338-0800][gc          ] GC(5) Pause Remark 145M->145M(1024M) 11.466ms
[2024-11-08T17:05:17.338-0800][gc,cpu      ] GC(5) User=0.01s Sys=0.02s Real=0.01s
[2024-11-08T17:05:17.338-0800][gc,marking  ] GC(5) Concurrent Mark 14.762ms
[2024-11-08T17:05:17.338-0800][gc,marking  ] GC(5) Concurrent Rebuild Remembered Sets
[2024-11-08T17:05:17.341-0800][gc,marking  ] GC(5) Concurrent Rebuild Remembered Sets 3.338ms
[2024-11-08T17:05:17.342-0800][gc,start    ] GC(5) Pause Cleanup
[2024-11-08T17:05:17.342-0800][gc          ] GC(5) Pause Cleanup 145M->145M(1024M) 0.127ms
[2024-11-08T17:05:17.342-0800][gc,cpu      ] GC(5) User=0.00s Sys=0.00s Real=0.00s
[2024-11-08T17:05:17.342-0800][gc,marking  ] GC(5) Concurrent Cleanup for Next Mark
[2024-11-08T17:05:17.346-0800][gc,marking  ] GC(5) Concurrent Cleanup for Next Mark 4.153ms
[2024-11-08T17:05:17.346-0800][gc          ] GC(5) Concurrent Mark Cycle 25.149ms
[2024-11-08T17:06:49.752-0800][gc,start    ] GC(6) Pause Young (Normal) (G1 Evacuation Pause)
[2024-11-08T17:06:49.752-0800][gc,task     ] GC(6) Using 9 workers of 9 for evacuation
[2024-11-08T17:06:49.770-0800][gc,phases   ] GC(6)   Pre Evacuate Collection Set: 0.3ms
[2024-11-08T17:06:49.770-0800][gc,phases   ] GC(6)   Merge Heap Roots: 0.1ms
[2024-11-08T17:06:49.770-0800][gc,phases   ] GC(6)   Evacuate Collection Set: 16.4ms
[2024-11-08T17:06:49.770-0800][gc,phases   ] GC(6)   Post Evacuate Collection Set: 0.6ms
[2024-11-08T17:06:49.770-0800][gc,phases   ] GC(6)   Other: 0.1ms
[2024-11-08T17:06:49.770-0800][gc,heap     ] GC(6) Eden regions: 49->0(46)
[2024-11-08T17:06:49.770-0800][gc,heap     ] GC(6) Survivor regions: 2->5(7)
[2024-11-08T17:06:49.770-0800][gc,heap     ] GC(6) Old regions: 14->14
[2024-11-08T17:06:49.770-0800][gc,heap     ] GC(6) Archive regions: 2->2
[2024-11-08T17:06:49.770-0800][gc,heap     ] GC(6) Humongous regions: 129->129
[2024-11-08T17:06:49.770-0800][gc,metaspace] GC(6) Metaspace: 42908K(43520K)->42908K(43520K) NonClass: 38129K(38464K)->38129K(38464K) Class: 4779K(5056K)->4779K(5056K)
[2024-11-08T17:06:49.770-0800][gc          ] GC(6) Pause Young (Normal) (G1 Evacuation Pause) 193M->148M(1024M) 17.819ms
[2024-11-08T17:06:49.770-0800][gc,cpu      ] GC(6) User=0.03s Sys=0.05s Real=0.02s
[2024-11-08T17:16:17.704-0800][gc,start    ] GC(7) Pause Young (Normal) (G1 Evacuation Pause)
[2024-11-08T17:16:17.704-0800][gc,task     ] GC(7) Using 9 workers of 9 for evacuation
[2024-11-08T17:16:17.756-0800][gc,mmu      ] GC(7) MMU target violated: 21.0ms (20.0ms/21.0ms)
[2024-11-08T17:16:17.756-0800][gc,phases   ] GC(7)   Pre Evacuate Collection Set: 1.2ms
[2024-11-08T17:16:17.756-0800][gc,phases   ] GC(7)   Merge Heap Roots: 0.5ms
[2024-11-08T17:16:17.756-0800][gc,phases   ] GC(7)   Evacuate Collection Set: 49.2ms
[2024-11-08T17:16:17.756-0800][gc,phases   ] GC(7)   Post Evacuate Collection Set: 0.7ms
[2024-11-08T17:16:17.756-0800][gc,phases   ] GC(7)   Other: 0.4ms
[2024-11-08T17:16:17.756-0800][gc,heap     ] GC(7) Eden regions: 46->0(49)
[2024-11-08T17:16:17.756-0800][gc,heap     ] GC(7) Survivor regions: 5->2(7)
[2024-11-08T17:16:17.756-0800][gc,heap     ] GC(7) Old regions: 14->18
[2024-11-08T17:16:17.756-0800][gc,heap     ] GC(7) Archive regions: 2->2
[2024-11-08T17:16:17.756-0800][gc,heap     ] GC(7) Humongous regions: 129->129
[2024-11-08T17:16:17.756-0800][gc,metaspace] GC(7) Metaspace: 43564K(44224K)->43564K(44224K) NonClass: 38731K(39104K)->38731K(39104K) Class: 4832K(5120K)->4832K(5120K)
[2024-11-08T17:16:17.756-0800][gc          ] GC(7) Pause Young (Normal) (G1 Evacuation Pause) 194M->148M(1024M) 52.593ms
[2024-11-08T17:16:17.756-0800][gc,cpu      ] GC(7) User=0.05s Sys=0.13s Real=0.05s
[2024-11-08T18:20:51.682-0800][gc,start    ] GC(8) Pause Young (Normal) (G1 Evacuation Pause)
[2024-11-08T18:20:51.683-0800][gc,task     ] GC(8) Using 9 workers of 9 for evacuation
[2024-11-08T18:20:51.702-0800][gc,phases   ] GC(8)   Pre Evacuate Collection Set: 0.7ms
[2024-11-08T18:20:51.702-0800][gc,phases   ] GC(8)   Merge Heap Roots: 0.3ms
[2024-11-08T18:20:51.702-0800][gc,phases   ] GC(8)   Evacuate Collection Set: 16.2ms
[2024-11-08T18:20:51.702-0800][gc,phases   ] GC(8)   Post Evacuate Collection Set: 1.8ms
[2024-11-08T18:20:51.702-0800][gc,phases   ] GC(8)   Other: 0.5ms
[2024-11-08T18:20:51.702-0800][gc,heap     ] GC(8) Eden regions: 49->0(49)
[2024-11-08T18:20:51.702-0800][gc,heap     ] GC(8) Survivor regions: 2->2(7)
[2024-11-08T18:20:51.702-0800][gc,heap     ] GC(8) Old regions: 18->18
[2024-11-08T18:20:51.702-0800][gc,heap     ] GC(8) Archive regions: 2->2
[2024-11-08T18:20:51.702-0800][gc,heap     ] GC(8) Humongous regions: 129->129
[2024-11-08T18:20:51.702-0800][gc,metaspace] GC(8) Metaspace: 43725K(44352K)->43725K(44352K) NonClass: 38892K(39232K)->38892K(39232K) Class: 4832K(5120K)->4832K(5120K)
[2024-11-08T18:20:51.702-0800][gc          ] GC(8) Pause Young (Normal) (G1 Evacuation Pause) 197M->148M(1024M) 20.200ms
[2024-11-08T18:20:51.702-0800][gc,cpu      ] GC(8) User=0.03s Sys=0.01s Real=0.02s
[2024-11-08T19:30:48.853-0800][gc,start    ] GC(9) Pause Young (Normal) (G1 Evacuation Pause)
[2024-11-08T19:30:48.853-0800][gc,task     ] GC(9) Using 9 workers of 9 for evacuation
[2024-11-08T19:30:48.878-0800][gc,mmu      ] GC(9) MMU target violated: 21.0ms (20.0ms/21.0ms)
[2024-11-08T19:30:48.879-0800][gc,phases   ] GC(9)   Pre Evacuate Collection Set: 1.4ms
[2024-11-08T19:30:48.879-0800][gc,phases   ] GC(9)   Merge Heap Roots: 0.4ms
[2024-11-08T19:30:48.879-0800][gc,phases   ] GC(9)   Evacuate Collection Set: 22.0ms
[2024-11-08T19:30:48.879-0800][gc,phases   ] GC(9)   Post Evacuate Collection Set: 1.1ms
[2024-11-08T19:30:48.879-0800][gc,phases   ] GC(9)   Other: 0.6ms
[2024-11-08T19:30:48.879-0800][gc,heap     ] GC(9) Eden regions: 49->0(50)
[2024-11-08T19:30:48.879-0800][gc,heap     ] GC(9) Survivor regions: 2->2(7)
[2024-11-08T19:30:48.879-0800][gc,heap     ] GC(9) Old regions: 18->18
[2024-11-08T19:30:48.879-0800][gc,heap     ] GC(9) Archive regions: 2->2
[2024-11-08T19:30:48.879-0800][gc,heap     ] GC(9) Humongous regions: 129->129
[2024-11-08T19:30:48.879-0800][gc,metaspace] GC(9) Metaspace: 43799K(44416K)->43799K(44416K) NonClass: 38961K(39296K)->38961K(39296K) Class: 4838K(5120K)->4838K(5120K)
[2024-11-08T19:30:48.879-0800][gc          ] GC(9) Pause Young (Normal) (G1 Evacuation Pause) 197M->148M(1024M) 26.177ms
[2024-11-08T19:30:48.879-0800][gc,cpu      ] GC(9) User=0.03s Sys=0.03s Real=0.02s
[2024-11-08T21:10:55.320-0800][gc,start    ] GC(10) Pause Young (Normal) (G1 Evacuation Pause)
[2024-11-08T21:10:55.321-0800][gc,task     ] GC(10) Using 9 workers of 9 for evacuation
[2024-11-08T21:10:55.347-0800][gc,mmu      ] GC(10) MMU target violated: 21.0ms (20.0ms/21.0ms)
[2024-11-08T21:10:55.347-0800][gc,phases   ] GC(10)   Pre Evacuate Collection Set: 1.4ms
[2024-11-08T21:10:55.347-0800][gc,phases   ] GC(10)   Merge Heap Roots: 0.4ms
[2024-11-08T21:10:55.347-0800][gc,phases   ] GC(10)   Evacuate Collection Set: 22.8ms
[2024-11-08T21:10:55.347-0800][gc,phases   ] GC(10)   Post Evacuate Collection Set: 1.5ms
[2024-11-08T21:10:55.347-0800][gc,phases   ] GC(10)   Other: 0.7ms
[2024-11-08T21:10:55.347-0800][gc,heap     ] GC(10) Eden regions: 50->0(67)
[2024-11-08T21:10:55.347-0800][gc,heap     ] GC(10) Survivor regions: 2->2(7)
[2024-11-08T21:10:55.347-0800][gc,heap     ] GC(10) Old regions: 18->18
[2024-11-08T21:10:55.347-0800][gc,heap     ] GC(10) Archive regions: 2->2
[2024-11-08T21:10:55.347-0800][gc,heap     ] GC(10) Humongous regions: 129->129
[2024-11-08T21:10:55.347-0800][gc,metaspace] GC(10) Metaspace: 43843K(44416K)->43843K(44416K) NonClass: 39005K(39296K)->39005K(39296K) Class: 4838K(5120K)->4838K(5120K)
[2024-11-08T21:10:55.348-0800][gc          ] GC(10) Pause Young (Normal) (G1 Evacuation Pause) 198M->148M(1024M) 27.693ms
[2024-11-08T21:10:55.348-0800][gc,cpu      ] GC(10) User=0.02s Sys=0.03s Real=0.02s
[2024-11-09T01:06:08.726-0800][gc,start    ] GC(11) Pause Young (Normal) (G1 Evacuation Pause)
[2024-11-09T01:06:08.728-0800][gc,task     ] GC(11) Using 9 workers of 9 for evacuation
[2024-11-09T01:06:08.758-0800][gc,mmu      ] GC(11) MMU target violated: 21.0ms (20.0ms/21.0ms)
[2024-11-09T01:06:08.759-0800][gc,phases   ] GC(11)   Pre Evacuate Collection Set: 1.2ms
[2024-11-09T01:06:08.759-0800][gc,phases   ] GC(11)   Merge Heap Roots: 0.4ms
[2024-11-09T01:06:08.759-0800][gc,phases   ] GC(11)   Evacuate Collection Set: 26.5ms
[2024-11-09T01:06:08.759-0800][gc,phases   ] GC(11)   Post Evacuate Collection Set: 1.5ms
[2024-11-09T01:06:08.759-0800][gc,phases   ] GC(11)   Other: 1.2ms
[2024-11-09T01:06:08.759-0800][gc,heap     ] GC(11) Eden regions: 67->0(494)
[2024-11-09T01:06:08.759-0800][gc,heap     ] GC(11) Survivor regions: 2->2(9)
[2024-11-09T01:06:08.759-0800][gc,heap     ] GC(11) Old regions: 18->18
[2024-11-09T01:06:08.759-0800][gc,heap     ] GC(11) Archive regions: 2->2
[2024-11-09T01:06:08.759-0800][gc,heap     ] GC(11) Humongous regions: 129->129
[2024-11-09T01:06:08.759-0800][gc,metaspace] GC(11) Metaspace: 43854K(44416K)->43854K(44416K) NonClass: 39016K(39296K)->39016K(39296K) Class: 4838K(5120K)->4838K(5120K)
[2024-11-09T01:06:08.759-0800][gc          ] GC(11) Pause Young (Normal) (G1 Evacuation Pause) 215M->148M(1024M) 33.130ms
[2024-11-09T01:06:08.759-0800][gc,cpu      ] GC(11) User=0.03s Sys=0.04s Real=0.03s
[2024-11-11T10:40:04.951-0800][gc,start    ] GC(12) Pause Young (Normal) (G1 Evacuation Pause)
[2024-11-11T10:40:04.960-0800][gc,task     ] GC(12) Using 9 workers of 9 for evacuation
[2024-11-11T10:40:04.992-0800][gc,mmu      ] GC(12) MMU target violated: 21.0ms (20.0ms/21.0ms)
[2024-11-11T10:40:04.993-0800][gc,phases   ] GC(12)   Pre Evacuate Collection Set: 2.0ms
[2024-11-11T10:40:04.993-0800][gc,phases   ] GC(12)   Merge Heap Roots: 0.6ms
[2024-11-11T10:40:04.993-0800][gc,phases   ] GC(12)   Evacuate Collection Set: 22.5ms
[2024-11-11T10:40:04.993-0800][gc,phases   ] GC(12)   Post Evacuate Collection Set: 6.2ms
[2024-11-11T10:40:04.993-0800][gc,phases   ] GC(12)   Other: 3.8ms
[2024-11-11T10:40:04.993-0800][gc,heap     ] GC(12) Eden regions: 494->0(436)
[2024-11-11T10:40:04.993-0800][gc,heap     ] GC(12) Survivor regions: 2->2(62)
[2024-11-11T10:40:04.993-0800][gc,heap     ] GC(12) Old regions: 18->18
[2024-11-11T10:40:04.993-0800][gc,heap     ] GC(12) Archive regions: 2->2
[2024-11-11T10:40:04.993-0800][gc,heap     ] GC(12) Humongous regions: 129->129
[2024-11-11T10:40:04.993-0800][gc,metaspace] GC(12) Metaspace: 43881K(44480K)->43881K(44480K) NonClass: 39043K(39360K)->39043K(39360K) Class: 4838K(5120K)->4838K(5120K)
[2024-11-11T10:40:04.994-0800][gc          ] GC(12) Pause Young (Normal) (G1 Evacuation Pause) 642M->148M(1024M) 43.966ms
[2024-11-11T10:40:04.994-0800][gc,cpu      ] GC(12) User=0.04s Sys=0.07s Real=0.05s
[2024-11-11T19:37:23.518-0800][gc,start    ] GC(13) Pause Young (Normal) (G1 Evacuation Pause)
[2024-11-11T19:37:23.523-0800][gc,task     ] GC(13) Using 9 workers of 9 for evacuation
[2024-11-11T19:37:23.550-0800][gc,mmu      ] GC(13) MMU target violated: 21.0ms (20.0ms/21.0ms)
[2024-11-11T19:37:23.550-0800][gc,phases   ] GC(13)   Pre Evacuate Collection Set: 1.4ms
[2024-11-11T19:37:23.550-0800][gc,phases   ] GC(13)   Merge Heap Roots: 0.6ms
[2024-11-11T19:37:23.550-0800][gc,phases   ] GC(13)   Evacuate Collection Set: 20.6ms
[2024-11-11T19:37:23.550-0800][gc,phases   ] GC(13)   Post Evacuate Collection Set: 3.4ms
[2024-11-11T19:37:23.550-0800][gc,phases   ] GC(13)   Other: 2.4ms
[2024-11-11T19:37:23.551-0800][gc,heap     ] GC(13) Eden regions: 436->0(612)
[2024-11-11T19:37:23.551-0800][gc,heap     ] GC(13) Survivor regions: 2->2(55)
[2024-11-11T19:37:23.551-0800][gc,heap     ] GC(13) Old regions: 18->18
[2024-11-11T19:37:23.551-0800][gc,heap     ] GC(13) Archive regions: 2->2
[2024-11-11T19:37:23.551-0800][gc,heap     ] GC(13) Humongous regions: 129->129
[2024-11-11T19:37:23.551-0800][gc,metaspace] GC(13) Metaspace: 43885K(44480K)->43885K(44480K) NonClass: 39047K(39360K)->39047K(39360K) Class: 4838K(5120K)->4838K(5120K)
[2024-11-11T19:37:23.551-0800][gc          ] GC(13) Pause Young (Normal) (G1 Evacuation Pause) 584M->148M(1024M) 34.066ms
[2024-11-11T19:37:23.551-0800][gc,cpu      ] GC(13) User=0.02s Sys=0.04s Real=0.04s
