[2024-11-12T15:40:28.582-0800][gc,init] CardTable entry size: 512
[2024-11-12T15:40:28.583-0800][gc     ] Using G1
[2024-11-12T15:40:28.587-0800][gc,init] Version: 19.0.1+10-21 (release)
[2024-11-12T15:40:28.587-0800][gc,init] CPUs: 10 total, 10 available
[2024-11-12T15:40:28.587-0800][gc,init] Memory: 16384M
[2024-11-12T15:40:28.587-0800][gc,init] Large Page Support: Disabled
[2024-11-12T15:40:28.587-0800][gc,init] NUMA Support: Disabled
[2024-11-12T15:40:28.587-0800][gc,init] Compressed Oops: Enabled (Zero based)
[2024-11-12T15:40:28.587-0800][gc,init] Heap Region Size: 1M
[2024-11-12T15:40:28.587-0800][gc,init] Heap Min Capacity: 1G
[2024-11-12T15:40:28.587-0800][gc,init] Heap Initial Capacity: 1G
[2024-11-12T15:40:28.587-0800][gc,init] Heap Max Capacity: 1G
[2024-11-12T15:40:28.587-0800][gc,init] Pre-touch: Disabled
[2024-11-12T15:40:28.587-0800][gc,init] Parallel Workers: 9
[2024-11-12T15:40:28.587-0800][gc,init] Concurrent Workers: 2
[2024-11-12T15:40:28.587-0800][gc,init] Concurrent Refinement Workers: 9
[2024-11-12T15:40:28.587-0800][gc,init] Periodic GC: Disabled
[2024-11-12T15:40:28.587-0800][gc,metaspace] CDS archive(s) mapped at: [0x0000000800000000-0x0000000800c44000-0x0000000800c44000), size 12861440, SharedBaseAddress: 0x0000000800000000, ArchiveRelocationMode: 0.
[2024-11-12T15:40:28.587-0800][gc,metaspace] Compressed class space mapped at: 0x0000000801000000-0x0000000841000000, reserved size: 1073741824
[2024-11-12T15:40:28.587-0800][gc,metaspace] Narrow klass base: 0x0000000800000000, Narrow klass shift: 0, Narrow klass range: 0x100000000
[2024-11-12T15:40:30.108-0800][gc,start    ] GC(0) Pause Young (Normal) (G1 Evacuation Pause)
[2024-11-12T15:40:30.109-0800][gc,task     ] GC(0) Using 9 workers of 9 for evacuation
[2024-11-12T15:40:30.123-0800][gc,phases   ] GC(0)   Pre Evacuate Collection Set: 0.1ms
[2024-11-12T15:40:30.123-0800][gc,phases   ] GC(0)   Merge Heap Roots: 0.1ms
[2024-11-12T15:40:30.123-0800][gc,phases   ] GC(0)   Evacuate Collection Set: 12.9ms
[2024-11-12T15:40:30.123-0800][gc,phases   ] GC(0)   Post Evacuate Collection Set: 0.6ms
[2024-11-12T15:40:30.123-0800][gc,phases   ] GC(0)   Other: 0.5ms
[2024-11-12T15:40:30.123-0800][gc,heap     ] GC(0) Eden regions: 51->0(44)
[2024-11-12T15:40:30.123-0800][gc,heap     ] GC(0) Survivor regions: 0->7(7)
[2024-11-12T15:40:30.123-0800][gc,heap     ] GC(0) Old regions: 0->2
[2024-11-12T15:40:30.123-0800][gc,heap     ] GC(0) Archive regions: 2->2
[2024-11-12T15:40:30.123-0800][gc,heap     ] GC(0) Humongous regions: 0->0
[2024-11-12T15:40:30.123-0800][gc,metaspace] GC(0) Metaspace: 17785K(18048K)->17785K(18048K) NonClass: 15738K(15872K)->15738K(15872K) Class: 2047K(2176K)->2047K(2176K)
[2024-11-12T15:40:30.123-0800][gc          ] GC(0) Pause Young (Normal) (G1 Evacuation Pause) 51M->9M(1024M) 14.522ms
[2024-11-12T15:40:30.123-0800][gc,cpu      ] GC(0) User=0.03s Sys=0.01s Real=0.02s
[2024-11-12T15:40:30.414-0800][gc,start    ] GC(1) Pause Young (Concurrent Start) (Metadata GC Threshold)
[2024-11-12T15:40:30.414-0800][gc,task     ] GC(1) Using 9 workers of 9 for evacuation
[2024-11-12T15:40:30.423-0800][gc,phases   ] GC(1)   Pre Evacuate Collection Set: 0.2ms
[2024-11-12T15:40:30.423-0800][gc,phases   ] GC(1)   Merge Heap Roots: 0.0ms
[2024-11-12T15:40:30.423-0800][gc,phases   ] GC(1)   Evacuate Collection Set: 8.9ms
[2024-11-12T15:40:30.423-0800][gc,phases   ] GC(1)   Post Evacuate Collection Set: 0.3ms
[2024-11-12T15:40:30.423-0800][gc,phases   ] GC(1)   Other: 0.1ms
[2024-11-12T15:40:30.423-0800][gc,heap     ] GC(1) Eden regions: 14->0(49)
[2024-11-12T15:40:30.423-0800][gc,heap     ] GC(1) Survivor regions: 7->2(7)
[2024-11-12T15:40:30.423-0800][gc,heap     ] GC(1) Old regions: 2->8
[2024-11-12T15:40:30.423-0800][gc,heap     ] GC(1) Archive regions: 2->2
[2024-11-12T15:40:30.423-0800][gc,heap     ] GC(1) Humongous regions: 0->0
[2024-11-12T15:40:30.423-0800][gc,metaspace] GC(1) Metaspace: 21223K(21504K)->21223K(21504K) NonClass: 18771K(18944K)->18771K(18944K) Class: 2451K(2560K)->2451K(2560K)
[2024-11-12T15:40:30.423-0800][gc          ] GC(1) Pause Young (Concurrent Start) (Metadata GC Threshold) 22M->10M(1024M) 9.736ms
[2024-11-12T15:40:30.423-0800][gc,cpu      ] GC(1) User=0.02s Sys=0.01s Real=0.01s
[2024-11-12T15:40:30.424-0800][gc          ] GC(2) Concurrent Mark Cycle
[2024-11-12T15:40:30.424-0800][gc,marking  ] GC(2) Concurrent Clear Claimed Marks
[2024-11-12T15:40:30.424-0800][gc,marking  ] GC(2) Concurrent Clear Claimed Marks 0.018ms
[2024-11-12T15:40:30.424-0800][gc,marking  ] GC(2) Concurrent Scan Root Regions
[2024-11-12T15:40:30.426-0800][gc,marking  ] GC(2) Concurrent Scan Root Regions 2.751ms
[2024-11-12T15:40:30.427-0800][gc,marking  ] GC(2) Concurrent Mark
[2024-11-12T15:40:30.427-0800][gc,marking  ] GC(2) Concurrent Mark From Roots
[2024-11-12T15:40:30.427-0800][gc,task     ] GC(2) Using 2 workers of 2 for marking
[2024-11-12T15:40:30.430-0800][gc,marking  ] GC(2) Concurrent Mark From Roots 3.528ms
[2024-11-12T15:40:30.430-0800][gc,marking  ] GC(2) Concurrent Preclean
[2024-11-12T15:40:30.431-0800][gc,marking  ] GC(2) Concurrent Preclean 0.522ms
[2024-11-12T15:40:30.432-0800][gc,start    ] GC(2) Pause Remark
[2024-11-12T15:40:30.438-0800][gc          ] GC(2) Pause Remark 10M->10M(1024M) 6.903ms
[2024-11-12T15:40:30.439-0800][gc,cpu      ] GC(2) User=0.01s Sys=0.00s Real=0.00s
[2024-11-12T15:40:30.439-0800][gc,marking  ] GC(2) Concurrent Mark 12.168ms
[2024-11-12T15:40:30.439-0800][gc,marking  ] GC(2) Concurrent Rebuild Remembered Sets
[2024-11-12T15:40:30.439-0800][gc,marking  ] GC(2) Concurrent Rebuild Remembered Sets 0.006ms
[2024-11-12T15:40:30.439-0800][gc,start    ] GC(2) Pause Cleanup
[2024-11-12T15:40:30.439-0800][gc          ] GC(2) Pause Cleanup 10M->10M(1024M) 0.037ms
[2024-11-12T15:40:30.439-0800][gc,cpu      ] GC(2) User=0.00s Sys=0.00s Real=0.00s
[2024-11-12T15:40:30.439-0800][gc,marking  ] GC(2) Concurrent Cleanup for Next Mark
[2024-11-12T15:40:30.445-0800][gc,marking  ] GC(2) Concurrent Cleanup for Next Mark 5.692ms
[2024-11-12T15:40:30.445-0800][gc          ] GC(2) Concurrent Mark Cycle 21.442ms
[2024-11-12T15:40:31.655-0800][gc,start    ] GC(3) Pause Young (Normal) (G1 Evacuation Pause)
[2024-11-12T15:40:31.655-0800][gc,task     ] GC(3) Using 9 workers of 9 for evacuation
[2024-11-12T15:40:31.659-0800][gc,phases   ] GC(3)   Pre Evacuate Collection Set: 0.2ms
[2024-11-12T15:40:31.659-0800][gc,phases   ] GC(3)   Merge Heap Roots: 0.1ms
[2024-11-12T15:40:31.659-0800][gc,phases   ] GC(3)   Evacuate Collection Set: 2.8ms
[2024-11-12T15:40:31.659-0800][gc,phases   ] GC(3)   Post Evacuate Collection Set: 0.3ms
[2024-11-12T15:40:31.659-0800][gc,phases   ] GC(3)   Other: 0.1ms
[2024-11-12T15:40:31.659-0800][gc,heap     ] GC(3) Eden regions: 49->0(45)
[2024-11-12T15:40:31.659-0800][gc,heap     ] GC(3) Survivor regions: 2->6(7)
[2024-11-12T15:40:31.659-0800][gc,heap     ] GC(3) Old regions: 8->8
[2024-11-12T15:40:31.659-0800][gc,heap     ] GC(3) Archive regions: 2->2
[2024-11-12T15:40:31.659-0800][gc,heap     ] GC(3) Humongous regions: 129->129
[2024-11-12T15:40:31.659-0800][gc,metaspace] GC(3) Metaspace: 31225K(31488K)->31225K(31488K) NonClass: 27820K(27968K)->27820K(27968K) Class: 3405K(3520K)->3405K(3520K)
[2024-11-12T15:40:31.659-0800][gc          ] GC(3) Pause Young (Normal) (G1 Evacuation Pause) 188M->143M(1024M) 3.618ms
[2024-11-12T15:40:31.659-0800][gc,cpu      ] GC(3) User=0.02s Sys=0.00s Real=0.00s
[2024-11-12T15:40:31.949-0800][gc,start    ] GC(4) Pause Young (Concurrent Start) (Metadata GC Threshold)
[2024-11-12T15:40:31.949-0800][gc,task     ] GC(4) Using 9 workers of 9 for evacuation
[2024-11-12T15:40:31.954-0800][gc,phases   ] GC(4)   Pre Evacuate Collection Set: 0.2ms
[2024-11-12T15:40:31.954-0800][gc,phases   ] GC(4)   Merge Heap Roots: 0.0ms
[2024-11-12T15:40:31.954-0800][gc,phases   ] GC(4)   Evacuate Collection Set: 4.6ms
[2024-11-12T15:40:31.954-0800][gc,phases   ] GC(4)   Post Evacuate Collection Set: 0.3ms
[2024-11-12T15:40:31.954-0800][gc,phases   ] GC(4)   Other: 0.1ms
[2024-11-12T15:40:31.954-0800][gc,heap     ] GC(4) Eden regions: 19->0(48)
[2024-11-12T15:40:31.954-0800][gc,heap     ] GC(4) Survivor regions: 6->3(7)
[2024-11-12T15:40:31.954-0800][gc,heap     ] GC(4) Old regions: 8->14
[2024-11-12T15:40:31.954-0800][gc,heap     ] GC(4) Archive regions: 2->2
[2024-11-12T15:40:31.954-0800][gc,heap     ] GC(4) Humongous regions: 129->129
[2024-11-12T15:40:31.954-0800][gc,metaspace] GC(4) Metaspace: 35681K(35968K)->35681K(35968K) NonClass: 31854K(32000K)->31854K(32000K) Class: 3827K(3968K)->3827K(3968K)
[2024-11-12T15:40:31.954-0800][gc          ] GC(4) Pause Young (Concurrent Start) (Metadata GC Threshold) 161M->145M(1024M) 5.301ms
[2024-11-12T15:40:31.954-0800][gc          ] GC(5) Concurrent Mark Cycle
[2024-11-12T15:40:31.954-0800][gc,cpu      ] GC(4) User=0.02s Sys=0.01s Real=0.01s
[2024-11-12T15:40:31.954-0800][gc,marking  ] GC(5) Concurrent Clear Claimed Marks
[2024-11-12T15:40:31.954-0800][gc,marking  ] GC(5) Concurrent Clear Claimed Marks 0.033ms
[2024-11-12T15:40:31.954-0800][gc,marking  ] GC(5) Concurrent Scan Root Regions
[2024-11-12T15:40:31.956-0800][gc,marking  ] GC(5) Concurrent Scan Root Regions 2.034ms
[2024-11-12T15:40:31.956-0800][gc,marking  ] GC(5) Concurrent Mark
[2024-11-12T15:40:31.956-0800][gc,marking  ] GC(5) Concurrent Mark From Roots
[2024-11-12T15:40:31.956-0800][gc,task     ] GC(5) Using 2 workers of 2 for marking
[2024-11-12T15:40:31.959-0800][gc,marking  ] GC(5) Concurrent Mark From Roots 2.841ms
[2024-11-12T15:40:31.959-0800][gc,marking  ] GC(5) Concurrent Preclean
[2024-11-12T15:40:31.959-0800][gc,marking  ] GC(5) Concurrent Preclean 0.031ms
[2024-11-12T15:40:31.959-0800][gc,start    ] GC(5) Pause Remark
[2024-11-12T15:40:31.973-0800][gc          ] GC(5) Pause Remark 146M->146M(1024M) 14.189ms
[2024-11-12T15:40:31.973-0800][gc,cpu      ] GC(5) User=0.02s Sys=0.02s Real=0.02s
[2024-11-12T15:40:31.973-0800][gc,marking  ] GC(5) Concurrent Mark 17.337ms
[2024-11-12T15:40:31.973-0800][gc,marking  ] GC(5) Concurrent Rebuild Remembered Sets
[2024-11-12T15:40:31.983-0800][gc,marking  ] GC(5) Concurrent Rebuild Remembered Sets 9.790ms
[2024-11-12T15:40:31.984-0800][gc,start    ] GC(5) Pause Cleanup
[2024-11-12T15:40:31.984-0800][gc          ] GC(5) Pause Cleanup 146M->146M(1024M) 0.098ms
[2024-11-12T15:40:31.984-0800][gc,cpu      ] GC(5) User=0.00s Sys=0.00s Real=0.00s
[2024-11-12T15:40:31.984-0800][gc,marking  ] GC(5) Concurrent Cleanup for Next Mark
[2024-11-12T15:40:31.987-0800][gc,marking  ] GC(5) Concurrent Cleanup for Next Mark 3.455ms
[2024-11-12T15:40:31.987-0800][gc          ] GC(5) Concurrent Mark Cycle 33.251ms
[2024-11-12T15:41:42.729-0800][gc,start    ] GC(6) Pause Young (Normal) (G1 Evacuation Pause)
[2024-11-12T15:41:42.731-0800][gc,task     ] GC(6) Using 9 workers of 9 for evacuation
[2024-11-12T15:41:42.784-0800][gc,mmu      ] GC(6) MMU target violated: 21.0ms (20.0ms/21.0ms)
[2024-11-12T15:41:42.784-0800][gc,phases   ] GC(6)   Pre Evacuate Collection Set: 1.1ms
[2024-11-12T15:41:42.784-0800][gc,phases   ] GC(6)   Merge Heap Roots: 0.5ms
[2024-11-12T15:41:42.784-0800][gc,phases   ] GC(6)   Evacuate Collection Set: 50.3ms
[2024-11-12T15:41:42.784-0800][gc,phases   ] GC(6)   Post Evacuate Collection Set: 0.8ms
[2024-11-12T15:41:42.784-0800][gc,phases   ] GC(6)   Other: 0.5ms
[2024-11-12T15:41:42.784-0800][gc,heap     ] GC(6) Eden regions: 48->0(47)
[2024-11-12T15:41:42.784-0800][gc,heap     ] GC(6) Survivor regions: 3->4(7)
[2024-11-12T15:41:42.784-0800][gc,heap     ] GC(6) Old regions: 14->14
[2024-11-12T15:41:42.784-0800][gc,heap     ] GC(6) Archive regions: 2->2
[2024-11-12T15:41:42.784-0800][gc,heap     ] GC(6) Humongous regions: 141->129
[2024-11-12T15:41:42.784-0800][gc,metaspace] GC(6) Metaspace: 42235K(42752K)->42235K(42752K) NonClass: 37470K(37760K)->37470K(37760K) Class: 4765K(4992K)->4765K(4992K)
[2024-11-12T15:41:42.784-0800][gc          ] GC(6) Pause Young (Normal) (G1 Evacuation Pause) 205M->147M(1024M) 55.592ms
[2024-11-12T15:41:42.785-0800][gc,cpu      ] GC(6) User=0.04s Sys=0.12s Real=0.06s
