[2024-11-07T20:21:57.554-0800][gc,init] CardTable entry size: 512
[2024-11-07T20:21:57.555-0800][gc     ] Using G1
[2024-11-07T20:21:57.559-0800][gc,init] Version: 19.0.1+10-21 (release)
[2024-11-07T20:21:57.559-0800][gc,init] CPUs: 10 total, 10 available
[2024-11-07T20:21:57.559-0800][gc,init] Memory: 16384M
[2024-11-07T20:21:57.559-0800][gc,init] Large Page Support: Disabled
[2024-11-07T20:21:57.559-0800][gc,init] NUMA Support: Disabled
[2024-11-07T20:21:57.559-0800][gc,init] Compressed Oops: Enabled (Zero based)
[2024-11-07T20:21:57.559-0800][gc,init] Heap Region Size: 1M
[2024-11-07T20:21:57.559-0800][gc,init] Heap Min Capacity: 1G
[2024-11-07T20:21:57.559-0800][gc,init] Heap Initial Capacity: 1G
[2024-11-07T20:21:57.559-0800][gc,init] Heap Max Capacity: 1G
[2024-11-07T20:21:57.559-0800][gc,init] Pre-touch: Disabled
[2024-11-07T20:21:57.559-0800][gc,init] Parallel Workers: 9
[2024-11-07T20:21:57.559-0800][gc,init] Concurrent Workers: 2
[2024-11-07T20:21:57.559-0800][gc,init] Concurrent Refinement Workers: 9
[2024-11-07T20:21:57.559-0800][gc,init] Periodic GC: Disabled
[2024-11-07T20:21:57.559-0800][gc,metaspace] CDS archive(s) mapped at: [0x0000000800000000-0x0000000800c44000-0x0000000800c44000), size 12861440, SharedBaseAddress: 0x0000000800000000, ArchiveRelocationMode: 0.
[2024-11-07T20:21:57.559-0800][gc,metaspace] Compressed class space mapped at: 0x0000000801000000-0x0000000841000000, reserved size: 1073741824
[2024-11-07T20:21:57.559-0800][gc,metaspace] Narrow klass base: 0x0000000800000000, Narrow klass shift: 0, Narrow klass range: 0x100000000
[2024-11-07T20:21:59.056-0800][gc,start    ] GC(0) Pause Young (Normal) (G1 Evacuation Pause)
[2024-11-07T20:21:59.057-0800][gc,task     ] GC(0) Using 9 workers of 9 for evacuation
[2024-11-07T20:21:59.071-0800][gc,phases   ] GC(0)   Pre Evacuate Collection Set: 0.1ms
[2024-11-07T20:21:59.071-0800][gc,phases   ] GC(0)   Merge Heap Roots: 0.1ms
[2024-11-07T20:21:59.071-0800][gc,phases   ] GC(0)   Evacuate Collection Set: 13.4ms
[2024-11-07T20:21:59.071-0800][gc,phases   ] GC(0)   Post Evacuate Collection Set: 0.6ms
[2024-11-07T20:21:59.071-0800][gc,phases   ] GC(0)   Other: 0.6ms
[2024-11-07T20:21:59.072-0800][gc,heap     ] GC(0) Eden regions: 51->0(44)
[2024-11-07T20:21:59.072-0800][gc,heap     ] GC(0) Survivor regions: 0->7(7)
[2024-11-07T20:21:59.072-0800][gc,heap     ] GC(0) Old regions: 0->2
[2024-11-07T20:21:59.072-0800][gc,heap     ] GC(0) Archive regions: 2->2
[2024-11-07T20:21:59.072-0800][gc,heap     ] GC(0) Humongous regions: 0->0
[2024-11-07T20:21:59.072-0800][gc,metaspace] GC(0) Metaspace: 17796K(18048K)->17796K(18048K) NonClass: 15747K(15872K)->15747K(15872K) Class: 2049K(2176K)->2049K(2176K)
[2024-11-07T20:21:59.072-0800][gc          ] GC(0) Pause Young (Normal) (G1 Evacuation Pause) 51M->9M(1024M) 15.096ms
[2024-11-07T20:21:59.072-0800][gc,cpu      ] GC(0) User=0.03s Sys=0.02s Real=0.02s
[2024-11-07T20:21:59.350-0800][gc,start    ] GC(1) Pause Young (Concurrent Start) (Metadata GC Threshold)
[2024-11-07T20:21:59.350-0800][gc,task     ] GC(1) Using 9 workers of 9 for evacuation
[2024-11-07T20:21:59.359-0800][gc,phases   ] GC(1)   Pre Evacuate Collection Set: 0.3ms
[2024-11-07T20:21:59.359-0800][gc,phases   ] GC(1)   Merge Heap Roots: 0.1ms
[2024-11-07T20:21:59.359-0800][gc,phases   ] GC(1)   Evacuate Collection Set: 8.0ms
[2024-11-07T20:21:59.359-0800][gc,phases   ] GC(1)   Post Evacuate Collection Set: 0.2ms
[2024-11-07T20:21:59.359-0800][gc,phases   ] GC(1)   Other: 0.1ms
[2024-11-07T20:21:59.359-0800][gc,heap     ] GC(1) Eden regions: 14->0(50)
[2024-11-07T20:21:59.359-0800][gc,heap     ] GC(1) Survivor regions: 7->1(7)
[2024-11-07T20:21:59.359-0800][gc,heap     ] GC(1) Old regions: 2->8
[2024-11-07T20:21:59.359-0800][gc,heap     ] GC(1) Archive regions: 2->2
[2024-11-07T20:21:59.359-0800][gc,heap     ] GC(1) Humongous regions: 0->0
[2024-11-07T20:21:59.359-0800][gc,metaspace] GC(1) Metaspace: 21291K(21504K)->21291K(21504K) NonClass: 18820K(18944K)->18820K(18944K) Class: 2471K(2560K)->2471K(2560K)
[2024-11-07T20:21:59.359-0800][gc          ] GC(1) Pause Young (Concurrent Start) (Metadata GC Threshold) 23M->9M(1024M) 8.870ms
[2024-11-07T20:21:59.359-0800][gc,cpu      ] GC(1) User=0.02s Sys=0.01s Real=0.00s
[2024-11-07T20:21:59.359-0800][gc          ] GC(2) Concurrent Mark Cycle
[2024-11-07T20:21:59.359-0800][gc,marking  ] GC(2) Concurrent Clear Claimed Marks
[2024-11-07T20:21:59.359-0800][gc,marking  ] GC(2) Concurrent Clear Claimed Marks 0.014ms
[2024-11-07T20:21:59.359-0800][gc,marking  ] GC(2) Concurrent Scan Root Regions
[2024-11-07T20:21:59.361-0800][gc,marking  ] GC(2) Concurrent Scan Root Regions 1.732ms
[2024-11-07T20:21:59.363-0800][gc,marking  ] GC(2) Concurrent Mark
[2024-11-07T20:21:59.363-0800][gc,marking  ] GC(2) Concurrent Mark From Roots
[2024-11-07T20:21:59.363-0800][gc,task     ] GC(2) Using 2 workers of 2 for marking
[2024-11-07T20:21:59.369-0800][gc,marking  ] GC(2) Concurrent Mark From Roots 6.174ms
[2024-11-07T20:21:59.369-0800][gc,marking  ] GC(2) Concurrent Preclean
[2024-11-07T20:21:59.369-0800][gc,marking  ] GC(2) Concurrent Preclean 0.024ms
[2024-11-07T20:21:59.369-0800][gc,start    ] GC(2) Pause Remark
[2024-11-07T20:21:59.378-0800][gc          ] GC(2) Pause Remark 10M->10M(1024M) 8.830ms
[2024-11-07T20:21:59.378-0800][gc,cpu      ] GC(2) User=0.01s Sys=0.01s Real=0.01s
[2024-11-07T20:21:59.378-0800][gc,marking  ] GC(2) Concurrent Mark 15.883ms
[2024-11-07T20:21:59.378-0800][gc,marking  ] GC(2) Concurrent Rebuild Remembered Sets
[2024-11-07T20:21:59.378-0800][gc,marking  ] GC(2) Concurrent Rebuild Remembered Sets 0.006ms
[2024-11-07T20:21:59.380-0800][gc,start    ] GC(2) Pause Cleanup
[2024-11-07T20:21:59.380-0800][gc          ] GC(2) Pause Cleanup 10M->10M(1024M) 0.023ms
[2024-11-07T20:21:59.380-0800][gc,cpu      ] GC(2) User=0.00s Sys=0.00s Real=0.00s
[2024-11-07T20:21:59.380-0800][gc,marking  ] GC(2) Concurrent Cleanup for Next Mark
[2024-11-07T20:21:59.384-0800][gc,marking  ] GC(2) Concurrent Cleanup for Next Mark 4.701ms
[2024-11-07T20:21:59.384-0800][gc          ] GC(2) Concurrent Mark Cycle 25.230ms
[2024-11-07T20:22:00.155-0800][gc,start    ] GC(3) Pause Young (Normal) (G1 Evacuation Pause)
[2024-11-07T20:22:00.155-0800][gc,task     ] GC(3) Using 9 workers of 9 for evacuation
[2024-11-07T20:22:00.159-0800][gc,phases   ] GC(3)   Pre Evacuate Collection Set: 0.2ms
[2024-11-07T20:22:00.159-0800][gc,phases   ] GC(3)   Merge Heap Roots: 0.1ms
[2024-11-07T20:22:00.159-0800][gc,phases   ] GC(3)   Evacuate Collection Set: 3.4ms
[2024-11-07T20:22:00.159-0800][gc,phases   ] GC(3)   Post Evacuate Collection Set: 0.4ms
[2024-11-07T20:22:00.159-0800][gc,phases   ] GC(3)   Other: 0.1ms
[2024-11-07T20:22:00.159-0800][gc,heap     ] GC(3) Eden regions: 50->0(45)
[2024-11-07T20:22:00.159-0800][gc,heap     ] GC(3) Survivor regions: 1->6(7)
[2024-11-07T20:22:00.159-0800][gc,heap     ] GC(3) Old regions: 8->8
[2024-11-07T20:22:00.159-0800][gc,heap     ] GC(3) Archive regions: 2->2
[2024-11-07T20:22:00.159-0800][gc,heap     ] GC(3) Humongous regions: 129->129
[2024-11-07T20:22:00.159-0800][gc,metaspace] GC(3) Metaspace: 33007K(33344K)->33007K(33344K) NonClass: 29483K(29632K)->29483K(29632K) Class: 3524K(3712K)->3524K(3712K)
[2024-11-07T20:22:00.160-0800][gc          ] GC(3) Pause Young (Normal) (G1 Evacuation Pause) 188M->143M(1024M) 4.290ms
[2024-11-07T20:22:00.160-0800][gc,cpu      ] GC(3) User=0.02s Sys=0.00s Real=0.01s
[2024-11-07T20:22:00.353-0800][gc,start    ] GC(4) Pause Young (Concurrent Start) (Metadata GC Threshold)
[2024-11-07T20:22:00.353-0800][gc,task     ] GC(4) Using 9 workers of 9 for evacuation
[2024-11-07T20:22:00.357-0800][gc,phases   ] GC(4)   Pre Evacuate Collection Set: 0.2ms
[2024-11-07T20:22:00.357-0800][gc,phases   ] GC(4)   Merge Heap Roots: 0.1ms
[2024-11-07T20:22:00.357-0800][gc,phases   ] GC(4)   Evacuate Collection Set: 2.9ms
[2024-11-07T20:22:00.357-0800][gc,phases   ] GC(4)   Post Evacuate Collection Set: 0.3ms
[2024-11-07T20:22:00.357-0800][gc,phases   ] GC(4)   Other: 0.0ms
[2024-11-07T20:22:00.357-0800][gc,heap     ] GC(4) Eden regions: 12->0(49)
[2024-11-07T20:22:00.357-0800][gc,heap     ] GC(4) Survivor regions: 6->2(7)
[2024-11-07T20:22:00.357-0800][gc,heap     ] GC(4) Old regions: 8->14
[2024-11-07T20:22:00.357-0800][gc,heap     ] GC(4) Archive regions: 2->2
[2024-11-07T20:22:00.357-0800][gc,heap     ] GC(4) Humongous regions: 129->129
[2024-11-07T20:22:00.357-0800][gc,metaspace] GC(4) Metaspace: 35717K(35968K)->35717K(35968K) NonClass: 31945K(32064K)->31945K(32064K) Class: 3772K(3904K)->3772K(3904K)
[2024-11-07T20:22:00.357-0800][gc          ] GC(4) Pause Young (Concurrent Start) (Metadata GC Threshold) 155M->144M(1024M) 3.670ms
[2024-11-07T20:22:00.357-0800][gc,cpu      ] GC(4) User=0.01s Sys=0.01s Real=0.00s
[2024-11-07T20:22:00.357-0800][gc          ] GC(5) Concurrent Mark Cycle
[2024-11-07T20:22:00.357-0800][gc,marking  ] GC(5) Concurrent Clear Claimed Marks
[2024-11-07T20:22:00.357-0800][gc,marking  ] GC(5) Concurrent Clear Claimed Marks 0.014ms
[2024-11-07T20:22:00.357-0800][gc,marking  ] GC(5) Concurrent Scan Root Regions
[2024-11-07T20:22:00.359-0800][gc,marking  ] GC(5) Concurrent Scan Root Regions 1.849ms
[2024-11-07T20:22:00.359-0800][gc,marking  ] GC(5) Concurrent Mark
[2024-11-07T20:22:00.359-0800][gc,marking  ] GC(5) Concurrent Mark From Roots
[2024-11-07T20:22:00.359-0800][gc,task     ] GC(5) Using 2 workers of 2 for marking
[2024-11-07T20:22:00.362-0800][gc,marking  ] GC(5) Concurrent Mark From Roots 3.352ms
[2024-11-07T20:22:00.362-0800][gc,marking  ] GC(5) Concurrent Preclean
[2024-11-07T20:22:00.362-0800][gc,marking  ] GC(5) Concurrent Preclean 0.042ms
[2024-11-07T20:22:00.363-0800][gc,start    ] GC(5) Pause Remark
[2024-11-07T20:22:00.373-0800][gc          ] GC(5) Pause Remark 145M->145M(1024M) 10.457ms
[2024-11-07T20:22:00.373-0800][gc,cpu      ] GC(5) User=0.01s Sys=0.02s Real=0.01s
[2024-11-07T20:22:00.373-0800][gc,marking  ] GC(5) Concurrent Mark 14.152ms
[2024-11-07T20:22:00.373-0800][gc,marking  ] GC(5) Concurrent Rebuild Remembered Sets
[2024-11-07T20:22:00.383-0800][gc,marking  ] GC(5) Concurrent Rebuild Remembered Sets 9.855ms
[2024-11-07T20:22:00.383-0800][gc,start    ] GC(5) Pause Cleanup
[2024-11-07T20:22:00.383-0800][gc          ] GC(5) Pause Cleanup 145M->145M(1024M) 0.109ms
[2024-11-07T20:22:00.383-0800][gc,cpu      ] GC(5) User=0.00s Sys=0.00s Real=0.00s
[2024-11-07T20:22:00.383-0800][gc,marking  ] GC(5) Concurrent Cleanup for Next Mark
[2024-11-07T20:22:00.387-0800][gc,marking  ] GC(5) Concurrent Cleanup for Next Mark 3.081ms
[2024-11-07T20:22:00.387-0800][gc          ] GC(5) Concurrent Mark Cycle 29.465ms
[2024-11-07T20:25:49.407-0800][gc,start    ] GC(6) Pause Young (Normal) (G1 Evacuation Pause)
[2024-11-07T20:25:49.408-0800][gc,task     ] GC(6) Using 9 workers of 9 for evacuation
[2024-11-07T20:25:49.471-0800][gc,mmu      ] GC(6) MMU target violated: 21.0ms (20.0ms/21.0ms)
[2024-11-07T20:25:49.471-0800][gc,phases   ] GC(6)   Pre Evacuate Collection Set: 0.9ms
[2024-11-07T20:25:49.471-0800][gc,phases   ] GC(6)   Merge Heap Roots: 0.5ms
[2024-11-07T20:25:49.471-0800][gc,phases   ] GC(6)   Evacuate Collection Set: 60.0ms
[2024-11-07T20:25:49.471-0800][gc,phases   ] GC(6)   Post Evacuate Collection Set: 1.1ms
[2024-11-07T20:25:49.471-0800][gc,phases   ] GC(6)   Other: 0.5ms
[2024-11-07T20:25:49.471-0800][gc,heap     ] GC(6) Eden regions: 49->0(46)
[2024-11-07T20:25:49.471-0800][gc,heap     ] GC(6) Survivor regions: 2->5(7)
[2024-11-07T20:25:49.471-0800][gc,heap     ] GC(6) Old regions: 14->14
[2024-11-07T20:25:49.471-0800][gc,heap     ] GC(6) Archive regions: 2->2
[2024-11-07T20:25:49.471-0800][gc,heap     ] GC(6) Humongous regions: 129->129
[2024-11-07T20:25:49.471-0800][gc,metaspace] GC(6) Metaspace: 42744K(43392K)->42744K(43392K) NonClass: 37984K(38336K)->37984K(38336K) Class: 4759K(5056K)->4759K(5056K)
[2024-11-07T20:25:49.471-0800][gc          ] GC(6) Pause Young (Normal) (G1 Evacuation Pause) 193M->148M(1024M) 64.253ms
[2024-11-07T20:25:49.471-0800][gc,cpu      ] GC(6) User=0.06s Sys=0.14s Real=0.07s
[2024-11-07T20:30:38.760-0800][gc,start    ] GC(7) Pause Young (Normal) (G1 Evacuation Pause)
[2024-11-07T20:30:38.761-0800][gc,task     ] GC(7) Using 9 workers of 9 for evacuation
[2024-11-07T20:30:38.808-0800][gc,mmu      ] GC(7) MMU target violated: 21.0ms (20.0ms/21.0ms)
[2024-11-07T20:30:38.808-0800][gc,phases   ] GC(7)   Pre Evacuate Collection Set: 1.2ms
[2024-11-07T20:30:38.808-0800][gc,phases   ] GC(7)   Merge Heap Roots: 0.7ms
[2024-11-07T20:30:38.808-0800][gc,phases   ] GC(7)   Evacuate Collection Set: 44.3ms
[2024-11-07T20:30:38.808-0800][gc,phases   ] GC(7)   Post Evacuate Collection Set: 0.7ms
[2024-11-07T20:30:38.808-0800][gc,phases   ] GC(7)   Other: 0.6ms
[2024-11-07T20:30:38.808-0800][gc,heap     ] GC(7) Eden regions: 46->0(48)
[2024-11-07T20:30:38.808-0800][gc,heap     ] GC(7) Survivor regions: 5->3(7)
[2024-11-07T20:30:38.808-0800][gc,heap     ] GC(7) Old regions: 14->17
[2024-11-07T20:30:38.808-0800][gc,heap     ] GC(7) Archive regions: 2->2
[2024-11-07T20:30:38.808-0800][gc,heap     ] GC(7) Humongous regions: 129->129
[2024-11-07T20:30:38.808-0800][gc,metaspace] GC(7) Metaspace: 42993K(43584K)->42993K(43584K) NonClass: 38223K(38528K)->38223K(38528K) Class: 4770K(5056K)->4770K(5056K)
[2024-11-07T20:30:38.808-0800][gc          ] GC(7) Pause Young (Normal) (G1 Evacuation Pause) 194M->148M(1024M) 48.408ms
[2024-11-07T20:30:38.808-0800][gc,cpu      ] GC(7) User=0.07s Sys=0.06s Real=0.04s
[2024-11-07T20:36:17.029-0800][gc,start    ] GC(8) Pause Young (Normal) (G1 Evacuation Pause)
[2024-11-07T20:36:17.029-0800][gc,task     ] GC(8) Using 9 workers of 9 for evacuation
[2024-11-07T20:36:17.048-0800][gc,phases   ] GC(8)   Pre Evacuate Collection Set: 1.0ms
[2024-11-07T20:36:17.049-0800][gc,phases   ] GC(8)   Merge Heap Roots: 1.1ms
[2024-11-07T20:36:17.049-0800][gc,phases   ] GC(8)   Evacuate Collection Set: 16.2ms
[2024-11-07T20:36:17.049-0800][gc,phases   ] GC(8)   Post Evacuate Collection Set: 1.0ms
[2024-11-07T20:36:17.049-0800][gc,phases   ] GC(8)   Other: 0.4ms
[2024-11-07T20:36:17.049-0800][gc,heap     ] GC(8) Eden regions: 48->0(45)
[2024-11-07T20:36:17.049-0800][gc,heap     ] GC(8) Survivor regions: 3->6(7)
[2024-11-07T20:36:17.049-0800][gc,heap     ] GC(8) Old regions: 17->17
[2024-11-07T20:36:17.049-0800][gc,heap     ] GC(8) Archive regions: 2->2
[2024-11-07T20:36:17.049-0800][gc,heap     ] GC(8) Humongous regions: 129->129
[2024-11-07T20:36:17.049-0800][gc,metaspace] GC(8) Metaspace: 43147K(43840K)->43147K(43840K) NonClass: 38353K(38720K)->38353K(38720K) Class: 4794K(5120K)->4794K(5120K)
[2024-11-07T20:36:17.049-0800][gc          ] GC(8) Pause Young (Normal) (G1 Evacuation Pause) 196M->151M(1024M) 20.071ms
[2024-11-07T20:36:17.049-0800][gc,cpu      ] GC(8) User=0.03s Sys=0.01s Real=0.02s
[2024-11-07T20:41:57.032-0800][gc,start    ] GC(9) Pause Young (Normal) (G1 Evacuation Pause)
[2024-11-07T20:41:57.033-0800][gc,task     ] GC(9) Using 9 workers of 9 for evacuation
[2024-11-07T20:41:57.068-0800][gc,mmu      ] GC(9) MMU target violated: 21.0ms (20.0ms/21.0ms)
[2024-11-07T20:41:57.068-0800][gc,phases   ] GC(9)   Pre Evacuate Collection Set: 1.5ms
[2024-11-07T20:41:57.068-0800][gc,phases   ] GC(9)   Merge Heap Roots: 0.3ms
[2024-11-07T20:41:57.068-0800][gc,phases   ] GC(9)   Evacuate Collection Set: 30.5ms
[2024-11-07T20:41:57.068-0800][gc,phases   ] GC(9)   Post Evacuate Collection Set: 1.1ms
[2024-11-07T20:41:57.068-0800][gc,phases   ] GC(9)   Other: 1.4ms
[2024-11-07T20:41:57.068-0800][gc,heap     ] GC(9) Eden regions: 45->0(44)
[2024-11-07T20:41:57.068-0800][gc,heap     ] GC(9) Survivor regions: 6->7(7)
[2024-11-07T20:41:57.068-0800][gc,heap     ] GC(9) Old regions: 17->19
[2024-11-07T20:41:57.068-0800][gc,heap     ] GC(9) Archive regions: 2->2
[2024-11-07T20:41:57.068-0800][gc,heap     ] GC(9) Humongous regions: 129->129
[2024-11-07T20:41:57.068-0800][gc,metaspace] GC(9) Metaspace: 43267K(43968K)->43267K(43968K) NonClass: 38472K(38848K)->38472K(38848K) Class: 4794K(5120K)->4794K(5120K)
[2024-11-07T20:41:57.068-0800][gc          ] GC(9) Pause Young (Normal) (G1 Evacuation Pause) 196M->154M(1024M) 37.226ms
[2024-11-07T20:41:57.068-0800][gc,cpu      ] GC(9) User=0.06s Sys=0.08s Real=0.03s
[2024-11-07T20:47:36.494-0800][gc,start    ] GC(10) Pause Young (Normal) (G1 Evacuation Pause)
[2024-11-07T20:47:36.495-0800][gc,task     ] GC(10) Using 9 workers of 9 for evacuation
[2024-11-07T20:47:36.529-0800][gc,mmu      ] GC(10) MMU target violated: 21.0ms (20.0ms/21.0ms)
[2024-11-07T20:47:36.529-0800][gc,phases   ] GC(10)   Pre Evacuate Collection Set: 1.1ms
[2024-11-07T20:47:36.529-0800][gc,phases   ] GC(10)   Merge Heap Roots: 0.4ms
[2024-11-07T20:47:36.529-0800][gc,phases   ] GC(10)   Evacuate Collection Set: 30.9ms
[2024-11-07T20:47:36.529-0800][gc,phases   ] GC(10)   Post Evacuate Collection Set: 0.5ms
[2024-11-07T20:47:36.529-0800][gc,phases   ] GC(10)   Other: 0.6ms
[2024-11-07T20:47:36.529-0800][gc,heap     ] GC(10) Eden regions: 44->0(44)
[2024-11-07T20:47:36.529-0800][gc,heap     ] GC(10) Survivor regions: 7->7(7)
[2024-11-07T20:47:36.529-0800][gc,heap     ] GC(10) Old regions: 19->22
[2024-11-07T20:47:36.529-0800][gc,heap     ] GC(10) Archive regions: 2->2
[2024-11-07T20:47:36.529-0800][gc,heap     ] GC(10) Humongous regions: 129->129
[2024-11-07T20:47:36.529-0800][gc,metaspace] GC(10) Metaspace: 43297K(43968K)->43297K(43968K) NonClass: 38502K(38848K)->38502K(38848K) Class: 4795K(5120K)->4795K(5120K)
[2024-11-07T20:47:36.529-0800][gc          ] GC(10) Pause Young (Normal) (G1 Evacuation Pause) 198M->158M(1024M) 34.475ms
[2024-11-07T20:47:36.529-0800][gc,cpu      ] GC(10) User=0.06s Sys=0.07s Real=0.03s
[2024-11-07T20:52:44.795-0800][gc,start    ] GC(11) Pause Young (Normal) (G1 Evacuation Pause)
[2024-11-07T20:52:44.799-0800][gc,task     ] GC(11) Using 9 workers of 9 for evacuation
[2024-11-07T20:52:44.840-0800][gc,mmu      ] GC(11) MMU target violated: 21.0ms (20.0ms/21.0ms)
[2024-11-07T20:52:44.840-0800][gc,phases   ] GC(11)   Pre Evacuate Collection Set: 1.2ms
[2024-11-07T20:52:44.840-0800][gc,phases   ] GC(11)   Merge Heap Roots: 0.6ms
[2024-11-07T20:52:44.840-0800][gc,phases   ] GC(11)   Evacuate Collection Set: 37.7ms
[2024-11-07T20:52:44.840-0800][gc,phases   ] GC(11)   Post Evacuate Collection Set: 0.8ms
[2024-11-07T20:52:44.840-0800][gc,phases   ] GC(11)   Other: 0.7ms
[2024-11-07T20:52:44.840-0800][gc,heap     ] GC(11) Eden regions: 44->0(44)
[2024-11-07T20:52:44.840-0800][gc,heap     ] GC(11) Survivor regions: 7->7(7)
[2024-11-07T20:52:44.840-0800][gc,heap     ] GC(11) Old regions: 22->25
[2024-11-07T20:52:44.840-0800][gc,heap     ] GC(11) Archive regions: 2->2
[2024-11-07T20:52:44.840-0800][gc,heap     ] GC(11) Humongous regions: 129->129
[2024-11-07T20:52:44.840-0800][gc,metaspace] GC(11) Metaspace: 43705K(44352K)->43705K(44352K) NonClass: 38842K(39168K)->38842K(39168K) Class: 4862K(5184K)->4862K(5184K)
[2024-11-07T20:52:44.840-0800][gc          ] GC(11) Pause Young (Normal) (G1 Evacuation Pause) 202M->161M(1024M) 45.112ms
[2024-11-07T20:52:44.840-0800][gc,cpu      ] GC(11) User=0.08s Sys=0.09s Real=0.05s
[2024-11-07T20:52:57.568-0800][gc,heap,exit] Heap
[2024-11-07T20:52:57.568-0800][gc,heap,exit]  garbage-first heap   total 1048576K, used 176007K [0x00000007c0000000, 0x0000000800000000)
[2024-11-07T20:52:57.568-0800][gc,heap,exit]   region size 1024K, 18 young (18432K), 7 survivors (7168K)
[2024-11-07T20:52:57.568-0800][gc,heap,exit]  Metaspace       used 44512K, committed 45120K, reserved 1114112K
[2024-11-07T20:52:57.568-0800][gc,heap,exit]   class space    used 5022K, committed 5312K, reserved 1048576K
