[2024-11-07T20:22:55.824-0800][gc,init] CardTable entry size: 512
[2024-11-07T20:22:55.824-0800][gc     ] Using G1
[2024-11-07T20:22:55.828-0800][gc,init] Version: 19.0.1+10-21 (release)
[2024-11-07T20:22:55.828-0800][gc,init] CPUs: 10 total, 10 available
[2024-11-07T20:22:55.828-0800][gc,init] Memory: 16384M
[2024-11-07T20:22:55.828-0800][gc,init] Large Page Support: Disabled
[2024-11-07T20:22:55.828-0800][gc,init] NUMA Support: Disabled
[2024-11-07T20:22:55.828-0800][gc,init] Compressed Oops: Enabled (Zero based)
[2024-11-07T20:22:55.828-0800][gc,init] Heap Region Size: 1M
[2024-11-07T20:22:55.828-0800][gc,init] Heap Min Capacity: 1G
[2024-11-07T20:22:55.828-0800][gc,init] Heap Initial Capacity: 1G
[2024-11-07T20:22:55.828-0800][gc,init] Heap Max Capacity: 1G
[2024-11-07T20:22:55.828-0800][gc,init] Pre-touch: Disabled
[2024-11-07T20:22:55.828-0800][gc,init] Parallel Workers: 9
[2024-11-07T20:22:55.828-0800][gc,init] Concurrent Workers: 2
[2024-11-07T20:22:55.828-0800][gc,init] Concurrent Refinement Workers: 9
[2024-11-07T20:22:55.828-0800][gc,init] Periodic GC: Disabled
[2024-11-07T20:22:55.829-0800][gc,metaspace] CDS archive(s) mapped at: [0x0000000800000000-0x0000000800c44000-0x0000000800c44000), size 12861440, SharedBaseAddress: 0x0000000800000000, ArchiveRelocationMode: 0.
[2024-11-07T20:22:55.829-0800][gc,metaspace] Compressed class space mapped at: 0x0000000801000000-0x0000000841000000, reserved size: 1073741824
[2024-11-07T20:22:55.829-0800][gc,metaspace] Narrow klass base: 0x0000000800000000, Narrow klass shift: 0, Narrow klass range: 0x100000000
[2024-11-07T20:22:57.272-0800][gc,start    ] GC(0) Pause Young (Normal) (G1 Evacuation Pause)
[2024-11-07T20:22:57.272-0800][gc,task     ] GC(0) Using 9 workers of 9 for evacuation
[2024-11-07T20:22:57.286-0800][gc,phases   ] GC(0)   Pre Evacuate Collection Set: 0.2ms
[2024-11-07T20:22:57.286-0800][gc,phases   ] GC(0)   Merge Heap Roots: 0.1ms
[2024-11-07T20:22:57.286-0800][gc,phases   ] GC(0)   Evacuate Collection Set: 12.9ms
[2024-11-07T20:22:57.286-0800][gc,phases   ] GC(0)   Post Evacuate Collection Set: 0.5ms
[2024-11-07T20:22:57.286-0800][gc,phases   ] GC(0)   Other: 0.5ms
[2024-11-07T20:22:57.286-0800][gc,heap     ] GC(0) Eden regions: 51->0(44)
[2024-11-07T20:22:57.286-0800][gc,heap     ] GC(0) Survivor regions: 0->7(7)
[2024-11-07T20:22:57.286-0800][gc,heap     ] GC(0) Old regions: 0->2
[2024-11-07T20:22:57.286-0800][gc,heap     ] GC(0) Archive regions: 2->2
[2024-11-07T20:22:57.286-0800][gc,heap     ] GC(0) Humongous regions: 0->0
[2024-11-07T20:22:57.286-0800][gc,metaspace] GC(0) Metaspace: 18008K(18240K)->18008K(18240K) NonClass: 15924K(16064K)->15924K(16064K) Class: 2083K(2176K)->2083K(2176K)
[2024-11-07T20:22:57.286-0800][gc          ] GC(0) Pause Young (Normal) (G1 Evacuation Pause) 51M->9M(1024M) 14.445ms
[2024-11-07T20:22:57.286-0800][gc,cpu      ] GC(0) User=0.03s Sys=0.02s Real=0.01s
[2024-11-07T20:22:57.501-0800][gc,heap,exit] Heap
[2024-11-07T20:22:57.501-0800][gc,heap,exit]  garbage-first heap   total 1048576K, used 16564K [0x00000007c0000000, 0x0000000800000000)
[2024-11-07T20:22:57.501-0800][gc,heap,exit]   region size 1024K, 14 young (14336K), 7 survivors (7168K)
[2024-11-07T20:22:57.501-0800][gc,heap,exit]  Metaspace       used 19612K, committed 19840K, reserved 1114112K
[2024-11-07T20:22:57.501-0800][gc,heap,exit]   class space    used 2275K, committed 2368K, reserved 1048576K
